#
# There is insufficient memory for the Java Runtime Environment to continue.
# Native memory allocation (malloc) failed to allocate 1274784 bytes. Error detail: Chunk::new
# Possible reasons:
#   The system is out of physical RAM or swap space
#   This process is running with CompressedOops enabled, and the Java Heap may be blocking the growth of the native heap
# Possible solutions:
#   Reduce memory load on the system
#   Increase physical memory or swap space
#   Check if swap backing store is full
#   Decrease Java heap size (-Xmx/-Xms)
#   Decrease number of Java threads
#   Decrease Java thread stack sizes (-Xss)
#   Set larger code cache with -XX:ReservedCodeCacheSize=
#   JVM is running with Zero Based Compressed Oops mode in which the Java heap is
#     placed in the first 32GB address space. The Java Heap base address is the
#     maximum limit for the native heap growth. Please use -XX:HeapBaseMinAddress
#     to set the Java Heap base and to place the Java Heap above 32GB virtual address.
# This output file may be truncated or incomplete.
#
#  Out of Memory Error (arena.cpp:191), pid=6196, tid=17492
#
# JRE version: OpenJDK Runtime Environment Microsoft-13106358 (17.0.18+8) (build 17.0.18+8-LTS)
# Java VM: OpenJDK 64-Bit Server VM Microsoft-13106358 (17.0.18+8-LTS, mixed mode, sharing, tiered, compressed oops, compressed class ptrs, g1 gc, windows-amd64)
# No core dump will be written. Minidumps are not enabled by default on client versions of Windows
#

---------------  S U M M A R Y ------------

Command Line: org.jetbrains.kotlin.cli.jvm.K2JVMCompiler @D:\DelPart\delivery_partner_frontend\node_modules\@react-native\gradle-plugin\react-native-gradle-plugin\build\20260825_3531489210733471587.compiler.options

Host: 11th Gen Intel(R) Core(TM) i5-1135G7 @ 2.40GHz, 8 cores, 15G,  Windows 11 , 64 bit Build 26100 (10.0.26100.9168)
Time: Tue Aug 25 10:50:31 2026 India Standard Time elapsed time: 7.604697 seconds (0d 0h 0m 7s)

---------------  T H R E A D  ---------------

Current thread (0x000001bffc18e1e0):  JavaThread "C2 CompilerThread0" daemon [_thread_in_native, id=17492, stack(0x00000035d6400000,0x00000035d6500000)]


Current CompileTask:
C2:7604 7961       4       org.jetbrains.kotlin.fir.declarations.DeprecationUtilsKt::extractDeprecationAnnotationInfoPerUseSite (1240 bytes)

Stack: [0x00000035d6400000,0x00000035d6500000]
Native frames: (J=compiled Java code, j=interpreted, Vv=VM code, C=native code)
V  [jvm.dll+0x68c879]  (no source info available)
V  [jvm.dll+0x845979]  (no source info available)
V  [jvm.dll+0x8476e8]  (no source info available)
V  [jvm.dll+0x847d73]  (no source info available)
V  [jvm.dll+0x24cf6f]  (no source info available)
V  [jvm.dll+0xaecb6]  (no source info available)
V  [jvm.dll+0xaf35c]  (no source info available)
V  [jvm.dll+0x37174e]  (no source info available)
V  [jvm.dll+0x1c0703]  (no source info available)
V  [jvm.dll+0x21e080]  (no source info available)
V  [jvm.dll+0x21d36d]  (no source info available)
V  [jvm.dll+0x1a8ce6]  (no source info available)
V  [jvm.dll+0x22db1b]  (no source info available)
V  [jvm.dll+0x22bca6]  (no source info available)
V  [jvm.dll+0x7fbabb]  (no source info available)
V  [jvm.dll+0x7f5ebc]  (no source info available)
V  [jvm.dll+0x68de17]  (no source info available)
C  [ucrtbase.dll+0x2cd30]  (no source info available)
C  [KERNEL32.DLL+0x2ccb7]  (no source info available)
C  [ntdll.dll+0xaad6c]  (no source info available)


---------------  P R O C E S S  ---------------

Threads class SMR info:
_java_thread_list=0x000001c00904ea20, length=13, elements={
0x000001bfd9c6caf0, 0x000001bffc16d420, 0x000001bffc16dcf0, 0x000001bffc183b30,
0x000001bffc184400, 0x000001bffc185ce0, 0x000001bffc1885c0, 0x000001bffc18e1e0,
0x000001bffc19af20, 0x000001bffc1b0d50, 0x000001bffc9d9290, 0x000001bffc9dba20,
0x000001c00923cd50
}

Java Threads: ( => current thread )
  0x000001bfd9c6caf0 JavaThread "main" [_thread_in_Java, id=9520, stack(0x00000035d5700000,0x00000035d5800000)]
  0x000001bffc16d420 JavaThread "Reference Handler" daemon [_thread_blocked, id=20800, stack(0x00000035d5e00000,0x00000035d5f00000)]
  0x000001bffc16dcf0 JavaThread "Finalizer" daemon [_thread_blocked, id=352, stack(0x00000035d5f00000,0x00000035d6000000)]
  0x000001bffc183b30 JavaThread "Signal Dispatcher" daemon [_thread_blocked, id=2084, stack(0x00000035d6000000,0x00000035d6100000)]
  0x000001bffc184400 JavaThread "Attach Listener" daemon [_thread_blocked, id=20812, stack(0x00000035d6100000,0x00000035d6200000)]
  0x000001bffc185ce0 JavaThread "Service Thread" daemon [_thread_blocked, id=17488, stack(0x00000035d6200000,0x00000035d6300000)]
  0x000001bffc1885c0 JavaThread "Monitor Deflation Thread" daemon [_thread_blocked, id=18220, stack(0x00000035d6300000,0x00000035d6400000)]
=>0x000001bffc18e1e0 JavaThread "C2 CompilerThread0" daemon [_thread_in_native, id=17492, stack(0x00000035d6400000,0x00000035d6500000)]
  0x000001bffc19af20 JavaThread "C1 CompilerThread0" daemon [_thread_in_native, id=22000, stack(0x00000035d6500000,0x00000035d6600000)]
  0x000001bffc1b0d50 JavaThread "Sweeper thread" daemon [_thread_blocked, id=19536, stack(0x00000035d6600000,0x00000035d6700000)]
  0x000001bffc9d9290 JavaThread "Notification Thread" daemon [_thread_blocked, id=21172, stack(0x00000035d6700000,0x00000035d6800000)]
  0x000001bffc9dba20 JavaThread "Common-Cleaner" daemon [_thread_blocked, id=3524, stack(0x00000035d6900000,0x00000035d6a00000)]
  0x000001c00923cd50 JavaThread "C2 CompilerThread1" daemon [_thread_in_native, id=17312, stack(0x00000035d6a00000,0x00000035d6b00000)]

Other Threads:
  0x000001bffc1680c0 VMThread "VM Thread" [stack: 0x00000035d5d00000,0x00000035d5e00000] [id=3272]
  0x000001bffc9d9770 WatcherThread [stack: 0x00000035d6800000,0x00000035d6900000] [id=20508]
  0x000001bfd9cd89f0 GCTaskThread "GC Thread#0" [stack: 0x00000035d5800000,0x00000035d5900000] [id=20092]
  0x000001bffcf30020 GCTaskThread "GC Thread#1" [stack: 0x00000035d6b00000,0x00000035d6c00000] [id=19596]
  0x000001bffcf302f0 GCTaskThread "GC Thread#2" [stack: 0x00000035d6c00000,0x00000035d6d00000] [id=16852]
  0x000001bffcefda20 GCTaskThread "GC Thread#3" [stack: 0x00000035d6d00000,0x00000035d6e00000] [id=22516]
  0x000001bffcf360a0 GCTaskThread "GC Thread#4" [stack: 0x00000035d6e00000,0x00000035d6f00000] [id=11748]
  0x000001bffcf34a20 GCTaskThread "GC Thread#5" [stack: 0x00000035d6f00000,0x00000035d7000000] [id=14744]
  0x000001bffcf34750 GCTaskThread "GC Thread#6" [stack: 0x00000035d7000000,0x00000035d7100000] [id=18412]
  0x000001bffcf35dd0 GCTaskThread "GC Thread#7" [stack: 0x00000035d7100000,0x00000035d7200000] [id=22224]
  0x000001bfd9ce8df0 ConcurrentGCThread "G1 Main Marker" [stack: 0x00000035d5900000,0x00000035d5a00000] [id=9064]
  0x000001bfd9ce9620 ConcurrentGCThread "G1 Conc#0" [stack: 0x00000035d5a00000,0x00000035d5b00000] [id=7184]
  0x000001c009231cd0 ConcurrentGCThread "G1 Conc#1" [stack: 0x00000035d7400000,0x00000035d7500000] [id=23344]
  0x000001bffc0a7eb0 ConcurrentGCThread "G1 Refine#0" [stack: 0x00000035d5b00000,0x00000035d5c00000] [id=20748]
  0x000001c0084d4290 ConcurrentGCThread "G1 Refine#1" [stack: 0x00000035d7200000,0x00000035d7300000] [id=22240]
  0x000001c0084d4990 ConcurrentGCThread "G1 Refine#2" [stack: 0x00000035d7300000,0x00000035d7400000] [id=9236]
  0x000001c0089b63e0 ConcurrentGCThread "G1 Refine#3" [stack: 0x00000035d7500000,0x00000035d7600000] [id=23372]
  0x000001c0089a6ad0 ConcurrentGCThread "G1 Refine#4" [stack: 0x00000035d7600000,0x00000035d7700000] [id=23416]
  0x000001c00848f430 ConcurrentGCThread "G1 Refine#5" [stack: 0x00000035d7700000,0x00000035d7800000] [id=21144]
  0x000001bffc0a95b0 ConcurrentGCThread "G1 Service" [stack: 0x00000035d5c00000,0x00000035d5d00000] [id=18904]

Threads with active compile tasks:
C2 CompilerThread0  7618 7961       4       org.jetbrains.kotlin.fir.declarations.DeprecationUtilsKt::extractDeprecationAnnotationInfoPerUseSite (1240 bytes)
C1 CompilerThread0  7618 8264       3       org.jetbrains.kotlin.fir.resolve.ResolveUtilsKt::setTypeOfQualifier (142 bytes)
C2 CompilerThread1  7618 8007   !   4       org.jetbrains.kotlin.metadata.ProtoBuf$Function::<init> (1508 bytes)

VM state: not at safepoint (normal execution)

VM Mutex/Monitor currently owned by a thread: None

Heap address: 0x0000000709600000, size: 3946 MB, Compressed Oops mode: Zero based, Oop shift amount: 3

CDS archive(s) mapped at: [0x000001bf80000000-0x000001bf80bb0000-0x000001bf80bb0000), size 12255232, SharedBaseAddress: 0x000001bf80000000, ArchiveRelocationMode: 1.
Compressed class space mapped at: 0x000001bf81000000-0x000001bfc1000000, reserved size: 1073741824
Narrow klass base: 0x000001bf80000000, Narrow klass shift: 0, Narrow klass range: 0x100000000

GC Precious Log:
 CPUs: 8 total, 8 available
 Memory: 15781M
 Large Page Support: Disabled
 NUMA Support: Disabled
 Compressed Oops: Enabled (Zero based)
 Heap Region Size: 2M
 Heap Min Capacity: 8M
 Heap Initial Capacity: 248M
 Heap Max Capacity: 3946M
 Pre-touch: Disabled
 Parallel Workers: 8
 Concurrent Workers: 2
 Concurrent Refinement Workers: 8
 Periodic GC: Disabled

Heap:
 garbage-first heap   total 235520K, used 92663K [0x0000000709600000, 0x0000000800000000)
  region size 2048K, 9 young (18432K), 2 survivors (4096K)
 Metaspace       used 50222K, committed 50496K, reserved 1114112K
  class space    used 5733K, committed 5824K, reserved 1048576K

Heap Regions: E=young(eden), S=young(survivor), O=old, HS=humongous(starts), HC=humongous(continues), CS=collection set, F=free, OA=open archive, CA=closed archive, TAMS=top-at-mark-start (previous, next)
|   0|0x0000000709600000, 0x0000000709800000, 0x0000000709800000|100%|HS|  |TAMS 0x0000000709800000, 0x0000000709600000| Complete 
|   1|0x0000000709800000, 0x0000000709a00000, 0x0000000709a00000|100%|HC|  |TAMS 0x0000000709a00000, 0x0000000709800000| Complete 
|   2|0x0000000709a00000, 0x0000000709c00000, 0x0000000709c00000|100%| O|  |TAMS 0x0000000709c00000, 0x0000000709a00000| Untracked 
|   3|0x0000000709c00000, 0x0000000709e00000, 0x0000000709e00000|100%| O|  |TAMS 0x0000000709e00000, 0x0000000709c00000| Untracked 
|   4|0x0000000709e00000, 0x000000070a000000, 0x000000070a000000|100%| O|  |TAMS 0x000000070a000000, 0x0000000709e00000| Untracked 
|   5|0x000000070a000000, 0x000000070a200000, 0x000000070a200000|100%| O|  |TAMS 0x000000070a200000, 0x000000070a000000| Untracked 
|   6|0x000000070a200000, 0x000000070a400000, 0x000000070a400000|100%| O|  |TAMS 0x000000070a400000, 0x000000070a200000| Untracked 
|   7|0x000000070a400000, 0x000000070a600000, 0x000000070a600000|100%| O|  |TAMS 0x000000070a600000, 0x000000070a400000| Untracked 
|   8|0x000000070a600000, 0x000000070a800000, 0x000000070a800000|100%| O|  |TAMS 0x000000070a800000, 0x000000070a600000| Untracked 
|   9|0x000000070a800000, 0x000000070aa00000, 0x000000070aa00000|100%| O|  |TAMS 0x000000070aa00000, 0x000000070a800000| Untracked 
|  10|0x000000070aa00000, 0x000000070ac00000, 0x000000070ac00000|100%| O|  |TAMS 0x000000070ac00000, 0x000000070aa00000| Untracked 
|  11|0x000000070ac00000, 0x000000070ae00000, 0x000000070ae00000|100%| O|  |TAMS 0x000000070ae00000, 0x000000070ac00000| Untracked 
|  12|0x000000070ae00000, 0x000000070b000000, 0x000000070b000000|100%| O|  |TAMS 0x000000070b000000, 0x000000070ae00000| Untracked 
|  13|0x000000070b000000, 0x000000070b200000, 0x000000070b200000|100%| O|  |TAMS 0x000000070b200000, 0x000000070b000000| Untracked 
|  14|0x000000070b200000, 0x000000070b400000, 0x000000070b400000|100%| O|  |TAMS 0x000000070b400000, 0x000000070b200000| Untracked 
|  15|0x000000070b400000, 0x000000070b600000, 0x000000070b600000|100%| O|  |TAMS 0x000000070b600000, 0x000000070b400000| Untracked 
|  16|0x000000070b600000, 0x000000070b800000, 0x000000070b800000|100%| O|  |TAMS 0x000000070b800000, 0x000000070b600000| Untracked 
|  17|0x000000070b800000, 0x000000070ba00000, 0x000000070ba00000|100%| O|  |TAMS 0x000000070ba00000, 0x000000070b800000| Untracked 
|  18|0x000000070ba00000, 0x000000070bc00000, 0x000000070bc00000|100%| O|  |TAMS 0x000000070bc00000, 0x000000070ba00000| Untracked 
|  19|0x000000070bc00000, 0x000000070be00000, 0x000000070be00000|100%| O|  |TAMS 0x000000070be00000, 0x000000070bc00000| Untracked 
|  20|0x000000070be00000, 0x000000070c000000, 0x000000070c000000|100%| O|  |TAMS 0x000000070c000000, 0x000000070be00000| Untracked 
|  21|0x000000070c000000, 0x000000070c200000, 0x000000070c200000|100%| O|  |TAMS 0x000000070c200000, 0x000000070c000000| Untracked 
|  22|0x000000070c200000, 0x000000070c400000, 0x000000070c400000|100%| O|  |TAMS 0x000000070c400000, 0x000000070c200000| Untracked 
|  23|0x000000070c400000, 0x000000070c600000, 0x000000070c600000|100%| O|  |TAMS 0x000000070c600000, 0x000000070c400000| Untracked 
|  24|0x000000070c600000, 0x000000070c800000, 0x000000070c800000|100%| O|  |TAMS 0x000000070c800000, 0x000000070c600000| Untracked 
|  25|0x000000070c800000, 0x000000070ca00000, 0x000000070ca00000|100%| O|  |TAMS 0x000000070ca00000, 0x000000070c800000| Untracked 
|  26|0x000000070ca00000, 0x000000070cc00000, 0x000000070cc00000|100%| O|  |TAMS 0x000000070cc00000, 0x000000070ca00000| Untracked 
|  27|0x000000070cc00000, 0x000000070ce00000, 0x000000070ce00000|100%| O|  |TAMS 0x000000070ce00000, 0x000000070cc00000| Untracked 
|  28|0x000000070ce00000, 0x000000070d000000, 0x000000070d000000|100%| O|  |TAMS 0x000000070d000000, 0x000000070ce00000| Untracked 
|  29|0x000000070d000000, 0x000000070d200000, 0x000000070d200000|100%| O|  |TAMS 0x000000070d200000, 0x000000070d000000| Untracked 
|  30|0x000000070d200000, 0x000000070d400000, 0x000000070d400000|100%| O|  |TAMS 0x000000070d400000, 0x000000070d200000| Untracked 
|  31|0x000000070d400000, 0x000000070d600000, 0x000000070d600000|100%| O|  |TAMS 0x000000070d600000, 0x000000070d400000| Untracked 
|  32|0x000000070d600000, 0x000000070d800000, 0x000000070d800000|100%| O|  |TAMS 0x000000070d800000, 0x000000070d600000| Untracked 
|  33|0x000000070d800000, 0x000000070da00000, 0x000000070da00000|100%| O|  |TAMS 0x000000070da00000, 0x000000070d800000| Untracked 
|  34|0x000000070da00000, 0x000000070dc00000, 0x000000070dc00000|100%| O|  |TAMS 0x000000070dc00000, 0x000000070da00000| Untracked 
|  35|0x000000070dc00000, 0x000000070de00000, 0x000000070de00000|100%| O|  |TAMS 0x000000070dc61800, 0x000000070dc00000| Untracked 
|  36|0x000000070de00000, 0x000000070e000000, 0x000000070e000000|100%| O|  |TAMS 0x000000070de00000, 0x000000070de00000| Untracked 
|  37|0x000000070e000000, 0x000000070e18e000, 0x000000070e200000| 77%| O|  |TAMS 0x000000070e000000, 0x000000070e000000| Untracked 
|  38|0x000000070e200000, 0x000000070e200000, 0x000000070e400000|  0%| F|  |TAMS 0x000000070e200000, 0x000000070e200000| Untracked 
|  39|0x000000070e400000, 0x000000070e400000, 0x000000070e600000|  0%| F|  |TAMS 0x000000070e400000, 0x000000070e400000| Untracked 
|  40|0x000000070e600000, 0x000000070e600000, 0x000000070e800000|  0%| F|  |TAMS 0x000000070e600000, 0x000000070e600000| Untracked 
|  41|0x000000070e800000, 0x000000070e800000, 0x000000070ea00000|  0%| F|  |TAMS 0x000000070e800000, 0x000000070e800000| Untracked 
|  42|0x000000070ea00000, 0x000000070ea00000, 0x000000070ec00000|  0%| F|  |TAMS 0x000000070ea00000, 0x000000070ea00000| Untracked 
|  43|0x000000070ec00000, 0x000000070ec00000, 0x000000070ee00000|  0%| F|  |TAMS 0x000000070ec00000, 0x000000070ec00000| Untracked 
|  44|0x000000070ee00000, 0x000000070ee00000, 0x000000070f000000|  0%| F|  |TAMS 0x000000070ee00000, 0x000000070ee00000| Untracked 
|  45|0x000000070f000000, 0x000000070f000000, 0x000000070f200000|  0%| F|  |TAMS 0x000000070f000000, 0x000000070f000000| Untracked 
|  46|0x000000070f200000, 0x000000070f200000, 0x000000070f400000|  0%| F|  |TAMS 0x000000070f200000, 0x000000070f200000| Untracked 
|  47|0x000000070f400000, 0x000000070f400000, 0x000000070f600000|  0%| F|  |TAMS 0x000000070f400000, 0x000000070f400000| Untracked 
|  48|0x000000070f600000, 0x000000070f600000, 0x000000070f800000|  0%| F|  |TAMS 0x000000070f600000, 0x000000070f600000| Untracked 
|  49|0x000000070f800000, 0x000000070f800000, 0x000000070fa00000|  0%| F|  |TAMS 0x000000070f800000, 0x000000070f800000| Untracked 
|  50|0x000000070fa00000, 0x000000070fa00000, 0x000000070fc00000|  0%| F|  |TAMS 0x000000070fa00000, 0x000000070fa00000| Untracked 
|  51|0x000000070fc00000, 0x000000070fcefe38, 0x000000070fe00000| 46%| S|CS|TAMS 0x000000070fc00000, 0x000000070fc00000| Complete 
|  52|0x000000070fe00000, 0x0000000710000000, 0x0000000710000000|100%| S|CS|TAMS 0x000000070fe00000, 0x000000070fe00000| Complete 
|  53|0x0000000710000000, 0x0000000710000000, 0x0000000710200000|  0%| F|  |TAMS 0x0000000710000000, 0x0000000710000000| Untracked 
|  54|0x0000000710200000, 0x0000000710200000, 0x0000000710400000|  0%| F|  |TAMS 0x0000000710200000, 0x0000000710200000| Untracked 
|  55|0x0000000710400000, 0x0000000710400000, 0x0000000710600000|  0%| F|  |TAMS 0x0000000710400000, 0x0000000710400000| Untracked 
|  56|0x0000000710600000, 0x0000000710600000, 0x0000000710800000|  0%| F|  |TAMS 0x0000000710600000, 0x0000000710600000| Untracked 
|  57|0x0000000710800000, 0x0000000710800000, 0x0000000710a00000|  0%| F|  |TAMS 0x0000000710800000, 0x0000000710800000| Untracked 
|  58|0x0000000710a00000, 0x0000000710a00000, 0x0000000710c00000|  0%| F|  |TAMS 0x0000000710a00000, 0x0000000710a00000| Untracked 
|  59|0x0000000710c00000, 0x0000000710c00000, 0x0000000710e00000|  0%| F|  |TAMS 0x0000000710c00000, 0x0000000710c00000| Untracked 
|  60|0x0000000710e00000, 0x0000000710e00000, 0x0000000711000000|  0%| F|  |TAMS 0x0000000710e00000, 0x0000000710e00000| Untracked 
|  61|0x0000000711000000, 0x0000000711000000, 0x0000000711200000|  0%| F|  |TAMS 0x0000000711000000, 0x0000000711000000| Untracked 
|  62|0x0000000711200000, 0x0000000711200000, 0x0000000711400000|  0%| F|  |TAMS 0x0000000711200000, 0x0000000711200000| Untracked 
|  63|0x0000000711400000, 0x0000000711400000, 0x0000000711600000|  0%| F|  |TAMS 0x0000000711400000, 0x0000000711400000| Untracked 
|  64|0x0000000711600000, 0x0000000711600000, 0x0000000711800000|  0%| F|  |TAMS 0x0000000711600000, 0x0000000711600000| Untracked 
|  65|0x0000000711800000, 0x0000000711800000, 0x0000000711a00000|  0%| F|  |TAMS 0x0000000711800000, 0x0000000711800000| Untracked 
|  66|0x0000000711a00000, 0x0000000711a00000, 0x0000000711c00000|  0%| F|  |TAMS 0x0000000711a00000, 0x0000000711a00000| Untracked 
|  67|0x0000000711c00000, 0x0000000711c00000, 0x0000000711e00000|  0%| F|  |TAMS 0x0000000711c00000, 0x0000000711c00000| Untracked 
|  68|0x0000000711e00000, 0x0000000711e00000, 0x0000000712000000|  0%| F|  |TAMS 0x0000000711e00000, 0x0000000711e00000| Untracked 
|  69|0x0000000712000000, 0x0000000712000000, 0x0000000712200000|  0%| F|  |TAMS 0x0000000712000000, 0x0000000712000000| Untracked 
|  70|0x0000000712200000, 0x0000000712200000, 0x0000000712400000|  0%| F|  |TAMS 0x0000000712200000, 0x0000000712200000| Untracked 
|  71|0x0000000712400000, 0x0000000712400000, 0x0000000712600000|  0%| F|  |TAMS 0x0000000712400000, 0x0000000712400000| Untracked 
|  72|0x0000000712600000, 0x0000000712600000, 0x0000000712800000|  0%| F|  |TAMS 0x0000000712600000, 0x0000000712600000| Untracked 
|  73|0x0000000712800000, 0x0000000712800000, 0x0000000712a00000|  0%| F|  |TAMS 0x0000000712800000, 0x0000000712800000| Untracked 
|  74|0x0000000712a00000, 0x0000000712a00000, 0x0000000712c00000|  0%| F|  |TAMS 0x0000000712a00000, 0x0000000712a00000| Untracked 
|  75|0x0000000712c00000, 0x0000000712c00000, 0x0000000712e00000|  0%| F|  |TAMS 0x0000000712c00000, 0x0000000712c00000| Untracked 
|  76|0x0000000712e00000, 0x0000000712e00000, 0x0000000713000000|  0%| F|  |TAMS 0x0000000712e00000, 0x0000000712e00000| Untracked 
|  77|0x0000000713000000, 0x0000000713000000, 0x0000000713200000|  0%| F|  |TAMS 0x0000000713000000, 0x0000000713000000| Untracked 
|  78|0x0000000713200000, 0x0000000713200000, 0x0000000713400000|  0%| F|  |TAMS 0x0000000713200000, 0x0000000713200000| Untracked 
|  79|0x0000000713400000, 0x0000000713400000, 0x0000000713600000|  0%| F|  |TAMS 0x0000000713400000, 0x0000000713400000| Untracked 
|  80|0x0000000713600000, 0x0000000713600000, 0x0000000713800000|  0%| F|  |TAMS 0x0000000713600000, 0x0000000713600000| Untracked 
|  81|0x0000000713800000, 0x0000000713800000, 0x0000000713a00000|  0%| F|  |TAMS 0x0000000713800000, 0x0000000713800000| Untracked 
|  82|0x0000000713a00000, 0x0000000713a00000, 0x0000000713c00000|  0%| F|  |TAMS 0x0000000713a00000, 0x0000000713a00000| Untracked 
|  83|0x0000000713c00000, 0x0000000713c00000, 0x0000000713e00000|  0%| F|  |TAMS 0x0000000713c00000, 0x0000000713c00000| Untracked 
|  84|0x0000000713e00000, 0x0000000713e00000, 0x0000000714000000|  0%| F|  |TAMS 0x0000000713e00000, 0x0000000713e00000| Untracked 
|  85|0x0000000714000000, 0x0000000714000000, 0x0000000714200000|  0%| F|  |TAMS 0x0000000714000000, 0x0000000714000000| Untracked 
|  86|0x0000000714200000, 0x0000000714200000, 0x0000000714400000|  0%| F|  |TAMS 0x0000000714200000, 0x0000000714200000| Untracked 
|  87|0x0000000714400000, 0x0000000714400000, 0x0000000714600000|  0%| F|  |TAMS 0x0000000714400000, 0x0000000714400000| Untracked 
|  88|0x0000000714600000, 0x0000000714600000, 0x0000000714800000|  0%| F|  |TAMS 0x0000000714600000, 0x0000000714600000| Untracked 
|  89|0x0000000714800000, 0x0000000714800000, 0x0000000714a00000|  0%| F|  |TAMS 0x0000000714800000, 0x0000000714800000| Untracked 
|  90|0x0000000714a00000, 0x0000000714a00000, 0x0000000714c00000|  0%| F|  |TAMS 0x0000000714a00000, 0x0000000714a00000| Untracked 
|  91|0x0000000714c00000, 0x0000000714c00000, 0x0000000714e00000|  0%| F|  |TAMS 0x0000000714c00000, 0x0000000714c00000| Untracked 
|  92|0x0000000714e00000, 0x0000000714e00000, 0x0000000715000000|  0%| F|  |TAMS 0x0000000714e00000, 0x0000000714e00000| Untracked 
|  93|0x0000000715000000, 0x0000000715000000, 0x0000000715200000|  0%| F|  |TAMS 0x0000000715000000, 0x0000000715000000| Untracked 
|  94|0x0000000715200000, 0x0000000715200000, 0x0000000715400000|  0%| F|  |TAMS 0x0000000715200000, 0x0000000715200000| Untracked 
|  95|0x0000000715400000, 0x0000000715400000, 0x0000000715600000|  0%| F|  |TAMS 0x0000000715400000, 0x0000000715400000| Untracked 
|  96|0x0000000715600000, 0x0000000715600000, 0x0000000715800000|  0%| F|  |TAMS 0x0000000715600000, 0x0000000715600000| Untracked 
|  97|0x0000000715800000, 0x0000000715800000, 0x0000000715a00000|  0%| F|  |TAMS 0x0000000715800000, 0x0000000715800000| Untracked 
|  98|0x0000000715a00000, 0x0000000715a00000, 0x0000000715c00000|  0%| F|  |TAMS 0x0000000715a00000, 0x0000000715a00000| Untracked 
|  99|0x0000000715c00000, 0x0000000715c00000, 0x0000000715e00000|  0%| F|  |TAMS 0x0000000715c00000, 0x0000000715c00000| Untracked 
| 100|0x0000000715e00000, 0x0000000715e00000, 0x0000000716000000|  0%| F|  |TAMS 0x0000000715e00000, 0x0000000715e00000| Untracked 
| 101|0x0000000716000000, 0x0000000716000000, 0x0000000716200000|  0%| F|  |TAMS 0x0000000716000000, 0x0000000716000000| Untracked 
| 102|0x0000000716200000, 0x0000000716200000, 0x0000000716400000|  0%| F|  |TAMS 0x0000000716200000, 0x0000000716200000| Untracked 
| 103|0x0000000716400000, 0x0000000716400000, 0x0000000716600000|  0%| F|  |TAMS 0x0000000716400000, 0x0000000716400000| Untracked 
| 104|0x0000000716600000, 0x0000000716600000, 0x0000000716800000|  0%| F|  |TAMS 0x0000000716600000, 0x0000000716600000| Untracked 
| 105|0x0000000716800000, 0x0000000716800000, 0x0000000716a00000|  0%| F|  |TAMS 0x0000000716800000, 0x0000000716800000| Untracked 
| 106|0x0000000716a00000, 0x0000000716a00000, 0x0000000716c00000|  0%| F|  |TAMS 0x0000000716a00000, 0x0000000716a00000| Untracked 
| 107|0x0000000716c00000, 0x0000000716c00000, 0x0000000716e00000|  0%| F|  |TAMS 0x0000000716c00000, 0x0000000716c00000| Untracked 
| 108|0x0000000716e00000, 0x0000000716f00000, 0x0000000717000000| 50%| E|  |TAMS 0x0000000716e00000, 0x0000000716e00000| Complete 
| 109|0x0000000717000000, 0x0000000717200000, 0x0000000717200000|100%| E|CS|TAMS 0x0000000717000000, 0x0000000717000000| Complete 
| 110|0x0000000717200000, 0x0000000717400000, 0x0000000717400000|100%| E|CS|TAMS 0x0000000717200000, 0x0000000717200000| Complete 
| 111|0x0000000717400000, 0x0000000717600000, 0x0000000717600000|100%| E|CS|TAMS 0x0000000717400000, 0x0000000717400000| Complete 
| 112|0x0000000717600000, 0x0000000717800000, 0x0000000717800000|100%| E|CS|TAMS 0x0000000717600000, 0x0000000717600000| Complete 
| 113|0x0000000717800000, 0x0000000717a00000, 0x0000000717a00000|100%| E|CS|TAMS 0x0000000717800000, 0x0000000717800000| Complete 
| 123|0x0000000718c00000, 0x0000000718e00000, 0x0000000718e00000|100%| E|CS|TAMS 0x0000000718c00000, 0x0000000718c00000| Complete 

Card table byte_map: [0x000001bff12d0000,0x000001bff1a90000] _byte_map_base: 0x000001bfeda85000

Marking Bits (Prev, Next): (CMBitMap*) 0x000001bfd9cd8e70, (CMBitMap*) 0x000001bfd9cd8e30
 Prev Bits: [0x000001bff6000000, 0x000001bff9da8000)
 Next Bits: [0x000001bff2250000, 0x000001bff5ff8000)

Polling page: 0x000001bfd7a70000

Metaspace:

Usage:
  Non-class:     43.45 MB used.
      Class:      5.60 MB used.
       Both:     49.05 MB used.

Virtual space:
  Non-class space:       64.00 MB reserved,      43.62 MB ( 68%) committed,  1 nodes.
      Class space:        1.00 GB reserved,       5.69 MB ( <1%) committed,  1 nodes.
             Both:        1.06 GB reserved,      49.31 MB (  5%) committed. 

Chunk freelists:
   Non-Class:  3.34 MB
       Class:  10.31 MB
        Both:  13.66 MB

MaxMetaspaceSize: unlimited
CompressedClassSpaceSize: 1.00 GB
Initial GC threshold: 21.00 MB
Current GC threshold: 81.81 MB
CDS: on
MetaspaceReclaimPolicy: balanced
 - commit_granule_bytes: 65536.
 - commit_granule_words: 8192.
 - virtual_space_node_default_size: 8388608.
 - enlarge_chunks_in_place: 1.
 - new_chunks_are_fully_committed: 0.
 - uncommit_free_chunks: 1.
 - use_allocation_guard: 0.
 - handle_deallocations: 1.


Internal statistics:

num_allocs_failed_limit: 9.
num_arena_births: 280.
num_arena_deaths: 0.
num_vsnodes_births: 2.
num_vsnodes_deaths: 0.
num_space_committed: 787.
num_space_uncommitted: 0.
num_chunks_returned_to_freelist: 9.
num_chunks_taken_from_freelist: 2036.
num_chunk_merges: 9.
num_chunk_splits: 1647.
num_chunks_enlarged: 1478.
num_inconsistent_stats: 0.

CodeHeap 'non-profiled nmethods': size=120000Kb used=3689Kb max_used=3689Kb free=116310Kb
 bounds [0x000001bfe92b0000, 0x000001bfe9650000, 0x000001bff07e0000]
CodeHeap 'profiled nmethods': size=120000Kb used=21174Kb max_used=21174Kb free=98825Kb
 bounds [0x000001bfe17e0000, 0x000001bfe2ca0000, 0x000001bfe8d10000]
CodeHeap 'non-nmethods': size=5760Kb used=1354Kb max_used=1409Kb free=4405Kb
 bounds [0x000001bfe8d10000, 0x000001bfe8f80000, 0x000001bfe92b0000]
 total_blobs=7996 nmethods=7329 adapters=578
 compilation: enabled
              stopped_count=0, restarted_count=0
 full_count=0

Compilation events (20 events):
Event: 6.589 Thread 0x000001bffc19af20 8234       1       org.jetbrains.kotlin.fir.declarations.impl.FirAnonymousFunctionImpl::setBody (6 bytes)
Event: 6.589 Thread 0x000001bffc19af20 nmethod 8234 0x000001bfe9649890 code [0x000001bfe9649a20, 0x000001bfe9649b38]
Event: 6.589 Thread 0x000001bffc19af20 8235       1       org.jetbrains.kotlin.fir.declarations.impl.FirAnonymousFunctionImpl::setContractDescription (6 bytes)
Event: 6.589 Thread 0x000001bffc19af20 nmethod 8235 0x000001bfe9649b90 code [0x000001bfe9649d20, 0x000001bfe9649e38]
Event: 6.589 Thread 0x000001bffc19af20 8236       1       org.jetbrains.kotlin.fir.declarations.impl.FirAnonymousFunctionImpl::setControlFlowGraphReference (6 bytes)
Event: 6.589 Thread 0x000001bffc19af20 nmethod 8236 0x000001bfe9649e90 code [0x000001bfe964a020, 0x000001bfe964a138]
Event: 6.590 Thread 0x000001bffc19af20 8237       3       org.jetbrains.kotlin.fir.resolve.transformers.FirCallCompletionResultsWriterTransformer$transformArgumentList$ArgumentTransformer::transformElement (183 bytes)
Event: 6.591 Thread 0x000001bffc19af20 nmethod 8237 0x000001bfe2c62090 code [0x000001bfe2c62560, 0x000001bfe2c64c58]
Event: 6.591 Thread 0x000001bffc19af20 8238       2       org.jetbrains.kotlin.fir.resolve.calls.tower.FirBaseTowerResolveTask::createExtensionReceiverOptions (127 bytes)
Event: 6.591 Thread 0x000001bffc19af20 nmethod 8238 0x000001bfe2c65790 code [0x000001bfe2c65a40, 0x000001bfe2c663a8]
Event: 6.591 Thread 0x000001bffc19af20 8239       3       org.jetbrains.kotlin.fir.resolve.TypeExpansionUtilsKt::fullyExpandedType$default (20 bytes)
Event: 6.591 Thread 0x000001bffc19af20 nmethod 8239 0x000001bfe2c66990 code [0x000001bfe2c66b40, 0x000001bfe2c66c88]
Event: 6.591 Thread 0x000001bffc19af20 8241       2       org.jetbrains.kotlin.fir.resolve.calls.tower.FirBaseTowerResolveTask::processLevel (283 bytes)
Event: 6.592 Thread 0x000001bffc19af20 nmethod 8241 0x000001bfe2c66d90 code [0x000001bfe2c67000, 0x000001bfe2c67c28]
Event: 6.592 Thread 0x000001bffc19af20 8240       3       org.jetbrains.kotlin.resolve.calls.inference.model.NewConstraintSystemImpl::get (19 bytes)
Event: 6.592 Thread 0x000001bffc19af20 nmethod 8240 0x000001bfe2c68190 code [0x000001bfe2c683c0, 0x000001bfe2c68a48]
Event: 6.592 Thread 0x000001bffc19af20 8242 %     3       org.jetbrains.kotlin.name.Name::isValidIdentifier @ 29 (71 bytes)
Event: 6.593 Thread 0x000001bffc19af20 nmethod 8242% 0x000001bfe2c68d10 code [0x000001bfe2c68f80, 0x000001bfe2c69a38]
Event: 6.593 Thread 0x000001bffc19af20 8244       3       org.jetbrains.kotlin.fir.resolve.calls.tower.TowerResolveManager::requestGroup (227 bytes)
Event: 6.593 Thread 0x000001bffc19af20 nmethod 8244 0x000001bfe2c69e10 code [0x000001bfe2c6a140, 0x000001bfe2c6bae8]

GC Heap History (20 events):
Event: 1.652 GC heap before
{Heap before GC invocations=2 (full 0):
 garbage-first heap   total 253952K, used 94004K [0x0000000709600000, 0x0000000800000000)
  region size 2048K, 44 young (90112K), 3 survivors (6144K)
 Metaspace       used 21242K, committed 21504K, reserved 1114112K
  class space    used 2614K, committed 2752K, reserved 1048576K
}
Event: 1.671 GC heap after
{Heap after GC invocations=3 (full 0):
 garbage-first heap   total 253952K, used 36474K [0x0000000709600000, 0x0000000800000000)
  region size 2048K, 10 young (20480K), 10 survivors (20480K)
 Metaspace       used 21242K, committed 21504K, reserved 1114112K
  class space    used 2614K, committed 2752K, reserved 1048576K
}
Event: 1.987 GC heap before
{Heap before GC invocations=4 (full 0):
 garbage-first heap   total 131072K, used 63098K [0x0000000709600000, 0x0000000800000000)
  region size 2048K, 23 young (47104K), 10 survivors (20480K)
 Metaspace       used 26074K, committed 26368K, reserved 1114112K
  class space    used 3316K, committed 3456K, reserved 1048576K
}
Event: 2.000 GC heap after
{Heap after GC invocations=5 (full 0):
 garbage-first heap   total 131072K, used 41347K [0x0000000709600000, 0x0000000800000000)
  region size 2048K, 2 young (4096K), 2 survivors (4096K)
 Metaspace       used 26074K, committed 26368K, reserved 1114112K
  class space    used 3316K, committed 3456K, reserved 1048576K
}
Event: 2.019 GC heap before
{Heap before GC invocations=5 (full 0):
 garbage-first heap   total 131072K, used 41347K [0x0000000709600000, 0x0000000800000000)
  region size 2048K, 3 young (6144K), 2 survivors (4096K)
 Metaspace       used 26490K, committed 26688K, reserved 1114112K
  class space    used 3359K, committed 3456K, reserved 1048576K
}
Event: 2.024 GC heap after
{Heap after GC invocations=6 (full 0):
 garbage-first heap   total 131072K, used 42151K [0x0000000709600000, 0x0000000800000000)
  region size 2048K, 1 young (2048K), 1 survivors (2048K)
 Metaspace       used 26490K, committed 26688K, reserved 1114112K
  class space    used 3359K, committed 3456K, reserved 1048576K
}
Event: 2.675 GC heap before
{Heap before GC invocations=6 (full 0):
 garbage-first heap   total 131072K, used 83111K [0x0000000709600000, 0x0000000800000000)
  region size 2048K, 22 young (45056K), 1 survivors (2048K)
 Metaspace       used 34751K, committed 35072K, reserved 1114112K
  class space    used 4156K, committed 4288K, reserved 1048576K
}
Event: 2.681 GC heap after
{Heap after GC invocations=7 (full 0):
 garbage-first heap   total 131072K, used 46536K [0x0000000709600000, 0x0000000800000000)
  region size 2048K, 3 young (6144K), 3 survivors (6144K)
 Metaspace       used 34751K, committed 35072K, reserved 1114112K
  class space    used 4156K, committed 4288K, reserved 1048576K
}
Event: 2.789 GC heap before
{Heap before GC invocations=7 (full 0):
 garbage-first heap   total 131072K, used 52680K [0x0000000709600000, 0x0000000800000000)
  region size 2048K, 7 young (14336K), 3 survivors (6144K)
 Metaspace       used 35991K, committed 36160K, reserved 1114112K
  class space    used 4271K, committed 4352K, reserved 1048576K
}
Event: 2.795 GC heap after
{Heap after GC invocations=8 (full 0):
 garbage-first heap   total 131072K, used 47941K [0x0000000709600000, 0x0000000800000000)
  region size 2048K, 1 young (2048K), 1 survivors (2048K)
 Metaspace       used 35991K, committed 36160K, reserved 1114112K
  class space    used 4271K, committed 4352K, reserved 1048576K
}
Event: 3.260 GC heap before
{Heap before GC invocations=9 (full 0):
 garbage-first heap   total 131072K, used 92997K [0x0000000709600000, 0x0000000800000000)
  region size 2048K, 23 young (47104K), 1 survivors (2048K)
 Metaspace       used 41369K, committed 41600K, reserved 1114112K
  class space    used 4944K, committed 5056K, reserved 1048576K
}
Event: 3.272 GC heap after
{Heap after GC invocations=10 (full 0):
 garbage-first heap   total 131072K, used 58217K [0x0000000709600000, 0x0000000800000000)
  region size 2048K, 3 young (6144K), 3 survivors (6144K)
 Metaspace       used 41369K, committed 41600K, reserved 1114112K
  class space    used 4944K, committed 5056K, reserved 1048576K
}
Event: 3.798 GC heap before
{Heap before GC invocations=11 (full 0):
 garbage-first heap   total 131072K, used 95081K [0x0000000709600000, 0x0000000800000000)
  region size 2048K, 21 young (43008K), 3 survivors (6144K)
 Metaspace       used 46019K, committed 46336K, reserved 1114112K
  class space    used 5454K, committed 5568K, reserved 1048576K
}
Event: 3.815 GC heap after
{Heap after GC invocations=12 (full 0):
 garbage-first heap   total 131072K, used 64880K [0x0000000709600000, 0x0000000800000000)
  region size 2048K, 3 young (6144K), 3 survivors (6144K)
 Metaspace       used 46019K, committed 46336K, reserved 1114112K
  class space    used 5454K, committed 5568K, reserved 1048576K
}
Event: 4.291 GC heap before
{Heap before GC invocations=12 (full 0):
 garbage-first heap   total 131072K, used 97648K [0x0000000709600000, 0x0000000800000000)
  region size 2048K, 19 young (38912K), 3 survivors (6144K)
 Metaspace       used 47738K, committed 48000K, reserved 1114112K
  class space    used 5601K, committed 5696K, reserved 1048576K
}
Event: 4.307 GC heap after
{Heap after GC invocations=13 (full 0):
 garbage-first heap   total 131072K, used 71532K [0x0000000709600000, 0x0000000800000000)
  region size 2048K, 3 young (6144K), 3 survivors (6144K)
 Metaspace       used 47738K, committed 48000K, reserved 1114112K
  class space    used 5601K, committed 5696K, reserved 1048576K
}
Event: 4.874 GC heap before
{Heap before GC invocations=14 (full 0):
 garbage-first heap   total 131072K, used 100204K [0x0000000709600000, 0x0000000800000000)
  region size 2048K, 17 young (34816K), 3 survivors (6144K)
 Metaspace       used 49074K, committed 49408K, reserved 1114112K
  class space    used 5679K, committed 5824K, reserved 1048576K
}
Event: 4.888 GC heap after
{Heap after GC invocations=15 (full 0):
 garbage-first heap   total 131072K, used 76973K [0x0000000709600000, 0x0000000800000000)
  region size 2048K, 3 young (6144K), 3 survivors (6144K)
 Metaspace       used 49074K, committed 49408K, reserved 1114112K
  class space    used 5679K, committed 5824K, reserved 1048576K
}
Event: 5.321 GC heap before
{Heap before GC invocations=15 (full 0):
 garbage-first heap   total 131072K, used 99501K [0x0000000709600000, 0x0000000800000000)
  region size 2048K, 14 young (28672K), 3 survivors (6144K)
 Metaspace       used 49868K, committed 50176K, reserved 1114112K
  class space    used 5719K, committed 5824K, reserved 1048576K
}
Event: 5.330 GC heap after
{Heap after GC invocations=16 (full 0):
 garbage-first heap   total 235520K, used 80375K [0x0000000709600000, 0x0000000800000000)
  region size 2048K, 2 young (4096K), 2 survivors (4096K)
 Metaspace       used 49868K, committed 50176K, reserved 1114112K
  class space    used 5719K, committed 5824K, reserved 1048576K
}

Dll operation events (7 events):
Event: 0.008 Loaded shared library C:\Program Files\Microsoft\jdk-17.0.18.8-hotspot\bin\java.dll
Event: 0.043 Loaded shared library C:\Program Files\Microsoft\jdk-17.0.18.8-hotspot\bin\jsvml.dll
Event: 0.080 Loaded shared library C:\Program Files\Microsoft\jdk-17.0.18.8-hotspot\bin\net.dll
Event: 0.082 Loaded shared library C:\Program Files\Microsoft\jdk-17.0.18.8-hotspot\bin\nio.dll
Event: 0.113 Loaded shared library C:\Program Files\Microsoft\jdk-17.0.18.8-hotspot\bin\zip.dll
Event: 0.141 Loaded shared library C:\Program Files\Microsoft\jdk-17.0.18.8-hotspot\bin\jimage.dll
Event: 1.218 Loaded shared library C:\Program Files\Microsoft\jdk-17.0.18.8-hotspot\bin\verify.dll

Deoptimization events (20 events):
Event: 5.526 Thread 0x000001bfd9c6caf0 DEOPT PACKING pc=0x000001bfe9569270 sp=0x00000035d57f6720
Event: 5.526 Thread 0x000001bfd9c6caf0 DEOPT UNPACKING pc=0x000001bfe8d6a1a3 sp=0x00000035d57f66c0 mode 2
Event: 5.557 Thread 0x000001bfd9c6caf0 Uncommon trap: trap_request=0xffffffde fr.pc=0x000001bfe9618e4c relative=0x000000000000102c
Event: 5.557 Thread 0x000001bfd9c6caf0 Uncommon trap: reason=class_check action=maybe_recompile pc=0x000001bfe9618e4c method=org.jetbrains.kotlin.fir.resolve.calls.tower.FirBaseTowerResolveTask.processLevel(Lorg/jetbrains/kotlin/fir/resolve/calls/tower/TowerLevel;Lorg/jetbrains/kotlin/fir/reso
Event: 5.557 Thread 0x000001bfd9c6caf0 DEOPT PACKING pc=0x000001bfe9618e4c sp=0x00000035d57f9650
Event: 5.557 Thread 0x000001bfd9c6caf0 DEOPT UNPACKING pc=0x000001bfe8d6a1a3 sp=0x00000035d57f9630 mode 2
Event: 5.560 Thread 0x000001bfd9c6caf0 DEOPT PACKING pc=0x000001bfe9629038 sp=0x00000035d57f9720
Event: 5.561 Thread 0x000001bfd9c6caf0 DEOPT UNPACKING pc=0x000001bfe8d6ace3 sp=0x00000035d57f8b98 mode 0
Event: 5.561 Thread 0x000001bfd9c6caf0 Uncommon trap: trap_request=0xffffff45 fr.pc=0x000001bfe9631978 relative=0x00000000000009b8
Event: 5.561 Thread 0x000001bfd9c6caf0 Uncommon trap: reason=unstable_if action=reinterpret pc=0x000001bfe9631978 method=org.jetbrains.kotlin.fir.resolve.calls.tower.TowerGroup.compareTo(Lorg/jetbrains/kotlin/fir/resolve/calls/tower/TowerGroup;)I @ 25 c2
Event: 5.561 Thread 0x000001bfd9c6caf0 DEOPT PACKING pc=0x000001bfe9631978 sp=0x00000035d57f93b0
Event: 5.561 Thread 0x000001bfd9c6caf0 DEOPT UNPACKING pc=0x000001bfe8d6a1a3 sp=0x00000035d57f92b0 mode 2
Event: 5.562 Thread 0x000001bfd9c6caf0 Uncommon trap: trap_request=0xffffff45 fr.pc=0x000001bfe95f4254 relative=0x0000000000000194
Event: 5.562 Thread 0x000001bfd9c6caf0 Uncommon trap: reason=unstable_if action=reinterpret pc=0x000001bfe95f4254 method=org.jetbrains.kotlin.fir.resolve.calls.tower.TowerGroup.compareTo(Lorg/jetbrains/kotlin/fir/resolve/calls/tower/TowerGroup;)I @ 18 c2
Event: 5.562 Thread 0x000001bfd9c6caf0 DEOPT PACKING pc=0x000001bfe95f4254 sp=0x00000035d57f9380
Event: 5.562 Thread 0x000001bfd9c6caf0 DEOPT UNPACKING pc=0x000001bfe8d6a1a3 sp=0x00000035d57f9180 mode 2
Event: 5.562 Thread 0x000001bfd9c6caf0 Uncommon trap: trap_request=0xffffff45 fr.pc=0x000001bfe931bd90 relative=0x00000000000000f0
Event: 5.562 Thread 0x000001bfd9c6caf0 Uncommon trap: reason=unstable_if action=reinterpret pc=0x000001bfe931bd90 method=org.jetbrains.kotlin.fir.resolve.calls.tower.TowerGroup.compareTo(Lorg/jetbrains/kotlin/fir/resolve/calls/tower/TowerGroup;)I @ 18 c2
Event: 5.562 Thread 0x000001bfd9c6caf0 DEOPT PACKING pc=0x000001bfe931bd90 sp=0x00000035d57f9630
Event: 5.562 Thread 0x000001bfd9c6caf0 DEOPT UNPACKING pc=0x000001bfe8d6a1a3 sp=0x00000035d57f9558 mode 2

Classes loaded (20 events):
Event: 3.032 Loading class java/util/AbstractList$SubList
Event: 3.032 Loading class java/util/AbstractList$SubList done
Event: 3.032 Loading class java/util/AbstractList$SubList$1
Event: 3.032 Loading class java/util/AbstractList$SubList$1 done
Event: 3.032 Loading class java/util/AbstractList$ListItr
Event: 3.032 Loading class java/util/AbstractList$ListItr done
Event: 3.105 Loading class java/util/EnumMap$EntrySet
Event: 3.105 Loading class java/util/EnumMap$EntrySet done
Event: 3.105 Loading class java/util/EnumMap$EntryIterator
Event: 3.105 Loading class java/util/EnumMap$EnumMapIterator
Event: 3.105 Loading class java/util/EnumMap$EnumMapIterator done
Event: 3.105 Loading class java/util/EnumMap$EntryIterator done
Event: 3.105 Loading class java/util/EnumMap$EntryIterator$Entry
Event: 3.105 Loading class java/util/EnumMap$EntryIterator$Entry done
Event: 3.700 Loading class java/util/AbstractList$RandomAccessSubList
Event: 3.700 Loading class java/util/AbstractList$RandomAccessSubList done
Event: 3.956 Loading class java/lang/Byte$ByteCache
Event: 3.956 Loading class java/lang/Byte$ByteCache done
Event: 3.988 Loading class java/lang/Short$ShortCache
Event: 3.988 Loading class java/lang/Short$ShortCache done

Classes unloaded (0 events):
No events

Classes redefined (0 events):
No events

Internal exceptions (20 events):
Event: 3.196 Thread 0x000001bfd9c6caf0 Implicit null exception at 0x000001bfe936ed94 to 0x000001bfe936f1f8
Event: 3.421 Thread 0x000001bfd9c6caf0 Exception <a 'java/lang/NoSuchMethodError'{0x0000000712adad40}: 'java.lang.Object java.lang.invoke.DirectMethodHandle$Holder.invokeStaticInit(java.lang.Object, java.lang.Object, java.lang.Object, java.lang.Object)'> (0x0000000712adad40) 
thrown [s\src\hotspot\share\interpreter\linkResolver.cpp, line 759]
Event: 3.512 Thread 0x000001bfd9c6caf0 Exception <a 'java/lang/NoSuchMethodError'{0x0000000712481a58}: 'java.lang.Object java.lang.invoke.DirectMethodHandle$Holder.newInvokeSpecial(java.lang.Object, java.lang.Object, java.lang.Object, java.lang.Object, int, java.lang.Object, java.lang.Object)'> (0x0000000712481a58) 
thrown [s\src\hotspot\share\interpreter\linkResolver.cpp, line 759]
Event: 3.513 Thread 0x000001bfd9c6caf0 Exception <a 'java/lang/NoSuchMethodError'{0x000000071248b050}: 'java.lang.Object java.lang.invoke.Invokers$Holder.linkToTargetMethod(java.lang.Object, java.lang.Object, java.lang.Object, int, java.lang.Object, java.lang.Object, java.lang.Object)'> (0x000000071248b050) 
thrown [s\src\hotspot\share\interpreter\linkResolver.cpp, line 759]
Event: 3.595 Thread 0x000001bfd9c6caf0 Exception <a 'java/lang/NoSuchMethodError'{0x000000070ff8b058}: 'java.lang.Object java.lang.invoke.DirectMethodHandle$Holder.newInvokeSpecial(java.lang.Object, java.lang.Object, java.lang.Object, int)'> (0x000000070ff8b058) 
thrown [s\src\hotspot\share\interpreter\linkResolver.cpp, line 759]
Event: 3.596 Thread 0x000001bfd9c6caf0 Exception <a 'java/lang/NoSuchMethodError'{0x000000070ff8f378}: 'java.lang.Object java.lang.invoke.DirectMethodHandle$Holder.invokeSpecial(java.lang.Object, java.lang.Object, java.lang.Object, java.lang.Object, int)'> (0x000000070ff8f378) 
thrown [s\src\hotspot\share\interpreter\linkResolver.cpp, line 759]
Event: 3.596 Thread 0x000001bfd9c6caf0 Exception <a 'java/lang/NoSuchMethodError'{0x000000070ff92d28}: 'java.lang.Object java.lang.invoke.Invokers$Holder.linkToTargetMethod(java.lang.Object, java.lang.Object, int, java.lang.Object)'> (0x000000070ff92d28) 
thrown [s\src\hotspot\share\interpreter\linkResolver.cpp, line 759]
Event: 3.598 Thread 0x000001bfd9c6caf0 Exception <a 'java/lang/NoSuchMethodError'{0x000000070ffb6b80}: 'java.lang.Object java.lang.invoke.DirectMethodHandle$Holder.newInvokeSpecial(java.lang.Object, int, java.lang.Object)'> (0x000000070ffb6b80) 
thrown [s\src\hotspot\share\interpreter\linkResolver.cpp, line 759]
Event: 3.616 Thread 0x000001bfd9c6caf0 Exception <a 'java/lang/NoSuchMethodError'{0x000000070fcab890}: 'java.lang.Object java.lang.invoke.DirectMethodHandle$Holder.invokeSpecial(java.lang.Object, java.lang.Object, int, java.lang.Object, java.lang.Object)'> (0x000000070fcab890) 
thrown [s\src\hotspot\share\interpreter\linkResolver.cpp, line 759]
Event: 3.884 Thread 0x000001bfd9c6caf0 Exception <a 'java/lang/NoSuchMethodError'{0x0000000712d47790}: 'java.lang.Object java.lang.invoke.DirectMethodHandle$Holder.invokeStatic(java.lang.Object, java.lang.Object, java.lang.Object, int, java.lang.Object, java.lang.Object)'> (0x0000000712d47790) 
thrown [s\src\hotspot\share\interpreter\linkResolver.cpp, line 759]
Event: 4.027 Thread 0x000001bfd9c6caf0 Exception <a 'java/lang/NoSuchMethodError'{0x0000000712265778}: 'java.lang.Object java.lang.invoke.DirectMethodHandle$Holder.newInvokeSpecial(java.lang.Object, java.lang.Object, java.lang.Object, java.lang.Object, java.lang.Object, int)'> (0x0000000712265778) 
thrown [s\src\hotspot\share\interpreter\linkResolver.cpp, line 759]
Event: 4.028 Thread 0x000001bfd9c6caf0 Exception <a 'java/lang/NoSuchMethodError'{0x000000071226a130}: 'java.lang.Object java.lang.invoke.DirectMethodHandle$Holder.invokeSpecial(java.lang.Object, java.lang.Object, java.lang.Object, java.lang.Object, java.lang.Object, java.lang.Object, int)'> (0x000000071226a130) 
thrown [s\src\hotspot\share\interpreter\linkResolver.cpp, line 759]
Event: 4.028 Thread 0x000001bfd9c6caf0 Exception <a 'java/lang/NoSuchMethodError'{0x000000071226e470}: 'java.lang.Object java.lang.invoke.Invokers$Holder.linkToTargetMethod(java.lang.Object, java.lang.Object, java.lang.Object, java.lang.Object, int, java.lang.Object)'> (0x000000071226e470) 
thrown [s\src\hotspot\share\interpreter\linkResolver.cpp, line 759]
Event: 4.102 Thread 0x000001bfd9c6caf0 Exception <a 'java/lang/NoSuchMethodError'{0x000000070ff89c00}: 'java.lang.Object java.lang.invoke.DirectMethodHandle$Holder.newInvokeSpecial(java.lang.Object, java.lang.Object, java.lang.Object, java.lang.Object, java.lang.Object, java.lang.Object, java.lang.Object, java.lang.Object, java.lang.Object)'> (0x000000070ff89c00) 
thrown [s\src\hotspot\share\interpreter\linkResolver.cpp, line 759]
Event: 4.102 Thread 0x000001bfd9c6caf0 Exception <a 'java/lang/NoSuchMethodError'{0x000000070ff8f4c0}: 'java.lang.Object java.lang.invoke.DirectMethodHandle$Holder.invokeSpecial(java.lang.Object, java.lang.Object, java.lang.Object, java.lang.Object, java.lang.Object, java.lang.Object, java.lang.Object, java.lang.Object, java.lang.Object, java.lang.Object)'> (0x000000070ff8f4c0) 
thrown [s\src\hotspot\share\interpreter\linkResolver.cpp, line 759]
Event: 4.102 Thread 0x000001bfd9c6caf0 Exception <a 'java/lang/NoSuchMethodError'{0x000000070ff93d30}: 'java.lang.Object java.lang.invoke.Invokers$Holder.linkToTargetMethod(java.lang.Object, java.lang.Object, java.lang.Object, java.lang.Object, java.lang.Object, java.lang.Object, java.lang.Object, java.lang.Object, java.lang.Object)'> (0x000000070ff93d30) 
thrown [s\src\hotspot\share\interpreter\linkResolver.cpp, line 759]
Event: 4.313 Thread 0x000001bfd9c6caf0 Exception <a 'java/lang/NoSuchMethodError'{0x0000000718c5c4a8}: 'java.lang.Object java.lang.invoke.DirectMethodHandle$Holder.invokeStatic(java.lang.Object, int, java.lang.Object, java.lang.Object)'> (0x0000000718c5c4a8) 
thrown [s\src\hotspot\share\interpreter\linkResolver.cpp, line 759]
Event: 4.366 Thread 0x000001bfd9c6caf0 Exception <a 'java/lang/NoSuchMethodError'{0x0000000713456a08}: 'java.lang.Object java.lang.invoke.DirectMethodHandle$Holder.invokeStatic(java.lang.Object, int, java.lang.Object)'> (0x0000000713456a08) 
thrown [s\src\hotspot\share\interpreter\linkResolver.cpp, line 759]
Event: 4.382 Thread 0x000001bfd9c6caf0 Exception <a 'java/lang/NoSuchMethodError'{0x00000007134dccc0}: 'java.lang.Object java.lang.invoke.DirectMethodHandle$Holder.newInvokeSpecial(java.lang.Object, int, java.lang.Object, java.lang.Object, java.lang.Object)'> (0x00000007134dccc0) 
thrown [s\src\hotspot\share\interpreter\linkResolver.cpp, line 759]
Event: 4.383 Thread 0x000001bfd9c6caf0 Exception <a 'java/lang/NoSuchMethodError'{0x00000007134e5038}: 'java.lang.Object java.lang.invoke.Invokers$Holder.linkToTargetMethod(int, java.lang.Object, java.lang.Object, java.lang.Object, java.lang.Object)'> (0x00000007134e5038) 
thrown [s\src\hotspot\share\interpreter\linkResolver.cpp, line 759]

VM Operations (20 events):
Event: 5.312 Executing VM operation: ICBufferFull
Event: 5.312 Executing VM operation: ICBufferFull done
Event: 5.321 Executing VM operation: G1CollectForAllocation
Event: 5.330 Executing VM operation: G1CollectForAllocation done
Event: 5.339 Executing VM operation: HandshakeAllThreads
Event: 5.339 Executing VM operation: HandshakeAllThreads done
Event: 5.383 Executing VM operation: G1PauseRemark
Event: 5.387 Executing VM operation: G1PauseRemark done
Event: 5.412 Executing VM operation: G1PauseCleanup
Event: 5.412 Executing VM operation: G1PauseCleanup done
Event: 5.560 Executing VM operation: HandshakeAllThreads
Event: 5.560 Executing VM operation: HandshakeAllThreads done
Event: 5.563 Executing VM operation: HandshakeAllThreads
Event: 5.563 Executing VM operation: HandshakeAllThreads done
Event: 6.573 Executing VM operation: Cleanup
Event: 6.573 Executing VM operation: Cleanup done
Event: 6.578 Executing VM operation: HandshakeAllThreads
Event: 6.578 Executing VM operation: HandshakeAllThreads done
Event: 7.586 Executing VM operation: Cleanup
Event: 7.586 Executing VM operation: Cleanup done

Memory protections (0 events):
No events

Nmethod flushes (20 events):
Event: 4.596 Thread 0x000001bffc1b0d50 flushing  nmethod 0x000001bfe224ee90
Event: 4.596 Thread 0x000001bffc1b0d50 flushing  nmethod 0x000001bfe225ec90
Event: 4.596 Thread 0x000001bffc1b0d50 flushing  nmethod 0x000001bfe2261110
Event: 4.596 Thread 0x000001bffc1b0d50 flushing  nmethod 0x000001bfe2269490
Event: 4.596 Thread 0x000001bffc1b0d50 flushing  nmethod 0x000001bfe2276690
Event: 4.596 Thread 0x000001bffc1b0d50 flushing  nmethod 0x000001bfe22b5690
Event: 4.596 Thread 0x000001bffc1b0d50 flushing  nmethod 0x000001bfe22c5d10
Event: 4.596 Thread 0x000001bffc1b0d50 flushing  nmethod 0x000001bfe22c6410
Event: 4.596 Thread 0x000001bffc1b0d50 flushing  nmethod 0x000001bfe22c8f10
Event: 4.596 Thread 0x000001bffc1b0d50 flushing  nmethod 0x000001bfe22d1410
Event: 4.596 Thread 0x000001bffc1b0d50 flushing  nmethod 0x000001bfe22d5990
Event: 4.596 Thread 0x000001bffc1b0d50 flushing  nmethod 0x000001bfe22fe110
Event: 4.597 Thread 0x000001bffc1b0d50 flushing  nmethod 0x000001bfe2416410
Event: 5.342 Thread 0x000001bffc1b0d50 flushing  nmethod 0x000001bfe1a80110
Event: 5.342 Thread 0x000001bffc1b0d50 flushing  nmethod 0x000001bfe1ac8810
Event: 5.342 Thread 0x000001bffc1b0d50 flushing  nmethod 0x000001bfe1ac8f10
Event: 5.344 Thread 0x000001bffc1b0d50 flushing  nmethod 0x000001bfe1dc2f90
Event: 5.344 Thread 0x000001bffc1b0d50 flushing  nmethod 0x000001bfe1ef8890
Event: 5.344 Thread 0x000001bffc1b0d50 flushing  nmethod 0x000001bfe1fccd10
Event: 5.345 Thread 0x000001bffc1b0d50 flushing  nmethod 0x000001bfe2205090

Events (15 events):
Event: 0.043 Thread 0x000001bfd9c6caf0 Thread added: 0x000001bfd9c6caf0
Event: 0.046 Thread 0x000001bfd9c6caf0 Thread added: 0x000001bffc16d420
Event: 0.046 Thread 0x000001bfd9c6caf0 Thread added: 0x000001bffc16dcf0
Event: 0.053 Thread 0x000001bfd9c6caf0 Thread added: 0x000001bffc183b30
Event: 0.053 Thread 0x000001bfd9c6caf0 Thread added: 0x000001bffc184400
Event: 0.053 Thread 0x000001bfd9c6caf0 Thread added: 0x000001bffc185ce0
Event: 0.053 Thread 0x000001bfd9c6caf0 Thread added: 0x000001bffc1885c0
Event: 0.054 Thread 0x000001bfd9c6caf0 Thread added: 0x000001bffc18e1e0
Event: 0.054 Thread 0x000001bfd9c6caf0 Thread added: 0x000001bffc19af20
Event: 0.054 Thread 0x000001bfd9c6caf0 Thread added: 0x000001bffc1b0d50
Event: 0.076 Thread 0x000001bfd9c6caf0 Thread added: 0x000001bffc9d9290
Event: 0.078 Thread 0x000001bfd9c6caf0 Thread added: 0x000001bffc9dba20
Event: 0.112 Thread 0x000001bffc18e1e0 Thread added: 0x000001bffcae7360
Event: 1.956 Thread 0x000001bffcae7360 Thread exited: 0x000001bffcae7360
Event: 2.081 Thread 0x000001bffc18e1e0 Thread added: 0x000001c00923cd50


Dynamic libraries:
0x00007ff66f720000 - 0x00007ff66f72e000 	C:\Program Files\Microsoft\jdk-17.0.18.8-hotspot\bin\java.exe
0x00007ffa0ff40000 - 0x00007ffa101a6000 	C:\WINDOWS\SYSTEM32\ntdll.dll
0x00007ffa0ee70000 - 0x00007ffa0ef39000 	C:\WINDOWS\System32\KERNEL32.DLL
0x00007ffa0d210000 - 0x00007ffa0d60f000 	C:\WINDOWS\System32\KERNELBASE.dll
0x00007ffa0d620000 - 0x00007ffa0d76c000 	C:\WINDOWS\System32\ucrtbase.dll
0x00007ff9c9000000 - 0x00007ff9c9018000 	C:\Program Files\Microsoft\jdk-17.0.18.8-hotspot\bin\jli.dll
0x00007ff9e6c40000 - 0x00007ff9e6c5e000 	C:\Program Files\Microsoft\jdk-17.0.18.8-hotspot\bin\VCRUNTIME140.dll
0x00007ffa0f020000 - 0x00007ffa0f1e6000 	C:\WINDOWS\System32\USER32.dll
0x00007ffa0db80000 - 0x00007ffa0dba7000 	C:\WINDOWS\System32\win32u.dll
0x00007ff9ed940000 - 0x00007ff9edbd1000 	C:\WINDOWS\WinSxS\amd64_microsoft.windows.common-controls_6595b64144ccf1df_6.0.26100.8972_none_3e0da176e32f9d4b\COMCTL32.dll
0x00007ffa0fa40000 - 0x00007ffa0fa6b000 	C:\WINDOWS\System32\GDI32.dll
0x00007ffa0f1f0000 - 0x00007ffa0f299000 	C:\WINDOWS\System32\msvcrt.dll
0x00007ffa0da50000 - 0x00007ffa0db79000 	C:\WINDOWS\System32\gdi32full.dll
0x00007ffa0d780000 - 0x00007ffa0d823000 	C:\WINDOWS\System32\msvcp_win.dll
0x00007ffa0dc70000 - 0x00007ffa0dca2000 	C:\WINDOWS\System32\IMM32.DLL
0x00007ffa05350000 - 0x00007ffa0535c000 	C:\Program Files\Microsoft\jdk-17.0.18.8-hotspot\bin\vcruntime140_1.dll
0x00007ff97c2f0000 - 0x00007ff97c379000 	C:\Program Files\Microsoft\jdk-17.0.18.8-hotspot\bin\msvcp140.dll
0x00007ff9517f0000 - 0x00007ff95246a000 	C:\Program Files\Microsoft\jdk-17.0.18.8-hotspot\bin\server\jvm.dll
0x00007ffa0fb60000 - 0x00007ffa0fc1c000 	C:\WINDOWS\System32\ADVAPI32.dll
0x00007ffa0f4b0000 - 0x00007ffa0f55a000 	C:\WINDOWS\System32\sechost.dll
0x00007ffa0e5a0000 - 0x00007ffa0e6b8000 	C:\WINDOWS\System32\RPCRT4.dll
0x00007ffa0df30000 - 0x00007ffa0dfb2000 	C:\WINDOWS\System32\WS2_32.dll
0x00007ffa0cfb0000 - 0x00007ffa0d00e000 	C:\WINDOWS\SYSTEM32\POWRPROF.dll
0x00007ffa01ae0000 - 0x00007ffa01aeb000 	C:\WINDOWS\SYSTEM32\VERSION.dll
0x00007ffa01ca0000 - 0x00007ffa01cd6000 	C:\WINDOWS\SYSTEM32\WINMM.dll
0x00007ffa0cf90000 - 0x00007ffa0cfa5000 	C:\WINDOWS\SYSTEM32\UMPDC.dll
0x00007ffa0be40000 - 0x00007ffa0be5b000 	C:\WINDOWS\SYSTEM32\kernel.appcore.dll
0x00007ffa05290000 - 0x00007ffa0529a000 	C:\Program Files\Microsoft\jdk-17.0.18.8-hotspot\bin\jimage.dll
0x00007ffa0a690000 - 0x00007ffa0a8d2000 	C:\WINDOWS\SYSTEM32\DBGHELP.DLL
0x00007ffa0e120000 - 0x00007ffa0e4a5000 	C:\WINDOWS\System32\combase.dll
0x00007ffa0ef40000 - 0x00007ffa0f019000 	C:\WINDOWS\System32\OLEAUT32.dll
0x00007ff9f6610000 - 0x00007ff9f664b000 	C:\WINDOWS\SYSTEM32\dbgcore.DLL
0x00007ffa0dbb0000 - 0x00007ffa0dc5c000 	C:\WINDOWS\System32\bcryptPrimitives.dll
0x00007ff98dd80000 - 0x00007ff98dda6000 	C:\Program Files\Microsoft\jdk-17.0.18.8-hotspot\bin\java.dll
0x00007ff95d5f0000 - 0x00007ff95d6c6000 	C:\Program Files\Microsoft\jdk-17.0.18.8-hotspot\bin\jsvml.dll
0x00007ffa0e6c0000 - 0x00007ffa0ee48000 	C:\WINDOWS\System32\SHELL32.dll
0x00007ffa0ac20000 - 0x00007ffa0b4bb000 	C:\WINDOWS\SYSTEM32\windows.storage.dll
0x00007ffa0fc30000 - 0x00007ffa0fd29000 	C:\WINDOWS\System32\SHCORE.dll
0x00007ffa0fa70000 - 0x00007ffa0fad6000 	C:\WINDOWS\System32\shlwapi.dll
0x00007ffa0d070000 - 0x00007ffa0d099000 	C:\WINDOWS\SYSTEM32\profapi.dll
0x00007ff9c76c0000 - 0x00007ff9c76db000 	C:\Program Files\Microsoft\jdk-17.0.18.8-hotspot\bin\net.dll
0x00007ffa011e0000 - 0x00007ffa01308000 	C:\WINDOWS\SYSTEM32\WINHTTP.dll
0x00007ffa0c3f0000 - 0x00007ffa0c45c000 	C:\WINDOWS\system32\mswsock.dll
0x00007ff9c6f30000 - 0x00007ff9c6f46000 	C:\Program Files\Microsoft\jdk-17.0.18.8-hotspot\bin\nio.dll
0x00007ff9c4e80000 - 0x00007ff9c4e98000 	C:\Program Files\Microsoft\jdk-17.0.18.8-hotspot\bin\zip.dll
0x00007ffa03d10000 - 0x00007ffa03d20000 	C:\Program Files\Microsoft\jdk-17.0.18.8-hotspot\bin\verify.dll

dbghelp: loaded successfully - version: 4.0.5 - missing functions: none
symbol engine: initialized successfully - sym options: 0x614 - pdb path: .;C:\Program Files\Microsoft\jdk-17.0.18.8-hotspot\bin;C:\WINDOWS\SYSTEM32;C:\WINDOWS\WinSxS\amd64_microsoft.windows.common-controls_6595b64144ccf1df_6.0.26100.8972_none_3e0da176e32f9d4b;C:\Program Files\Microsoft\jdk-17.0.18.8-hotspot\bin\server

VM Arguments:
java_command: org.jetbrains.kotlin.cli.jvm.K2JVMCompiler @D:\DelPart\delivery_partner_frontend\node_modules\@react-native\gradle-plugin\react-native-gradle-plugin\build\20260825_3531489210733471587.compiler.options
java_class_path (initial): C:\Users\Sudharani-ITS130\.gradle\caches\modules-2\files-2.1\org.jetbrains.kotlin\kotlin-compiler-embeddable\2.1.20\4ef56b3316798316bfac7a0ae443391c9e900ea1\kotlin-compiler-embeddable-2.1.20.jar;C:\Users\Sudharani-ITS130\.gradle\caches\modules-2\files-2.1\org.jetbrains.kotlin\kotlin-stdlib\2.1.20\aa8ca79cd50578314f6d1180c47cbe14c0fee567\kotlin-stdlib-2.1.20.jar;C:\Users\Sudharani-ITS130\.gradle\caches\modules-2\files-2.1\org.jetbrains.kotlin\kotlin-script-runtime\2.1.20\f7c623d7f7bdb01f5ccd6b437bc0a937fcd7c57e\kotlin-script-runtime-2.1.20.jar;C:\Users\Sudharani-ITS130\.gradle\caches\modules-2\files-2.1\org.jetbrains.kotlin\kotlin-reflect\1.6.10\1cbe9c92c12a94eea200d23c2bbaedaf3daf5132\kotlin-reflect-1.6.10.jar;C:\Users\Sudharani-ITS130\.gradle\caches\modules-2\files-2.1\org.jetbrains.kotlin\kotlin-daemon-embeddable\2.1.20\95670fce77befd02a70a0bc3abe8ee4533521334\kotlin-daemon-embeddable-2.1.20.jar;C:\Users\Sudharani-ITS130\.gradle\caches\modules-2\files-2.1\org.jetbrains.intellij.deps\trove4j\1.0.20200330\3afb14d5f9ceb459d724e907a21145e8ff394f02\trove4j-1.0.20200330.jar;C:\Users\Sudharani-ITS130\.gradle\caches\modules-2\files-2.1\org.jetbrains.kotlinx\kotlinx-coroutines-core-jvm\1.8.0\ac1dc37a30a93150b704022f8d895ee1bd3a36b3\kotlinx-coroutines-core-jvm-1.8.0.jar;C:\Users\Sudharani-ITS130\.gradle\caches\modules-2\files-2.1\org.jetbrains\annotations\13.0\919f0dfe192fb4e063e7dacadee7f8bb9a2672a9\annotations-13.0.jar
Launcher Type: SUN_STANDARD

[Global flags]
     intx CICompilerCount                          = 4                                         {product} {ergonomic}
     uint ConcGCThreads                            = 2                                         {product} {ergonomic}
     uint G1ConcRefinementThreads                  = 8                                         {product} {ergonomic}
   size_t G1HeapRegionSize                         = 2097152                                   {product} {ergonomic}
    uintx GCDrainStackTargetSize                   = 64                                        {product} {ergonomic}
   size_t InitialHeapSize                          = 260046848                                 {product} {ergonomic}
   size_t MarkStackSize                            = 4194304                                   {product} {ergonomic}
   size_t MaxHeapSize                              = 4137680896                                {product} {ergonomic}
   size_t MaxNewSize                               = 2480930816                                {product} {ergonomic}
   size_t MinHeapDeltaBytes                        = 2097152                                   {product} {ergonomic}
   size_t MinHeapSize                              = 8388608                                   {product} {ergonomic}
    uintx NonNMethodCodeHeapSize                   = 5839372                                {pd product} {ergonomic}
    uintx NonProfiledCodeHeapSize                  = 122909434                              {pd product} {ergonomic}
    uintx ProfiledCodeHeapSize                     = 122909434                              {pd product} {ergonomic}
    uintx ReservedCodeCacheSize                    = 251658240                              {pd product} {ergonomic}
     bool SegmentedCodeCache                       = true                                      {product} {ergonomic}
   size_t SoftMaxHeapSize                          = 4137680896                             {manageable} {ergonomic}
     bool UseCompressedClassPointers               = true                           {product lp64_product} {ergonomic}
     bool UseCompressedOops                        = true                           {product lp64_product} {ergonomic}
     bool UseG1GC                                  = true                                      {product} {ergonomic}
     bool UseLargePagesIndividualAllocation        = false                                  {pd product} {ergonomic}

Logging:
Log output configuration:
 #0: stdout all=warning uptime,level,tags
 #1: stderr all=off uptime,level,tags

Environment Variables:
JAVA_HOME=C:\Program Files\Microsoft\jdk-17.0.18.8-hotspot\
PATH=%PATH%;C:\Users\Sudharani-ITS130\AppData\Local\Android\Sdk\platform-tools;C:\Users\Sudharani-ITS130\AppData\Local\Android\Sdk\emulator;C:\Users\Sudharani-ITS130\AppData\Local\Android\Sdk\platform-tools;C:\Users\Sudharani-ITS130\AppData\Local\Android\Sdk\emulator;;C:\WINDOWS\system32;C:\WINDOWS;C:\WINDOWS\System32\Wbem;C:\WINDOWS\System32\WindowsPowerShell\v1.0\;C:\WINDOWS\System32\OpenSSH\;C:\Program Files\Microsoft\jdk-17.0.18.8-hotspot\bin;C:\Python314\Scripts\;C:\Python314\;C:\Windows\system32;C:\Windows;C:\Windows\System32\Wbem;C:\Windows\System32\WindowsPowerShell\v1.0\;C:\Windows\System32\OpenSSH\;C:\Program Files\nodejs\;C:\ProgramData\chocolatey\bin;C:\Program Files\Git\cmd;C:\Users\Sudharani-ITS130\AppData\Local\Microsoft\WindowsApps;C:\Users\Sudharani-ITS130\AppData\Roaming\npm;C:\Users\Sudharani-ITS130\AppData\Local\Programs\Microsoft VS Code\bin;C:\Users\Sudharani-ITS130\AppData\Local\Microsoft\WindowsApps
USERNAME=Sudharani-ITS130
LANG=en_US.UTF-8
OS=Windows_NT
PROCESSOR_IDENTIFIER=Intel64 Family 6 Model 140 Stepping 1, GenuineIntel
TMP=C:\Users\SUDHAR~1\AppData\Local\Temp
TEMP=C:\Users\SUDHAR~1\AppData\Local\Temp



Periodic native trim disabled


---------------  S Y S T E M  ---------------

OS:
 Windows 11 , 64 bit Build 26100 (10.0.26100.9168)
OS uptime: 0 days 0:26 hours

CPU: total 8 (initial active 8) (4 cores per cpu, 2 threads per core) family 6 model 140 stepping 1 microcode 0xbe, cx8, cmov, fxsr, ht, mmx, 3dnowpref, sse, sse2, sse3, ssse3, sse4.1, sse4.2, popcnt, lzcnt, tsc, tscinvbit, avx, avx2, aes, erms, clmul, bmi1, bmi2, adx, avx512f, avx512dq, avx512cd, avx512bw, avx512vl, sha, fma, vzeroupper, avx512_vpopcntdq, avx512_vpclmulqdq, avx512_vaes, avx512_vnni, clflush, clflushopt, clwb, avx512_vbmi2, avx512_vbmi
Processor Information for the first 8 processors :
  Max Mhz: 1382, Current Mhz: 1382, Mhz Limit: 1382

Memory: 4k page, system-wide physical 15781M (320M free)
TotalPageFile size 32165M (AvailPageFile size 2M)
current process WorkingSet (physical memory assigned to process): 324M, peak: 325M
current process commit charge ("private bytes"): 459M, peak: 461M

vm_info: OpenJDK 64-Bit Server VM (17.0.18+8-LTS) for windows-amd64 JRE (17.0.18+8-LTS), built on Jan 15 2026 18:50:45 by "MicrosoftCorporation" with MS VC++ 17.14 (VS2022)

END.
