#
# There is insufficient memory for the Java Runtime Environment to continue.
# Native memory allocation (malloc) failed to allocate 1724496 bytes. Error detail: Chunk::new
# Possible reasons:
#   The system is out of physical RAM or swap space
#   This process is running with CompressedOops enabled, and the Java Heap may be blocking the growth of the native heap
# Possible solutions:
#   Reduce memory load on the system
#   Increase physical memory or swap space
#   Check if swap backing store is full
#   Decrease Java heap size (-Xmx/-Xms)
#   Decrease number of Java threads
#   Decrease Java thread stack sizes (-Xss)
#   Set larger code cache with -XX:ReservedCodeCacheSize=
#   JVM is running with Unscaled Compressed Oops mode in which the Java heap is
#     placed in the first 4GB address space. The Java Heap base address is the
#     maximum limit for the native heap growth. Please use -XX:HeapBaseMinAddress
#     to set the Java Heap base and to place the Java Heap above 4GB virtual address.
# This output file may be truncated or incomplete.
#
#  Out of Memory Error (arena.cpp:191), pid=23564, tid=23680
#
# JRE version: OpenJDK Runtime Environment Microsoft-13106358 (17.0.18+8) (build 17.0.18+8-LTS)
# Java VM: OpenJDK 64-Bit Server VM Microsoft-13106358 (17.0.18+8-LTS, mixed mode, sharing, tiered, compressed oops, compressed class ptrs, g1 gc, windows-amd64)
# No core dump will be written. Minidumps are not enabled by default on client versions of Windows
#

---------------  S U M M A R Y ------------

Command Line: --add-opens=java.base/java.lang=ALL-UNNAMED --add-opens=java.base/java.lang.invoke=ALL-UNNAMED --add-opens=java.base/java.util=ALL-UNNAMED --add-opens=java.prefs/java.util.prefs=ALL-UNNAMED --add-exports=jdk.compiler/com.sun.tools.javac.api=ALL-UNNAMED --add-exports=jdk.compiler/com.sun.tools.javac.util=ALL-UNNAMED --add-opens=java.base/java.util=ALL-UNNAMED --add-opens=java.prefs/java.util.prefs=ALL-UNNAMED --add-opens=java.base/java.nio.charset=ALL-UNNAMED --add-opens=java.base/java.net=ALL-UNNAMED --add-opens=java.base/java.util.concurrent.atomic=ALL-UNNAMED --add-opens=java.xml/javax.xml.namespace=ALL-UNNAMED -XX:MaxMetaspaceSize=512m -Xmx2048m -Dfile.encoding=windows-1252 -Duser.country=US -Duser.language=en -Duser.variant -javaagent:C:\Users\Sudharani-ITS130\.gradle\wrapper\dists\gradle-8.13-bin\5xuhj0ry160q40clulazy9h7d\gradle-8.13\lib\agents\gradle-instrumentation-agent-8.13.jar org.gradle.launcher.daemon.bootstrap.GradleDaemon 8.13

Host: 11th Gen Intel(R) Core(TM) i5-1135G7 @ 2.40GHz, 8 cores, 15G,  Windows 11 , 64 bit Build 26100 (10.0.26100.9168)
Time: Thu Aug 20 17:49:33 2026 India Standard Time elapsed time: 37.249928 seconds (0d 0h 0m 37s)

---------------  T H R E A D  ---------------

Current thread (0x0000020f2497a3a0):  JavaThread "C2 CompilerThread0" daemon [_thread_in_native, id=23680, stack(0x0000009b1b900000,0x0000009b1ba00000)]


Current CompileTask:
C2:37250 12288   !   4       com.google.common.reflect.TypeVisitor::visit (225 bytes)

Stack: [0x0000009b1b900000,0x0000009b1ba00000]
Native frames: (J=compiled Java code, j=interpreted, Vv=VM code, C=native code)
V  [jvm.dll+0x68c879]  (no source info available)
V  [jvm.dll+0x845979]  (no source info available)
V  [jvm.dll+0x8476e8]  (no source info available)
V  [jvm.dll+0x847d73]  (no source info available)
V  [jvm.dll+0x24cf6f]  (no source info available)
V  [jvm.dll+0xaecb6]  (no source info available)
V  [jvm.dll+0xaf35c]  (no source info available)
V  [jvm.dll+0x3716ff]  (no source info available)
V  [jvm.dll+0x33b985]  (no source info available)
V  [jvm.dll+0x33adea]  (no source info available)
V  [jvm.dll+0x21df29]  (no source info available)
V  [jvm.dll+0x21d36d]  (no source info available)
V  [jvm.dll+0x1a8ce6]  (no source info available)
V  [jvm.dll+0x22db1b]  (no source info available)
V  [jvm.dll+0x22bca6]  (no source info available)
V  [jvm.dll+0x7fbabb]  (no source info available)
V  [jvm.dll+0x7f5ebc]  (no source info available)
V  [jvm.dll+0x68de17]  (no source info available)
C  [ucrtbase.dll+0x2cd30]  (no source info available)
C  [KERNEL32.DLL+0x2ccb7]  (no source info available)
C  [ntdll.dll+0xaad6c]  (no source info available)


---------------  P R O C E S S  ---------------

Threads class SMR info:
_java_thread_list=0x0000020f4738ec60, length=147, elements={
0x0000020f064128b0, 0x0000020f24957ae0, 0x0000020f249676a0, 0x0000020f24977d30,
0x0000020f24978600, 0x0000020f24978ed0, 0x0000020f249797a0, 0x0000020f2497a3a0,
0x0000020f24981480, 0x0000020f249e8860, 0x0000020f24a81ef0, 0x0000020f24be34a0,
0x0000020f24c4b340, 0x0000020f453f04f0, 0x0000020f445d4a20, 0x0000020f4554b1d0,
0x0000020f456d0020, 0x0000020f45b38790, 0x0000020f45b36e40, 0x0000020f45b36420,
0x0000020f45b38ca0, 0x0000020f45b36930, 0x0000020f45b37d70, 0x0000020f45b35a00,
0x0000020f45b354f0, 0x0000020f45b35f10, 0x0000020f45b37350, 0x0000020f45b38280,
0x0000020f46e38c40, 0x0000020f46e36de0, 0x0000020f46e368d0, 0x0000020f46e372f0,
0x0000020f46e38220, 0x0000020f46e39150, 0x0000020f46e39b70, 0x0000020f46e363c0,
0x0000020f46e3d830, 0x0000020f46e3b4c0, 0x0000020f46e3b9d0, 0x0000020f46e3a080,
0x0000020f46e3d320, 0x0000020f46e3a590, 0x0000020f46e3dd40, 0x0000020f46e3c3f0,
0x0000020f46e3ce10, 0x0000020f46e3aaa0, 0x0000020f46e3afb0, 0x0000020f46e3bee0,
0x0000020f46e3c900, 0x0000020f24bb51f0, 0x0000020f24bb4ce0, 0x0000020f24bb2460,
0x0000020f24bb3390, 0x0000020f24bb1f50, 0x0000020f24bb5700, 0x0000020f24bb38a0,
0x0000020f24bb2970, 0x0000020f24bb3db0, 0x0000020f24bb6630, 0x0000020f24bb5c10,
0x0000020f24bb2e80, 0x0000020f24bb6120, 0x0000020f24bb7560, 0x0000020f24bb7a70,
0x0000020f24bb47d0, 0x0000020f24bb93c0, 0x0000020f24bb89a0, 0x0000020f24bb8490,
0x0000020f24bb7f80, 0x0000020f24bb8eb0, 0x0000020f24bb98d0, 0x0000020f48d87bc0,
0x0000020f48d84e30, 0x0000020f48d86780, 0x0000020f48d880d0, 0x0000020f48d885e0,
0x0000020f48d88af0, 0x0000020f48d86270, 0x0000020f48d85340, 0x0000020f48d89000,
0x0000020f48d85850, 0x0000020f48d86c90, 0x0000020f48d85d60, 0x0000020f48d89510,
0x0000020f48d89a20, 0x0000020f48d871a0, 0x0000020f48d8a950, 0x0000020f48d89f30,
0x0000020f48d8a440, 0x0000020f48d8ae60, 0x0000020f48d876b0, 0x0000020f48d8b370,
0x0000020f48d8b880, 0x0000020f48d8bd90, 0x0000020f48d8c7b0, 0x0000020f48d8c2a0,
0x0000020f48dcf9d0, 0x0000020f48dd0e10, 0x0000020f48dcfee0, 0x0000020f48dd1320,
0x0000020f48dce080, 0x0000020f48dce590, 0x0000020f48dd03f0, 0x0000020f48dcefb0,
0x0000020f48dd2250, 0x0000020f48dd1d40, 0x0000020f48dceaa0, 0x0000020f48dd4fe0,
0x0000020f48dd2c70, 0x0000020f48dd2760, 0x0000020f48dd3180, 0x0000020f48dd3690,
0x0000020f48dd3ba0, 0x0000020f48dd40b0, 0x0000020f48dd0900, 0x0000020f48dd5a00,
0x0000020f48dd4ad0, 0x0000020f45b93970, 0x0000020f45b92530, 0x0000020f45b94db0,
0x0000020f45b92f50, 0x0000020f45b93e80, 0x0000020f45b92a40, 0x0000020f45b93460,
0x0000020f45b92020, 0x0000020f45b952c0, 0x0000020f45b957d0, 0x0000020f45b96c10,
0x0000020f45b96700, 0x0000020f45b94390, 0x0000020f45b95ce0, 0x0000020f45b97120,
0x0000020f45b961f0, 0x0000020f45b97630, 0x0000020f45b97b40, 0x0000020f45b98050,
0x0000020f45b948a0, 0x0000020f45b999a0, 0x0000020f45b98560, 0x0000020f45b98a70,
0x0000020f45b99490, 0x0000020f48dd45c0, 0x0000020f46a09c20, 0x0000020f46a0ab50,
0x0000020f46a087e0, 0x0000020f46a09710, 0x0000020f46a078b0
}

Java Threads: ( => current thread )
  0x0000020f064128b0 JavaThread "main" [_thread_blocked, id=23620, stack(0x0000009b1ac00000,0x0000009b1ad00000)]
  0x0000020f24957ae0 JavaThread "Reference Handler" daemon [_thread_blocked, id=23656, stack(0x0000009b1b300000,0x0000009b1b400000)]
  0x0000020f249676a0 JavaThread "Finalizer" daemon [_thread_blocked, id=23660, stack(0x0000009b1b400000,0x0000009b1b500000)]
  0x0000020f24977d30 JavaThread "Signal Dispatcher" daemon [_thread_blocked, id=23664, stack(0x0000009b1b500000,0x0000009b1b600000)]
  0x0000020f24978600 JavaThread "Attach Listener" daemon [_thread_blocked, id=23668, stack(0x0000009b1b600000,0x0000009b1b700000)]
  0x0000020f24978ed0 JavaThread "Service Thread" daemon [_thread_blocked, id=23672, stack(0x0000009b1b700000,0x0000009b1b800000)]
  0x0000020f249797a0 JavaThread "Monitor Deflation Thread" daemon [_thread_blocked, id=23676, stack(0x0000009b1b800000,0x0000009b1b900000)]
=>0x0000020f2497a3a0 JavaThread "C2 CompilerThread0" daemon [_thread_in_native, id=23680, stack(0x0000009b1b900000,0x0000009b1ba00000)]
  0x0000020f24981480 JavaThread "C1 CompilerThread0" daemon [_thread_blocked, id=23684, stack(0x0000009b1ba00000,0x0000009b1bb00000)]
  0x0000020f249e8860 JavaThread "Sweeper thread" daemon [_thread_blocked, id=23688, stack(0x0000009b1bb00000,0x0000009b1bc00000)]
  0x0000020f24a81ef0 JavaThread "Common-Cleaner" daemon [_thread_blocked, id=23692, stack(0x0000009b1bc00000,0x0000009b1bd00000)]
  0x0000020f24be34a0 JavaThread "Notification Thread" daemon [_thread_blocked, id=23696, stack(0x0000009b1bd00000,0x0000009b1be00000)]
  0x0000020f24c4b340 JavaThread "Daemon health stats" [_thread_blocked, id=24004, stack(0x0000009b1c300000,0x0000009b1c400000)]
  0x0000020f453f04f0 JavaThread "Incoming local TCP Connector on port 55996" [_thread_in_native, id=24012, stack(0x0000009b1c400000,0x0000009b1c500000)]
  0x0000020f445d4a20 JavaThread "Daemon periodic checks" [_thread_blocked, id=24020, stack(0x0000009b1c500000,0x0000009b1c600000)]
  0x0000020f4554b1d0 JavaThread "Daemon" [_thread_blocked, id=24024, stack(0x0000009b1c600000,0x0000009b1c700000)]
  0x0000020f456d0020 JavaThread "Handler for socket connection from /127.0.0.1:55996 to /127.0.0.1:55997" [_thread_in_native, id=24028, stack(0x0000009b1c700000,0x0000009b1c800000)]
  0x0000020f45b38790 JavaThread "Cancel handler" [_thread_blocked, id=24032, stack(0x0000009b1c800000,0x0000009b1c900000)]
  0x0000020f45b36e40 JavaThread "Daemon worker" [_thread_blocked, id=24036, stack(0x0000009b1c900000,0x0000009b1ca00000)]
  0x0000020f45b36420 JavaThread "Asynchronous log dispatcher for DefaultDaemonConnection: socket connection from /127.0.0.1:55996 to /127.0.0.1:55997" [_thread_blocked, id=24040, stack(0x0000009b1ca00000,0x0000009b1cb00000)]
  0x0000020f45b38ca0 JavaThread "Stdin handler" [_thread_blocked, id=24044, stack(0x0000009b1cb00000,0x0000009b1cc00000)]
  0x0000020f45b36930 JavaThread "Daemon client event forwarder" [_thread_blocked, id=24048, stack(0x0000009b1cc00000,0x0000009b1cd00000)]
  0x0000020f45b37d70 JavaThread "Cache worker for journal cache (C:\Users\Sudharani-ITS130\.gradle\caches\journal-1)" [_thread_blocked, id=24060, stack(0x0000009b1cd00000,0x0000009b1ce00000)]
  0x0000020f45b35a00 JavaThread "File lock request listener" [_thread_in_native, id=24064, stack(0x0000009b1ce00000,0x0000009b1cf00000)]
  0x0000020f45b354f0 JavaThread "Cache worker for file hash cache (C:\Users\Sudharani-ITS130\.gradle\caches\8.13\fileHashes)" [_thread_blocked, id=24076, stack(0x0000009b1cf00000,0x0000009b1d000000)]
  0x0000020f45b35f10 JavaThread "Cache worker for file hash cache (D:\DelPart\delivery_partner_frontend\android\.gradle\8.13\fileHashes)" [_thread_blocked, id=24240, stack(0x0000009b1d000000,0x0000009b1d100000)]
  0x0000020f45b37350 JavaThread "Cache worker for Build Output Cleanup Cache (D:\DelPart\delivery_partner_frontend\android\.gradle\buildOutputCleanup)" [_thread_blocked, id=24244, stack(0x0000009b1d100000,0x0000009b1d200000)]
  0x0000020f45b38280 JavaThread "File watcher server" daemon [_thread_in_native, id=24264, stack(0x0000009b1d600000,0x0000009b1d700000)]
  0x0000020f46e38c40 JavaThread "File watcher consumer" daemon [_thread_blocked, id=24268, stack(0x0000009b1d700000,0x0000009b1d800000)]
  0x0000020f46e36de0 JavaThread "jar transforms" [_thread_blocked, id=24480, stack(0x0000009b1d800000,0x0000009b1d900000)]
  0x0000020f46e368d0 JavaThread "Cache worker for checksums cache (D:\DelPart\delivery_partner_frontend\android\.gradle\8.13\checksums)" [_thread_blocked, id=23584, stack(0x0000009b1d900000,0x0000009b1da00000)]
  0x0000020f46e372f0 JavaThread "Cache worker for file content cache (C:\Users\Sudharani-ITS130\.gradle\caches\8.13\fileContent)" [_thread_blocked, id=19532, stack(0x0000009b1da00000,0x0000009b1db00000)]
  0x0000020f46e38220 JavaThread "Cache worker for cache directory md-supplier (C:\Users\Sudharani-ITS130\.gradle\caches\8.13\md-supplier)" [_thread_blocked, id=13872, stack(0x0000009b1db00000,0x0000009b1dc00000)]
  0x0000020f46e39150 JavaThread "Cache worker for cache directory md-rule (C:\Users\Sudharani-ITS130\.gradle\caches\8.13\md-rule)" [_thread_blocked, id=13860, stack(0x0000009b1dc00000,0x0000009b1dd00000)]
  0x0000020f46e39b70 JavaThread "Cache worker for Build Output Cleanup Cache (D:\DelPart\delivery_partner_frontend\node_modules\@react-native\gradle-plugin\.gradle\buildOutputCleanup)" [_thread_blocked, id=13856, stack(0x0000009b1dd00000,0x0000009b1de00000)]
  0x0000020f46e363c0 JavaThread "Unconstrained build operations" [_thread_blocked, id=14044, stack(0x0000009b1de00000,0x0000009b1df00000)]
  0x0000020f46e3d830 JavaThread "Unconstrained build operations Thread 2" [_thread_blocked, id=13764, stack(0x0000009b1df00000,0x0000009b1e000000)]
  0x0000020f46e3b4c0 JavaThread "Unconstrained build operations Thread 3" [_thread_blocked, id=6544, stack(0x0000009b1e000000,0x0000009b1e100000)]
  0x0000020f46e3b9d0 JavaThread "Unconstrained build operations Thread 4" [_thread_blocked, id=8700, stack(0x0000009b1e100000,0x0000009b1e200000)]
  0x0000020f46e3a080 JavaThread "Unconstrained build operations Thread 5" [_thread_blocked, id=11576, stack(0x0000009b1e200000,0x0000009b1e300000)]
  0x0000020f46e3d320 JavaThread "Unconstrained build operations Thread 6" [_thread_blocked, id=6956, stack(0x0000009b1e300000,0x0000009b1e400000)]
  0x0000020f46e3a590 JavaThread "Unconstrained build operations Thread 7" [_thread_blocked, id=23732, stack(0x0000009b1e400000,0x0000009b1e500000)]
  0x0000020f46e3dd40 JavaThread "Unconstrained build operations Thread 8" [_thread_blocked, id=24116, stack(0x0000009b1e500000,0x0000009b1e600000)]
  0x0000020f46e3c3f0 JavaThread "Unconstrained build operations Thread 9" [_thread_blocked, id=24112, stack(0x0000009b1e600000,0x0000009b1e700000)]
  0x0000020f46e3ce10 JavaThread "Unconstrained build operations Thread 10" [_thread_blocked, id=24108, stack(0x0000009b1e700000,0x0000009b1e800000)]
  0x0000020f46e3aaa0 JavaThread "Unconstrained build operations Thread 11" [_thread_blocked, id=19172, stack(0x0000009b1e800000,0x0000009b1e900000)]
  0x0000020f46e3afb0 JavaThread "Unconstrained build operations Thread 12" [_thread_blocked, id=14272, stack(0x0000009b1e900000,0x0000009b1ea00000)]
  0x0000020f46e3bee0 JavaThread "Unconstrained build operations Thread 13" [_thread_blocked, id=3668, stack(0x0000009b1ea00000,0x0000009b1eb00000)]
  0x0000020f46e3c900 JavaThread "Unconstrained build operations Thread 14" [_thread_blocked, id=7212, stack(0x0000009b1eb00000,0x0000009b1ec00000)]
  0x0000020f24bb51f0 JavaThread "Unconstrained build operations Thread 15" [_thread_blocked, id=24128, stack(0x0000009b1ec00000,0x0000009b1ed00000)]
  0x0000020f24bb4ce0 JavaThread "Unconstrained build operations Thread 16" [_thread_blocked, id=24124, stack(0x0000009b1ed00000,0x0000009b1ee00000)]
  0x0000020f24bb2460 JavaThread "Unconstrained build operations Thread 17" [_thread_blocked, id=24120, stack(0x0000009b1ee00000,0x0000009b1ef00000)]
  0x0000020f24bb3390 JavaThread "Unconstrained build operations Thread 18" [_thread_blocked, id=16992, stack(0x0000009b1ef00000,0x0000009b1f000000)]
  0x0000020f24bb1f50 JavaThread "Unconstrained build operations Thread 19" [_thread_blocked, id=4340, stack(0x0000009b1f000000,0x0000009b1f100000)]
  0x0000020f24bb5700 JavaThread "Unconstrained build operations Thread 20" [_thread_blocked, id=9252, stack(0x0000009b1f100000,0x0000009b1f200000)]
  0x0000020f24bb38a0 JavaThread "Unconstrained build operations Thread 21" [_thread_blocked, id=16836, stack(0x0000009b1f200000,0x0000009b1f300000)]
  0x0000020f24bb2970 JavaThread "Unconstrained build operations Thread 22" [_thread_blocked, id=6508, stack(0x0000009b1f300000,0x0000009b1f400000)]
  0x0000020f24bb3db0 JavaThread "Unconstrained build operations Thread 23" [_thread_blocked, id=7260, stack(0x0000009b1f400000,0x0000009b1f500000)]
  0x0000020f24bb6630 JavaThread "Unconstrained build operations Thread 24" [_thread_blocked, id=3328, stack(0x0000009b1f500000,0x0000009b1f600000)]
  0x0000020f24bb5c10 JavaThread "Unconstrained build operations Thread 25" [_thread_blocked, id=16872, stack(0x0000009b1f600000,0x0000009b1f700000)]
  0x0000020f24bb2e80 JavaThread "Unconstrained build operations Thread 26" [_thread_blocked, id=12280, stack(0x0000009b1f700000,0x0000009b1f800000)]
  0x0000020f24bb6120 JavaThread "Unconstrained build operations Thread 27" [_thread_blocked, id=16464, stack(0x0000009b1f800000,0x0000009b1f900000)]
  0x0000020f24bb7560 JavaThread "build event listener" [_thread_blocked, id=6840, stack(0x0000009b1f900000,0x0000009b1fa00000)]
  0x0000020f24bb7a70 JavaThread "Memory manager" [_thread_blocked, id=24464, stack(0x0000009b1fa00000,0x0000009b1fb00000)]
  0x0000020f24bb47d0 JavaThread "ForkJoinPool.commonPool-worker-1" daemon [_thread_blocked, id=7504, stack(0x0000009b1fb00000,0x0000009b1fc00000)]
  0x0000020f24bb93c0 JavaThread "ForkJoinPool.commonPool-worker-2" daemon [_thread_blocked, id=24448, stack(0x0000009b1fc00000,0x0000009b1fd00000)]
  0x0000020f24bb89a0 JavaThread "ForkJoinPool.commonPool-worker-3" daemon [_thread_blocked, id=24392, stack(0x0000009b1fd00000,0x0000009b1fe00000)]
  0x0000020f24bb8490 JavaThread "ForkJoinPool.commonPool-worker-4" daemon [_thread_blocked, id=24432, stack(0x0000009b1fe00000,0x0000009b1ff00000)]
  0x0000020f24bb7f80 JavaThread "ForkJoinPool.commonPool-worker-5" daemon [_thread_blocked, id=24512, stack(0x0000009b1ff00000,0x0000009b20000000)]
  0x0000020f24bb8eb0 JavaThread "ForkJoinPool.commonPool-worker-6" daemon [_thread_blocked, id=20604, stack(0x0000009b20000000,0x0000009b20100000)]
  0x0000020f24bb98d0 JavaThread "ForkJoinPool.commonPool-worker-7" daemon [_thread_blocked, id=20592, stack(0x0000009b20100000,0x0000009b20200000)]
  0x0000020f48d87bc0 JavaThread "included builds" [_thread_blocked, id=20792, stack(0x0000009b20200000,0x0000009b20300000)]
  0x0000020f48d84e30 JavaThread "Execution worker" [_thread_blocked, id=20588, stack(0x0000009b20300000,0x0000009b20400000)]
  0x0000020f48d86780 JavaThread "Execution worker Thread 2" [_thread_blocked, id=9032, stack(0x0000009b20400000,0x0000009b20500000)]
  0x0000020f48d880d0 JavaThread "Execution worker Thread 3" [_thread_blocked, id=20600, stack(0x0000009b20500000,0x0000009b20600000)]
  0x0000020f48d885e0 JavaThread "Execution worker Thread 4" [_thread_blocked, id=24348, stack(0x0000009b20600000,0x0000009b20700000)]
  0x0000020f48d88af0 JavaThread "Execution worker Thread 5" [_thread_blocked, id=9688, stack(0x0000009b20700000,0x0000009b20800000)]
  0x0000020f48d86270 JavaThread "Execution worker Thread 6" [_thread_blocked, id=9436, stack(0x0000009b20800000,0x0000009b20900000)]
  0x0000020f48d85340 JavaThread "Execution worker Thread 7" [_thread_blocked, id=5580, stack(0x0000009b20900000,0x0000009b20a00000)]
  0x0000020f48d89000 JavaThread "Cache worker for execution history cache (D:\DelPart\delivery_partner_frontend\node_modules\@react-native\gradle-plugin\.gradle\8.13\executionHistory)" [_thread_blocked, id=13656, stack(0x0000009b20a00000,0x0000009b20b00000)]
  0x0000020f48d85850 JavaThread "Unconstrained build operations Thread 28" [_thread_blocked, id=18740, stack(0x0000009b20b00000,0x0000009b20c00000)]
  0x0000020f48d86c90 JavaThread "Unconstrained build operations Thread 29" [_thread_blocked, id=18744, stack(0x0000009b20c00000,0x0000009b20d00000)]
  0x0000020f48d85d60 JavaThread "Unconstrained build operations Thread 30" [_thread_blocked, id=18100, stack(0x0000009b20d00000,0x0000009b20e00000)]
  0x0000020f48d89510 JavaThread "Unconstrained build operations Thread 31" [_thread_blocked, id=16524, stack(0x0000009b20e00000,0x0000009b20f00000)]
  0x0000020f48d89a20 JavaThread "Unconstrained build operations Thread 32" [_thread_blocked, id=664, stack(0x0000009b20f00000,0x0000009b21000000)]
  0x0000020f48d871a0 JavaThread "Unconstrained build operations Thread 33" [_thread_blocked, id=18760, stack(0x0000009b21000000,0x0000009b21100000)]
  0x0000020f48d8a950 JavaThread "Unconstrained build operations Thread 34" [_thread_blocked, id=11776, stack(0x0000009b21100000,0x0000009b21200000)]
  0x0000020f48d89f30 JavaThread "Unconstrained build operations Thread 35" [_thread_blocked, id=18772, stack(0x0000009b21200000,0x0000009b21300000)]
  0x0000020f48d8a440 JavaThread "Unconstrained build operations Thread 36" [_thread_blocked, id=18768, stack(0x0000009b21300000,0x0000009b21400000)]
  0x0000020f48d8ae60 JavaThread "Unconstrained build operations Thread 37" [_thread_blocked, id=13244, stack(0x0000009b21400000,0x0000009b21500000)]
  0x0000020f48d876b0 JavaThread "Unconstrained build operations Thread 38" [_thread_blocked, id=18940, stack(0x0000009b21500000,0x0000009b21600000)]
  0x0000020f48d8b370 JavaThread "Unconstrained build operations Thread 39" [_thread_blocked, id=21200, stack(0x0000009b21600000,0x0000009b21700000)]
  0x0000020f48d8b880 JavaThread "Unconstrained build operations Thread 40" [_thread_blocked, id=11068, stack(0x0000009b21700000,0x0000009b21800000)]
  0x0000020f48d8bd90 JavaThread "Unconstrained build operations Thread 41" [_thread_blocked, id=2540, stack(0x0000009b21800000,0x0000009b21900000)]
  0x0000020f48d8c7b0 JavaThread "Unconstrained build operations Thread 42" [_thread_blocked, id=24396, stack(0x0000009b21900000,0x0000009b21a00000)]
  0x0000020f48d8c2a0 JavaThread "Unconstrained build operations Thread 43" [_thread_blocked, id=21100, stack(0x0000009b21a00000,0x0000009b21b00000)]
  0x0000020f48dcf9d0 JavaThread "Unconstrained build operations Thread 44" [_thread_blocked, id=21092, stack(0x0000009b21b00000,0x0000009b21c00000)]
  0x0000020f48dd0e10 JavaThread "Unconstrained build operations Thread 45" [_thread_blocked, id=21096, stack(0x0000009b21c00000,0x0000009b21d00000)]
  0x0000020f48dcfee0 JavaThread "Unconstrained build operations Thread 46" [_thread_blocked, id=5492, stack(0x0000009b21d00000,0x0000009b21e00000)]
  0x0000020f48dd1320 JavaThread "Unconstrained build operations Thread 47" [_thread_blocked, id=16408, stack(0x0000009b21e00000,0x0000009b21f00000)]
  0x0000020f48dce080 JavaThread "Unconstrained build operations Thread 48" [_thread_blocked, id=24580, stack(0x0000009b21f00000,0x0000009b22000000)]
  0x0000020f48dce590 JavaThread "WorkerExecutor Queue" [_thread_blocked, id=24724, stack(0x0000009b22000000,0x0000009b22100000)]
  0x0000020f48dd03f0 JavaThread "RMI Scheduler(0)" daemon [_thread_blocked, id=24912, stack(0x0000009b22100000,0x0000009b22200000)]
  0x0000020f48dcefb0 JavaThread "RMI GC Daemon" daemon [_thread_blocked, id=24920, stack(0x0000009b22300000,0x0000009b22400000)]
  0x0000020f48dd2250 JavaThread "RMI TCP Accept-0" daemon [_thread_in_native, id=24928, stack(0x0000009b22400000,0x0000009b22500000)]
  0x0000020f48dd1d40 JavaThread "RMI Reaper" [_thread_blocked, id=24932, stack(0x0000009b22500000,0x0000009b22600000)]
  0x0000020f48dceaa0 JavaThread "RMI TCP Connection(1)-127.0.0.1" daemon [_thread_in_native, id=24940, stack(0x0000009b22600000,0x0000009b22700000)]
  0x0000020f48dd4fe0 JavaThread "Unconstrained build operations Thread 49" [_thread_blocked, id=24744, stack(0x0000009b22700000,0x0000009b22800000)]
  0x0000020f48dd2c70 JavaThread "Unconstrained build operations Thread 50" [_thread_blocked, id=1852, stack(0x0000009b22200000,0x0000009b22300000)]
  0x0000020f48dd2760 JavaThread "Unconstrained build operations Thread 51" [_thread_blocked, id=16788, stack(0x0000009b22800000,0x0000009b22900000)]
  0x0000020f48dd3180 JavaThread "Unconstrained build operations Thread 52" [_thread_blocked, id=25556, stack(0x0000009b22900000,0x0000009b22a00000)]
  0x0000020f48dd3690 JavaThread "Unconstrained build operations Thread 53" [_thread_blocked, id=25560, stack(0x0000009b22a00000,0x0000009b22b00000)]
  0x0000020f48dd3ba0 JavaThread "Unconstrained build operations Thread 54" [_thread_blocked, id=25564, stack(0x0000009b22b00000,0x0000009b22c00000)]
  0x0000020f48dd40b0 JavaThread "Unconstrained build operations Thread 55" [_thread_blocked, id=8628, stack(0x0000009b22c00000,0x0000009b22d00000)]
  0x0000020f48dd0900 JavaThread "Unconstrained build operations Thread 56" [_thread_blocked, id=11168, stack(0x0000009b22d00000,0x0000009b22e00000)]
  0x0000020f48dd5a00 JavaThread "WorkerExecutor Queue Thread 2" [_thread_in_native, id=17336, stack(0x0000009b22e00000,0x0000009b22f00000)]
  0x0000020f48dd4ad0 JavaThread "RMI TCP Connection(2)-127.0.0.1" daemon [_thread_in_native, id=17308, stack(0x0000009b23000000,0x0000009b23100000)]
  0x0000020f45b93970 JavaThread "File lock release action executor" [_thread_blocked, id=16448, stack(0x0000009b23100000,0x0000009b23200000)]
  0x0000020f45b92530 JavaThread "Unconstrained build operations Thread 57" [_thread_blocked, id=13888, stack(0x0000009b23400000,0x0000009b23500000)]
  0x0000020f45b94db0 JavaThread "Unconstrained build operations Thread 58" [_thread_blocked, id=9396, stack(0x0000009b23500000,0x0000009b23600000)]
  0x0000020f45b92f50 JavaThread "Unconstrained build operations Thread 59" [_thread_blocked, id=21740, stack(0x0000009b23600000,0x0000009b23700000)]
  0x0000020f45b93e80 JavaThread "Unconstrained build operations Thread 60" [_thread_blocked, id=21748, stack(0x0000009b23700000,0x0000009b23800000)]
  0x0000020f45b92a40 JavaThread "Unconstrained build operations Thread 61" [_thread_blocked, id=21744, stack(0x0000009b23800000,0x0000009b23900000)]
  0x0000020f45b93460 JavaThread "Unconstrained build operations Thread 62" [_thread_blocked, id=24884, stack(0x0000009b23900000,0x0000009b23a00000)]
  0x0000020f45b92020 JavaThread "Unconstrained build operations Thread 63" [_thread_blocked, id=17240, stack(0x0000009b23a00000,0x0000009b23b00000)]
  0x0000020f45b952c0 JavaThread "Unconstrained build operations Thread 64" [_thread_blocked, id=25532, stack(0x0000009b23b00000,0x0000009b23c00000)]
  0x0000020f45b957d0 JavaThread "Unconstrained build operations Thread 65" [_thread_blocked, id=21496, stack(0x0000009b23c00000,0x0000009b23d00000)]
  0x0000020f45b96c10 JavaThread "Unconstrained build operations Thread 66" [_thread_blocked, id=7732, stack(0x0000009b23d00000,0x0000009b23e00000)]
  0x0000020f45b96700 JavaThread "Unconstrained build operations Thread 67" [_thread_blocked, id=21480, stack(0x0000009b23e00000,0x0000009b23f00000)]
  0x0000020f45b94390 JavaThread "Unconstrained build operations Thread 68" [_thread_blocked, id=18016, stack(0x0000009b23f00000,0x0000009b24000000)]
  0x0000020f45b95ce0 JavaThread "Unconstrained build operations Thread 69" [_thread_blocked, id=18020, stack(0x0000009b24000000,0x0000009b24100000)]
  0x0000020f45b97120 JavaThread "Unconstrained build operations Thread 70" [_thread_blocked, id=10716, stack(0x0000009b24100000,0x0000009b24200000)]
  0x0000020f45b961f0 JavaThread "Unconstrained build operations Thread 71" [_thread_blocked, id=17488, stack(0x0000009b24200000,0x0000009b24300000)]
  0x0000020f45b97630 JavaThread "Unconstrained build operations Thread 72" [_thread_blocked, id=24768, stack(0x0000009b24300000,0x0000009b24400000)]
  0x0000020f45b97b40 JavaThread "Unconstrained build operations Thread 73" [_thread_blocked, id=22696, stack(0x0000009b24400000,0x0000009b24500000)]
  0x0000020f45b98050 JavaThread "Unconstrained build operations Thread 74" [_thread_blocked, id=8656, stack(0x0000009b24500000,0x0000009b24600000)]
  0x0000020f45b948a0 JavaThread "Unconstrained build operations Thread 75" [_thread_blocked, id=21556, stack(0x0000009b24600000,0x0000009b24700000)]
  0x0000020f45b999a0 JavaThread "Unconstrained build operations Thread 76" [_thread_blocked, id=6504, stack(0x0000009b24700000,0x0000009b24800000)]
  0x0000020f45b98560 JavaThread "Unconstrained build operations Thread 77" [_thread_blocked, id=10388, stack(0x0000009b24800000,0x0000009b24900000)]
  0x0000020f45b98a70 JavaThread "jar transforms Thread 2" [_thread_blocked, id=19572, stack(0x0000009b22f00000,0x0000009b23000000)]
  0x0000020f45b99490 JavaThread "jar transforms Thread 3" [_thread_blocked, id=16880, stack(0x0000009b24900000,0x0000009b24a00000)]
  0x0000020f48dd45c0 JavaThread "Unconstrained build operations Thread 78" [_thread_blocked, id=1044, stack(0x0000009b24a00000,0x0000009b24b00000)]
  0x0000020f46a09c20 JavaThread "Unconstrained build operations Thread 79" [_thread_blocked, id=19564, stack(0x0000009b24b00000,0x0000009b24c00000)]
  0x0000020f46a0ab50 JavaThread "Unconstrained build operations Thread 80" [_thread_blocked, id=25352, stack(0x0000009b24c00000,0x0000009b24d00000)]
  0x0000020f46a087e0 JavaThread "WorkerExecutor Queue Thread 3" [_thread_blocked, id=25628, stack(0x0000009b24d00000,0x0000009b24e00000)]
  0x0000020f46a09710 JavaThread "RMI RenewClean-[127.0.0.1:17728,org.jetbrains.kotlin.daemon.common.LoopbackNetworkInterface$ClientLoopbackSocketFactory@3eb82730]" daemon [_thread_blocked, id=25632, stack(0x0000009b24e00000,0x0000009b24f00000)]
  0x0000020f46a078b0 JavaThread "RMI TCP Connection(3)-127.0.0.1" daemon [_thread_in_native, id=25644, stack(0x0000009b24f00000,0x0000009b25000000)]

Other Threads:
  0x0000020f24956370 VMThread "VM Thread" [stack: 0x0000009b1b200000,0x0000009b1b300000] [id=23652]
  0x0000020f24ae9b90 WatcherThread [stack: 0x0000009b1be00000,0x0000009b1bf00000] [id=23700]
  0x0000020f0646e370 GCTaskThread "GC Thread#0" [stack: 0x0000009b1ad00000,0x0000009b1ae00000] [id=23624]
  0x0000020f440efab0 GCTaskThread "GC Thread#1" [stack: 0x0000009b1bf00000,0x0000009b1c000000] [id=23848]
  0x0000020f440efd80 GCTaskThread "GC Thread#2" [stack: 0x0000009b1c000000,0x0000009b1c100000] [id=23852]
  0x0000020f440f0050 GCTaskThread "GC Thread#3" [stack: 0x0000009b1c100000,0x0000009b1c200000] [id=23856]
  0x0000020f440f0320 GCTaskThread "GC Thread#4" [stack: 0x0000009b1c200000,0x0000009b1c300000] [id=23860]
  0x0000020f4404df90 GCTaskThread "GC Thread#5" [stack: 0x0000009b1d200000,0x0000009b1d300000] [id=24248]
  0x0000020f4404ead0 GCTaskThread "GC Thread#6" [stack: 0x0000009b1d300000,0x0000009b1d400000] [id=24252]
  0x0000020f46b78010 GCTaskThread "GC Thread#7" [stack: 0x0000009b1d400000,0x0000009b1d500000] [id=24256]
  0x0000020f0647f1e0 ConcurrentGCThread "G1 Main Marker" [stack: 0x0000009b1ae00000,0x0000009b1af00000] [id=23628]
  0x0000020f06480b20 ConcurrentGCThread "G1 Conc#0" [stack: 0x0000009b1af00000,0x0000009b1b000000] [id=23632]
  0x0000020f46b782e0 ConcurrentGCThread "G1 Conc#1" [stack: 0x0000009b1d500000,0x0000009b1d600000] [id=24260]
  0x0000020f064bd8e0 ConcurrentGCThread "G1 Refine#0" [stack: 0x0000009b1b000000,0x0000009b1b100000] [id=23640]
  0x0000020f247ff1f0 ConcurrentGCThread "G1 Service" [stack: 0x0000009b1b100000,0x0000009b1b200000] [id=23644]

Threads with active compile tasks:
C2 CompilerThread0  37291 12288   !   4       com.google.common.reflect.TypeVisitor::visit (225 bytes)

VM state: not at safepoint (normal execution)

VM Mutex/Monitor currently owned by a thread: None

Heap address: 0x0000000080000000, size: 2048 MB, Compressed Oops mode: 32-bit

CDS archive(s) mapped at: [0x0000020f25000000-0x0000020f25bb0000-0x0000020f25bb0000), size 12255232, SharedBaseAddress: 0x0000020f25000000, ArchiveRelocationMode: 1.
Compressed class space mapped at: 0x0000020f26000000-0x0000020f40000000, reserved size: 436207616
Narrow klass base: 0x0000020f25000000, Narrow klass shift: 0, Narrow klass range: 0x100000000

GC Precious Log:
 CPUs: 8 total, 8 available
 Memory: 15781M
 Large Page Support: Disabled
 NUMA Support: Disabled
 Compressed Oops: Enabled (32-bit)
 Heap Region Size: 1M
 Heap Min Capacity: 8M
 Heap Initial Capacity: 248M
 Heap Max Capacity: 2G
 Pre-touch: Disabled
 Parallel Workers: 8
 Concurrent Workers: 2
 Concurrent Refinement Workers: 8
 Periodic GC: Disabled

Heap:
 garbage-first heap   total 153600K, used 110840K [0x0000000080000000, 0x0000000100000000)
  region size 1024K, 28 young (28672K), 6 survivors (6144K)
 Metaspace       used 83800K, committed 84800K, reserved 557056K
  class space    used 11588K, committed 12096K, reserved 425984K

Heap Regions: E=young(eden), S=young(survivor), O=old, HS=humongous(starts), HC=humongous(continues), CS=collection set, F=free, OA=open archive, CA=closed archive, TAMS=top-at-mark-start (previous, next)
|   0|0x0000000080000000, 0x0000000080100000, 0x0000000080100000|100%|HS|  |TAMS 0x0000000080100000, 0x0000000080000000| Complete 
|   1|0x0000000080100000, 0x0000000080200000, 0x0000000080200000|100%|HC|  |TAMS 0x0000000080200000, 0x0000000080100000| Complete 
|   2|0x0000000080200000, 0x0000000080300000, 0x0000000080300000|100%|HC|  |TAMS 0x0000000080300000, 0x0000000080200000| Complete 
|   3|0x0000000080300000, 0x0000000080400000, 0x0000000080400000|100%| O|  |TAMS 0x0000000080400000, 0x0000000080300000| Untracked 
|   4|0x0000000080400000, 0x0000000080500000, 0x0000000080500000|100%| O|  |TAMS 0x0000000080500000, 0x0000000080400000| Untracked 
|   5|0x0000000080500000, 0x0000000080600000, 0x0000000080600000|100%| O|  |TAMS 0x0000000080600000, 0x0000000080500000| Untracked 
|   6|0x0000000080600000, 0x0000000080700000, 0x0000000080700000|100%|HS|  |TAMS 0x0000000080700000, 0x0000000080600000| Complete 
|   7|0x0000000080700000, 0x0000000080800000, 0x0000000080800000|100%| O|  |TAMS 0x0000000080800000, 0x0000000080700000| Untracked 
|   8|0x0000000080800000, 0x0000000080900000, 0x0000000080900000|100%| O|  |TAMS 0x0000000080900000, 0x0000000080800000| Untracked 
|   9|0x0000000080900000, 0x0000000080a00000, 0x0000000080a00000|100%| O|  |TAMS 0x0000000080a00000, 0x0000000080900000| Untracked 
|  10|0x0000000080a00000, 0x0000000080b00000, 0x0000000080b00000|100%| O|  |TAMS 0x0000000080b00000, 0x0000000080a00000| Untracked 
|  11|0x0000000080b00000, 0x0000000080c00000, 0x0000000080c00000|100%| O|  |TAMS 0x0000000080c00000, 0x0000000080b00000| Untracked 
|  12|0x0000000080c00000, 0x0000000080cc3000, 0x0000000080d00000| 76%| O|  |TAMS 0x0000000080cc3000, 0x0000000080c00000| Untracked 
|  13|0x0000000080d00000, 0x0000000080e00000, 0x0000000080e00000|100%| O|  |TAMS 0x0000000080e00000, 0x0000000080d00000| Untracked 
|  14|0x0000000080e00000, 0x0000000080f00000, 0x0000000080f00000|100%| O|  |TAMS 0x0000000080f00000, 0x0000000080e00000| Untracked 
|  15|0x0000000080f00000, 0x0000000081000000, 0x0000000081000000|100%| O|  |TAMS 0x0000000081000000, 0x0000000080f00000| Untracked 
|  16|0x0000000081000000, 0x0000000081100000, 0x0000000081100000|100%| O|  |TAMS 0x0000000081100000, 0x0000000081000000| Untracked 
|  17|0x0000000081100000, 0x0000000081200000, 0x0000000081200000|100%| O|  |TAMS 0x0000000081200000, 0x0000000081100000| Untracked 
|  18|0x0000000081200000, 0x0000000081300000, 0x0000000081300000|100%| O|  |TAMS 0x0000000081300000, 0x0000000081200000| Untracked 
|  19|0x0000000081300000, 0x0000000081400000, 0x0000000081400000|100%| O|  |TAMS 0x0000000081400000, 0x0000000081300000| Untracked 
|  20|0x0000000081400000, 0x0000000081500000, 0x0000000081500000|100%| O|  |TAMS 0x0000000081500000, 0x0000000081400000| Untracked 
|  21|0x0000000081500000, 0x0000000081600000, 0x0000000081600000|100%| O|  |TAMS 0x0000000081600000, 0x0000000081500000| Untracked 
|  22|0x0000000081600000, 0x0000000081700000, 0x0000000081700000|100%| O|  |TAMS 0x0000000081700000, 0x0000000081600000| Untracked 
|  23|0x0000000081700000, 0x0000000081800000, 0x0000000081800000|100%| O|  |TAMS 0x0000000081800000, 0x0000000081700000| Untracked 
|  24|0x0000000081800000, 0x0000000081900000, 0x0000000081900000|100%| O|  |TAMS 0x0000000081900000, 0x0000000081800000| Untracked 
|  25|0x0000000081900000, 0x0000000081a00000, 0x0000000081a00000|100%| O|  |TAMS 0x0000000081a00000, 0x0000000081900000| Untracked 
|  26|0x0000000081a00000, 0x0000000081b00000, 0x0000000081b00000|100%| O|  |TAMS 0x0000000081b00000, 0x0000000081a00000| Untracked 
|  27|0x0000000081b00000, 0x0000000081c00000, 0x0000000081c00000|100%| O|  |TAMS 0x0000000081c00000, 0x0000000081b00000| Untracked 
|  28|0x0000000081c00000, 0x0000000081d00000, 0x0000000081d00000|100%| O|  |TAMS 0x0000000081d00000, 0x0000000081c00000| Untracked 
|  29|0x0000000081d00000, 0x0000000081e00000, 0x0000000081e00000|100%| O|  |TAMS 0x0000000081e00000, 0x0000000081d00000| Untracked 
|  30|0x0000000081e00000, 0x0000000081f00000, 0x0000000081f00000|100%| O|  |TAMS 0x0000000081f00000, 0x0000000081e00000| Untracked 
|  31|0x0000000081f00000, 0x0000000082000000, 0x0000000082000000|100%| O|  |TAMS 0x0000000082000000, 0x0000000081f00000| Untracked 
|  32|0x0000000082000000, 0x0000000082100000, 0x0000000082100000|100%| O|  |TAMS 0x0000000082100000, 0x0000000082000000| Untracked 
|  33|0x0000000082100000, 0x0000000082200000, 0x0000000082200000|100%| O|  |TAMS 0x0000000082200000, 0x0000000082100000| Untracked 
|  34|0x0000000082200000, 0x0000000082300000, 0x0000000082300000|100%| O|  |TAMS 0x0000000082200000, 0x0000000082200000| Untracked 
|  35|0x0000000082300000, 0x0000000082400000, 0x0000000082400000|100%| O|  |TAMS 0x0000000082400000, 0x0000000082300000| Untracked 
|  36|0x0000000082400000, 0x0000000082500000, 0x0000000082500000|100%| O|  |TAMS 0x0000000082500000, 0x0000000082400000| Untracked 
|  37|0x0000000082500000, 0x0000000082600000, 0x0000000082600000|100%| O|  |TAMS 0x0000000082600000, 0x0000000082500000| Untracked 
|  38|0x0000000082600000, 0x0000000082700000, 0x0000000082700000|100%| O|  |TAMS 0x0000000082700000, 0x0000000082600000| Untracked 
|  39|0x0000000082700000, 0x0000000082800000, 0x0000000082800000|100%| O|  |TAMS 0x0000000082800000, 0x0000000082700000| Untracked 
|  40|0x0000000082800000, 0x0000000082900000, 0x0000000082900000|100%| O|  |TAMS 0x0000000082900000, 0x0000000082800000| Untracked 
|  41|0x0000000082900000, 0x0000000082a00000, 0x0000000082a00000|100%| O|  |TAMS 0x0000000082900000, 0x0000000082900000| Untracked 
|  42|0x0000000082a00000, 0x0000000082b00000, 0x0000000082b00000|100%|HS|  |TAMS 0x0000000082b00000, 0x0000000082a00000| Complete 
|  43|0x0000000082b00000, 0x0000000082c00000, 0x0000000082c00000|100%|HC|  |TAMS 0x0000000082c00000, 0x0000000082b00000| Complete 
|  44|0x0000000082c00000, 0x0000000082d00000, 0x0000000082d00000|100%|HC|  |TAMS 0x0000000082d00000, 0x0000000082c00000| Complete 
|  45|0x0000000082d00000, 0x0000000082e00000, 0x0000000082e00000|100%|HS|  |TAMS 0x0000000082e00000, 0x0000000082d00000| Complete 
|  46|0x0000000082e00000, 0x0000000082f00000, 0x0000000082f00000|100%|HC|  |TAMS 0x0000000082f00000, 0x0000000082e00000| Complete 
|  47|0x0000000082f00000, 0x0000000083000000, 0x0000000083000000|100%|HC|  |TAMS 0x0000000083000000, 0x0000000082f00000| Complete 
|  48|0x0000000083000000, 0x0000000083100000, 0x0000000083100000|100%| O|  |TAMS 0x0000000083100000, 0x0000000083000000| Untracked 
|  49|0x0000000083100000, 0x0000000083200000, 0x0000000083200000|100%| O|  |TAMS 0x0000000083200000, 0x0000000083100000| Untracked 
|  50|0x0000000083200000, 0x0000000083300000, 0x0000000083300000|100%| O|  |TAMS 0x0000000083300000, 0x0000000083200000| Untracked 
|  51|0x0000000083300000, 0x0000000083400000, 0x0000000083400000|100%| O|  |TAMS 0x0000000083400000, 0x0000000083300000| Untracked 
|  52|0x0000000083400000, 0x0000000083500000, 0x0000000083500000|100%| O|  |TAMS 0x0000000083500000, 0x0000000083400000| Untracked 
|  53|0x0000000083500000, 0x0000000083600000, 0x0000000083600000|100%| O|  |TAMS 0x0000000083600000, 0x0000000083500000| Untracked 
|  54|0x0000000083600000, 0x0000000083700000, 0x0000000083700000|100%| O|  |TAMS 0x0000000083700000, 0x0000000083600000| Untracked 
|  55|0x0000000083700000, 0x0000000083800000, 0x0000000083800000|100%| O|  |TAMS 0x0000000083800000, 0x0000000083700000| Untracked 
|  56|0x0000000083800000, 0x0000000083900000, 0x0000000083900000|100%| O|  |TAMS 0x0000000083900000, 0x0000000083800000| Untracked 
|  57|0x0000000083900000, 0x0000000083a00000, 0x0000000083a00000|100%| O|  |TAMS 0x000000008390fc00, 0x0000000083900000| Untracked 
|  58|0x0000000083a00000, 0x0000000083b00000, 0x0000000083b00000|100%| O|  |TAMS 0x0000000083a00000, 0x0000000083a00000| Untracked 
|  59|0x0000000083b00000, 0x0000000083c00000, 0x0000000083c00000|100%| O|  |TAMS 0x0000000083b00000, 0x0000000083b00000| Untracked 
|  60|0x0000000083c00000, 0x0000000083d00000, 0x0000000083d00000|100%| O|  |TAMS 0x0000000083c00000, 0x0000000083c00000| Untracked 
|  61|0x0000000083d00000, 0x0000000083e00000, 0x0000000083e00000|100%| O|  |TAMS 0x0000000083d00000, 0x0000000083d00000| Untracked 
|  62|0x0000000083e00000, 0x0000000083f00000, 0x0000000083f00000|100%| O|  |TAMS 0x0000000083e00000, 0x0000000083e00000| Untracked 
|  63|0x0000000083f00000, 0x0000000084000000, 0x0000000084000000|100%| O|  |TAMS 0x0000000083f00000, 0x0000000083f00000| Untracked 
|  64|0x0000000084000000, 0x0000000084100000, 0x0000000084100000|100%| O|  |TAMS 0x0000000084000000, 0x0000000084000000| Untracked 
|  65|0x0000000084100000, 0x0000000084200000, 0x0000000084200000|100%| O|  |TAMS 0x0000000084100000, 0x0000000084100000| Untracked 
|  66|0x0000000084200000, 0x0000000084300000, 0x0000000084300000|100%| O|  |TAMS 0x0000000084200000, 0x0000000084200000| Untracked 
|  67|0x0000000084300000, 0x0000000084400000, 0x0000000084400000|100%| O|  |TAMS 0x0000000084300000, 0x0000000084300000| Untracked 
|  68|0x0000000084400000, 0x0000000084500000, 0x0000000084500000|100%| O|  |TAMS 0x0000000084400000, 0x0000000084400000| Untracked 
|  69|0x0000000084500000, 0x0000000084600000, 0x0000000084600000|100%| O|  |TAMS 0x0000000084500000, 0x0000000084500000| Untracked 
|  70|0x0000000084600000, 0x0000000084700000, 0x0000000084700000|100%| O|  |TAMS 0x0000000084600000, 0x0000000084600000| Untracked 
|  71|0x0000000084700000, 0x0000000084800000, 0x0000000084800000|100%|HS|  |TAMS 0x0000000084700000, 0x0000000084700000| Complete 
|  72|0x0000000084800000, 0x0000000084900000, 0x0000000084900000|100%|HC|  |TAMS 0x0000000084800000, 0x0000000084800000| Complete 
|  73|0x0000000084900000, 0x0000000084a00000, 0x0000000084a00000|100%|HC|  |TAMS 0x0000000084900000, 0x0000000084900000| Complete 
|  74|0x0000000084a00000, 0x0000000084a00000, 0x0000000084b00000|  0%| F|  |TAMS 0x0000000084a00000, 0x0000000084a00000| Untracked 
|  75|0x0000000084b00000, 0x0000000084c00000, 0x0000000084c00000|100%| O|  |TAMS 0x0000000084b00000, 0x0000000084b00000| Untracked 
|  76|0x0000000084c00000, 0x0000000084d00000, 0x0000000084d00000|100%| O|  |TAMS 0x0000000084c00000, 0x0000000084c00000| Untracked 
|  77|0x0000000084d00000, 0x0000000084e00000, 0x0000000084e00000|100%| O|  |TAMS 0x0000000084d00000, 0x0000000084d00000| Untracked 
|  78|0x0000000084e00000, 0x0000000084f00000, 0x0000000084f00000|100%| O|  |TAMS 0x0000000084e00000, 0x0000000084e00000| Untracked 
|  79|0x0000000084f00000, 0x0000000085000000, 0x0000000085000000|100%| O|  |TAMS 0x0000000084f00000, 0x0000000084f00000| Untracked 
|  80|0x0000000085000000, 0x0000000085100000, 0x0000000085100000|100%| O|  |TAMS 0x0000000085000000, 0x0000000085000000| Untracked 
|  81|0x0000000085100000, 0x0000000085200000, 0x0000000085200000|100%| O|  |TAMS 0x0000000085100000, 0x0000000085100000| Untracked 
|  82|0x0000000085200000, 0x0000000085300000, 0x0000000085300000|100%| O|  |TAMS 0x0000000085200000, 0x0000000085200000| Untracked 
|  83|0x0000000085300000, 0x000000008537b000, 0x0000000085400000| 48%| O|  |TAMS 0x0000000085300000, 0x0000000085300000| Untracked 
|  84|0x0000000085400000, 0x0000000085400000, 0x0000000085500000|  0%| F|  |TAMS 0x0000000085400000, 0x0000000085400000| Untracked 
|  85|0x0000000085500000, 0x0000000085500000, 0x0000000085600000|  0%| F|  |TAMS 0x0000000085500000, 0x0000000085500000| Untracked 
|  86|0x0000000085600000, 0x0000000085600000, 0x0000000085700000|  0%| F|  |TAMS 0x0000000085600000, 0x0000000085600000| Untracked 
|  87|0x0000000085700000, 0x0000000085700000, 0x0000000085800000|  0%| F|  |TAMS 0x0000000085700000, 0x0000000085700000| Untracked 
|  88|0x0000000085800000, 0x0000000085800000, 0x0000000085900000|  0%| F|  |TAMS 0x0000000085800000, 0x0000000085800000| Untracked 
|  89|0x0000000085900000, 0x0000000085900000, 0x0000000085a00000|  0%| F|  |TAMS 0x0000000085900000, 0x0000000085900000| Untracked 
|  90|0x0000000085a00000, 0x0000000085a00000, 0x0000000085b00000|  0%| F|  |TAMS 0x0000000085a00000, 0x0000000085a00000| Untracked 
|  91|0x0000000085b00000, 0x0000000085b00000, 0x0000000085c00000|  0%| F|  |TAMS 0x0000000085b00000, 0x0000000085b00000| Untracked 
|  92|0x0000000085c00000, 0x0000000085c00000, 0x0000000085d00000|  0%| F|  |TAMS 0x0000000085c00000, 0x0000000085c00000| Untracked 
|  93|0x0000000085d00000, 0x0000000085d00000, 0x0000000085e00000|  0%| F|  |TAMS 0x0000000085d00000, 0x0000000085d00000| Untracked 
|  94|0x0000000085e00000, 0x0000000085e00000, 0x0000000085f00000|  0%| F|  |TAMS 0x0000000085e00000, 0x0000000085e00000| Untracked 
|  95|0x0000000085f00000, 0x0000000085f00000, 0x0000000086000000|  0%| F|  |TAMS 0x0000000085f00000, 0x0000000085f00000| Untracked 
|  96|0x0000000086000000, 0x0000000086000000, 0x0000000086100000|  0%| F|  |TAMS 0x0000000086000000, 0x0000000086000000| Untracked 
|  97|0x0000000086100000, 0x0000000086100000, 0x0000000086200000|  0%| F|  |TAMS 0x0000000086100000, 0x0000000086100000| Untracked 
|  98|0x0000000086200000, 0x0000000086200000, 0x0000000086300000|  0%| F|  |TAMS 0x0000000086200000, 0x0000000086200000| Untracked 
|  99|0x0000000086300000, 0x0000000086300000, 0x0000000086400000|  0%| F|  |TAMS 0x0000000086300000, 0x0000000086300000| Untracked 
| 100|0x0000000086400000, 0x0000000086400000, 0x0000000086500000|  0%| F|  |TAMS 0x0000000086400000, 0x0000000086400000| Untracked 
| 101|0x0000000086500000, 0x0000000086500000, 0x0000000086600000|  0%| F|  |TAMS 0x0000000086500000, 0x0000000086500000| Untracked 
| 102|0x0000000086600000, 0x0000000086600000, 0x0000000086700000|  0%| F|  |TAMS 0x0000000086600000, 0x0000000086600000| Untracked 
| 103|0x0000000086700000, 0x0000000086700000, 0x0000000086800000|  0%| F|  |TAMS 0x0000000086700000, 0x0000000086700000| Untracked 
| 104|0x0000000086800000, 0x0000000086800000, 0x0000000086900000|  0%| F|  |TAMS 0x0000000086800000, 0x0000000086800000| Untracked 
| 105|0x0000000086900000, 0x0000000086a00000, 0x0000000086a00000|100%| S|CS|TAMS 0x0000000086900000, 0x0000000086900000| Complete 
| 106|0x0000000086a00000, 0x0000000086b00000, 0x0000000086b00000|100%| S|CS|TAMS 0x0000000086a00000, 0x0000000086a00000| Complete 
| 107|0x0000000086b00000, 0x0000000086c00000, 0x0000000086c00000|100%| S|CS|TAMS 0x0000000086b00000, 0x0000000086b00000| Complete 
| 108|0x0000000086c00000, 0x0000000086d00000, 0x0000000086d00000|100%| S|CS|TAMS 0x0000000086c00000, 0x0000000086c00000| Complete 
| 109|0x0000000086d00000, 0x0000000086e00000, 0x0000000086e00000|100%| S|CS|TAMS 0x0000000086d00000, 0x0000000086d00000| Complete 
| 110|0x0000000086e00000, 0x0000000086f00000, 0x0000000086f00000|100%| S|CS|TAMS 0x0000000086e00000, 0x0000000086e00000| Complete 
| 111|0x0000000086f00000, 0x0000000086f00000, 0x0000000087000000|  0%| F|  |TAMS 0x0000000086f00000, 0x0000000086f00000| Untracked 
| 112|0x0000000087000000, 0x0000000087000000, 0x0000000087100000|  0%| F|  |TAMS 0x0000000087000000, 0x0000000087000000| Untracked 
| 113|0x0000000087100000, 0x0000000087100000, 0x0000000087200000|  0%| F|  |TAMS 0x0000000087100000, 0x0000000087100000| Untracked 
| 114|0x0000000087200000, 0x0000000087200000, 0x0000000087300000|  0%| F|  |TAMS 0x0000000087200000, 0x0000000087200000| Untracked 
| 115|0x0000000087300000, 0x0000000087300000, 0x0000000087400000|  0%| F|  |TAMS 0x0000000087300000, 0x0000000087300000| Untracked 
| 116|0x0000000087400000, 0x0000000087400000, 0x0000000087500000|  0%| F|  |TAMS 0x0000000087400000, 0x0000000087400000| Untracked 
| 117|0x0000000087500000, 0x0000000087500000, 0x0000000087600000|  0%| F|  |TAMS 0x0000000087500000, 0x0000000087500000| Untracked 
| 118|0x0000000087600000, 0x0000000087600000, 0x0000000087700000|  0%| F|  |TAMS 0x0000000087600000, 0x0000000087600000| Untracked 
| 119|0x0000000087700000, 0x0000000087700000, 0x0000000087800000|  0%| F|  |TAMS 0x0000000087700000, 0x0000000087700000| Untracked 
| 120|0x0000000087800000, 0x0000000087800000, 0x0000000087900000|  0%| F|  |TAMS 0x0000000087800000, 0x0000000087800000| Untracked 
| 121|0x0000000087900000, 0x0000000087900000, 0x0000000087a00000|  0%| F|  |TAMS 0x0000000087900000, 0x0000000087900000| Untracked 
| 122|0x0000000087a00000, 0x0000000087a00000, 0x0000000087b00000|  0%| F|  |TAMS 0x0000000087a00000, 0x0000000087a00000| Untracked 
| 123|0x0000000087b00000, 0x0000000087b00000, 0x0000000087c00000|  0%| F|  |TAMS 0x0000000087b00000, 0x0000000087b00000| Untracked 
| 124|0x0000000087c00000, 0x0000000087c00000, 0x0000000087d00000|  0%| F|  |TAMS 0x0000000087c00000, 0x0000000087c00000| Untracked 
| 125|0x0000000087d00000, 0x0000000087d00000, 0x0000000087e00000|  0%| F|  |TAMS 0x0000000087d00000, 0x0000000087d00000| Untracked 
| 126|0x0000000087e00000, 0x0000000087e00000, 0x0000000087f00000|  0%| F|  |TAMS 0x0000000087e00000, 0x0000000087e00000| Untracked 
| 127|0x0000000087f00000, 0x0000000087f00000, 0x0000000088000000|  0%| F|  |TAMS 0x0000000087f00000, 0x0000000087f00000| Untracked 
| 128|0x0000000088000000, 0x0000000088003988, 0x0000000088100000|  1%| E|  |TAMS 0x0000000088000000, 0x0000000088000000| Complete 
| 129|0x0000000088100000, 0x0000000088200000, 0x0000000088200000|100%| E|CS|TAMS 0x0000000088100000, 0x0000000088100000| Complete 
| 130|0x0000000088200000, 0x0000000088300000, 0x0000000088300000|100%| E|CS|TAMS 0x0000000088200000, 0x0000000088200000| Complete 
| 131|0x0000000088300000, 0x0000000088400000, 0x0000000088400000|100%| E|CS|TAMS 0x0000000088300000, 0x0000000088300000| Complete 
| 132|0x0000000088400000, 0x0000000088500000, 0x0000000088500000|100%| E|CS|TAMS 0x0000000088400000, 0x0000000088400000| Complete 
| 133|0x0000000088500000, 0x0000000088600000, 0x0000000088600000|100%| E|CS|TAMS 0x0000000088500000, 0x0000000088500000| Complete 
| 134|0x0000000088600000, 0x00000000886ffe60, 0x0000000088700000| 99%| E|  |TAMS 0x0000000088600000, 0x0000000088600000| Complete 
| 135|0x0000000088700000, 0x0000000088800000, 0x0000000088800000|100%| E|CS|TAMS 0x0000000088700000, 0x0000000088700000| Complete 
| 136|0x0000000088800000, 0x0000000088900000, 0x0000000088900000|100%| E|CS|TAMS 0x0000000088800000, 0x0000000088800000| Complete 
| 137|0x0000000088900000, 0x0000000088a00000, 0x0000000088a00000|100%| E|CS|TAMS 0x0000000088900000, 0x0000000088900000| Complete 
| 138|0x0000000088a00000, 0x0000000088b00000, 0x0000000088b00000|100%| E|CS|TAMS 0x0000000088a00000, 0x0000000088a00000| Complete 
| 139|0x0000000088b00000, 0x0000000088c00000, 0x0000000088c00000|100%| E|CS|TAMS 0x0000000088b00000, 0x0000000088b00000| Complete 
| 140|0x0000000088c00000, 0x0000000088d00000, 0x0000000088d00000|100%| E|CS|TAMS 0x0000000088c00000, 0x0000000088c00000| Complete 
| 141|0x0000000088d00000, 0x0000000088e00000, 0x0000000088e00000|100%| E|CS|TAMS 0x0000000088d00000, 0x0000000088d00000| Complete 
| 142|0x0000000088e00000, 0x0000000088f00000, 0x0000000088f00000|100%| E|CS|TAMS 0x0000000088e00000, 0x0000000088e00000| Complete 
| 143|0x0000000088f00000, 0x0000000089000000, 0x0000000089000000|100%| E|CS|TAMS 0x0000000088f00000, 0x0000000088f00000| Complete 
| 144|0x0000000089000000, 0x0000000089100000, 0x0000000089100000|100%| E|CS|TAMS 0x0000000089000000, 0x0000000089000000| Complete 
| 145|0x0000000089100000, 0x0000000089200000, 0x0000000089200000|100%| E|CS|TAMS 0x0000000089100000, 0x0000000089100000| Complete 
| 146|0x0000000089200000, 0x0000000089300000, 0x0000000089300000|100%| E|CS|TAMS 0x0000000089200000, 0x0000000089200000| Complete 
| 147|0x0000000089300000, 0x0000000089400000, 0x0000000089400000|100%| E|CS|TAMS 0x0000000089300000, 0x0000000089300000| Complete 
| 148|0x0000000089400000, 0x0000000089500000, 0x0000000089500000|100%| E|CS|TAMS 0x0000000089400000, 0x0000000089400000| Complete 
| 247|0x000000008f700000, 0x000000008f800000, 0x000000008f800000|100%| E|CS|TAMS 0x000000008f700000, 0x000000008f700000| Complete 

Card table byte_map: [0x0000020f1d6c0000,0x0000020f1dac0000] _byte_map_base: 0x0000020f1d2c0000

Marking Bits (Prev, Next): (CMBitMap*) 0x0000020f0646e8f0, (CMBitMap*) 0x0000020f0646e8b0
 Prev Bits: [0x0000020f1fec0000, 0x0000020f21ec0000)
 Next Bits: [0x0000020f1dec0000, 0x0000020f1fec0000)

Polling page: 0x0000020f042a0000

Metaspace:

Usage:
  Non-class:     70.52 MB used.
      Class:     11.32 MB used.
       Both:     81.84 MB used.

Virtual space:
  Non-class space:      128.00 MB reserved,      71.00 MB ( 55%) committed,  2 nodes.
      Class space:      416.00 MB reserved,      11.81 MB (  3%) committed,  1 nodes.
             Both:      544.00 MB reserved,      82.81 MB ( 15%) committed. 

Chunk freelists:
   Non-Class:  8.69 MB
       Class:  4.23 MB
        Both:  12.92 MB

MaxMetaspaceSize: 512.00 MB
CompressedClassSpaceSize: 416.00 MB
Initial GC threshold: 21.00 MB
Current GC threshold: 103.69 MB
CDS: on
MetaspaceReclaimPolicy: balanced
 - commit_granule_bytes: 65536.
 - commit_granule_words: 8192.
 - virtual_space_node_default_size: 8388608.
 - enlarge_chunks_in_place: 1.
 - new_chunks_are_fully_committed: 0.
 - uncommit_free_chunks: 1.
 - use_allocation_guard: 0.
 - handle_deallocations: 1.


Internal statistics:

num_allocs_failed_limit: 9.
num_arena_births: 1306.
num_arena_deaths: 0.
num_vsnodes_births: 3.
num_vsnodes_deaths: 0.
num_space_committed: 1325.
num_space_uncommitted: 0.
num_chunks_returned_to_freelist: 9.
num_chunks_taken_from_freelist: 5067.
num_chunk_merges: 9.
num_chunk_splits: 3212.
num_chunks_enlarged: 1991.
num_inconsistent_stats: 0.

CodeHeap 'non-profiled nmethods': size=120000Kb used=5210Kb max_used=5210Kb free=114790Kb
 bounds [0x0000020f15a50000, 0x0000020f15f70000, 0x0000020f1cf80000]
CodeHeap 'profiled nmethods': size=120000Kb used=19232Kb max_used=19232Kb free=100767Kb
 bounds [0x0000020f0df80000, 0x0000020f0f260000, 0x0000020f154b0000]
CodeHeap 'non-nmethods': size=5760Kb used=2428Kb max_used=2473Kb free=3331Kb
 bounds [0x0000020f154b0000, 0x0000020f15730000, 0x0000020f15a50000]
 total_blobs=11325 nmethods=10368 adapters=868
 compilation: enabled
              stopped_count=0, restarted_count=0
 full_count=0

Compilation events (20 events):
Event: 36.007 Thread 0x0000020f24981480 12327       1       org.gradle.internal.execution.history.impl.AbstractInputExecutionState::getInputFileProperties (5 bytes)
Event: 36.007 Thread 0x0000020f24981480 nmethod 12327 0x0000020f15f61690 code [0x0000020f15f61820, 0x0000020f15f618f8]
Event: 36.008 Thread 0x0000020f24981480 12328       3       org.gradle.api.tasks.util.PatternSet::copyFrom (9 bytes)
Event: 36.008 Thread 0x0000020f24981480 nmethod 12328 0x0000020f0e87db10 code [0x0000020f0e87dcc0, 0x0000020f0e87df68]
Event: 36.008 Thread 0x0000020f24981480 12329       3       org.gradle.api.tasks.util.PatternSet::doCopyFrom (105 bytes)
Event: 36.009 Thread 0x0000020f24981480 nmethod 12329 0x0000020f0e87bb10 code [0x0000020f0e87be20, 0x0000020f0e87d318]
Event: 36.009 Thread 0x0000020f24981480 12330       3       java.lang.String::valueOf (39 bytes)
Event: 36.009 Thread 0x0000020f24981480 nmethod 12330 0x0000020f0e21e410 code [0x0000020f0e21e600, 0x0000020f0e21ed18]
Event: 36.009 Thread 0x0000020f24981480 12331       3       com.google.common.collect.ImmutableSortedSet$Builder::<init> (30 bytes)
Event: 36.010 Thread 0x0000020f24981480 nmethod 12331 0x0000020f0e21da10 code [0x0000020f0e21dc00, 0x0000020f0e21e228]
Event: 36.010 Thread 0x0000020f24981480 12332       3       com.google.common.collect.ImmutableSet$Builder::<init> (10 bytes)
Event: 36.010 Thread 0x0000020f24981480 nmethod 12332 0x0000020f0e21d590 code [0x0000020f0e21d740, 0x0000020f0e21d938]
Event: 36.014 Thread 0x0000020f24981480 12333       1       org.gradle.api.internal.file.DefaultUserClassFilePermissions::getRead (5 bytes)
Event: 36.014 Thread 0x0000020f24981480 nmethod 12333 0x0000020f15f61990 code [0x0000020f15f61b20, 0x0000020f15f61bf8]
Event: 36.014 Thread 0x0000020f24981480 12334       1       org.gradle.api.internal.file.DefaultUserClassFilePermissions::getWrite (5 bytes)
Event: 36.014 Thread 0x0000020f24981480 nmethod 12334 0x0000020f15f61c90 code [0x0000020f15f61e20, 0x0000020f15f61ef8]
Event: 36.014 Thread 0x0000020f24981480 12335       1       org.gradle.api.internal.file.DefaultUserClassFilePermissions::getExecute (5 bytes)
Event: 36.014 Thread 0x0000020f24981480 nmethod 12335 0x0000020f15f61f90 code [0x0000020f15f62120, 0x0000020f15f621f8]
Event: 36.092 Thread 0x0000020f2497a3a0 nmethod 12298 0x0000020f15f62290 code [0x0000020f15f625e0, 0x0000020f15f65770]
Event: 36.092 Thread 0x0000020f2497a3a0 12288   !   4       com.google.common.reflect.TypeVisitor::visit (225 bytes)

GC Heap History (20 events):
Event: 12.402 GC heap before
{Heap before GC invocations=27 (full 0):
 garbage-first heap   total 101376K, used 80794K [0x0000000080000000, 0x0000000100000000)
  region size 1024K, 26 young (26624K), 2 survivors (2048K)
 Metaspace       used 60521K, committed 61184K, reserved 491520K
  class space    used 8492K, committed 8768K, reserved 425984K
}
Event: 12.404 GC heap after
{Heap after GC invocations=28 (full 0):
 garbage-first heap   total 101376K, used 57864K [0x0000000080000000, 0x0000000100000000)
  region size 1024K, 2 young (2048K), 2 survivors (2048K)
 Metaspace       used 60521K, committed 61184K, reserved 491520K
  class space    used 8492K, committed 8768K, reserved 425984K
}
Event: 12.436 GC heap before
{Heap before GC invocations=28 (full 0):
 garbage-first heap   total 101376K, used 59912K [0x0000000080000000, 0x0000000100000000)
  region size 1024K, 4 young (4096K), 2 survivors (2048K)
 Metaspace       used 60844K, committed 61568K, reserved 491520K
  class space    used 8544K, committed 8896K, reserved 425984K
}
Event: 12.438 GC heap after
{Heap after GC invocations=29 (full 0):
 garbage-first heap   total 101376K, used 57495K [0x0000000080000000, 0x0000000100000000)
  region size 1024K, 1 young (1024K), 1 survivors (1024K)
 Metaspace       used 60844K, committed 61568K, reserved 491520K
  class space    used 8544K, committed 8896K, reserved 425984K
}
Event: 12.747 GC heap before
{Heap before GC invocations=29 (full 0):
 garbage-first heap   total 101376K, used 82071K [0x0000000080000000, 0x0000000100000000)
  region size 1024K, 25 young (25600K), 1 survivors (1024K)
 Metaspace       used 62825K, committed 63552K, reserved 491520K
  class space    used 8864K, committed 9216K, reserved 425984K
}
Event: 12.750 GC heap after
{Heap after GC invocations=30 (full 0):
 garbage-first heap   total 153600K, used 58263K [0x0000000080000000, 0x0000000100000000)
  region size 1024K, 2 young (2048K), 2 survivors (2048K)
 Metaspace       used 62825K, committed 63552K, reserved 491520K
  class space    used 8864K, committed 9216K, reserved 425984K
}
Event: 13.601 GC heap before
{Heap before GC invocations=31 (full 0):
 garbage-first heap   total 153600K, used 121751K [0x0000000080000000, 0x0000000100000000)
  region size 1024K, 65 young (66560K), 2 survivors (2048K)
 Metaspace       used 66198K, committed 66880K, reserved 491520K
  class space    used 9360K, committed 9664K, reserved 425984K
}
Event: 13.606 GC heap after
{Heap after GC invocations=32 (full 0):
 garbage-first heap   total 153600K, used 63147K [0x0000000080000000, 0x0000000100000000)
  region size 1024K, 6 young (6144K), 6 survivors (6144K)
 Metaspace       used 66198K, committed 66880K, reserved 491520K
  class space    used 9360K, committed 9664K, reserved 425984K
}
Event: 13.620 GC heap before
{Heap before GC invocations=32 (full 0):
 garbage-first heap   total 153600K, used 64171K [0x0000000080000000, 0x0000000100000000)
  region size 1024K, 7 young (7168K), 6 survivors (6144K)
 Metaspace       used 66203K, committed 66880K, reserved 491520K
  class space    used 9360K, committed 9664K, reserved 425984K
}
Event: 13.625 GC heap after
{Heap after GC invocations=33 (full 0):
 garbage-first heap   total 153600K, used 63102K [0x0000000080000000, 0x0000000100000000)
  region size 1024K, 1 young (1024K), 1 survivors (1024K)
 Metaspace       used 66203K, committed 66880K, reserved 491520K
  class space    used 9360K, committed 9664K, reserved 425984K
}
Event: 14.964 GC heap before
{Heap before GC invocations=33 (full 0):
 garbage-first heap   total 153600K, used 123518K [0x0000000080000000, 0x0000000100000000)
  region size 1024K, 60 young (61440K), 1 survivors (1024K)
 Metaspace       used 68444K, committed 69248K, reserved 491520K
  class space    used 9614K, committed 9984K, reserved 425984K
}
Event: 14.969 GC heap after
{Heap after GC invocations=34 (full 0):
 garbage-first heap   total 153600K, used 68444K [0x0000000080000000, 0x0000000100000000)
  region size 1024K, 7 young (7168K), 7 survivors (7168K)
 Metaspace       used 68444K, committed 69248K, reserved 491520K
  class space    used 9614K, committed 9984K, reserved 425984K
}
Event: 15.961 GC heap before
{Heap before GC invocations=34 (full 0):
 garbage-first heap   total 153600K, used 121692K [0x0000000080000000, 0x0000000100000000)
  region size 1024K, 60 young (61440K), 7 survivors (7168K)
 Metaspace       used 72523K, committed 73280K, reserved 491520K
  class space    used 10339K, committed 10688K, reserved 425984K
}
Event: 15.969 GC heap after
{Heap after GC invocations=35 (full 0):
 garbage-first heap   total 153600K, used 72148K [0x0000000080000000, 0x0000000100000000)
  region size 1024K, 5 young (5120K), 5 survivors (5120K)
 Metaspace       used 72523K, committed 73280K, reserved 491520K
  class space    used 10339K, committed 10688K, reserved 425984K
}
Event: 27.739 GC heap before
{Heap before GC invocations=35 (full 0):
 garbage-first heap   total 153600K, used 122324K [0x0000000080000000, 0x0000000100000000)
  region size 1024K, 55 young (56320K), 5 survivors (5120K)
 Metaspace       used 77453K, committed 78272K, reserved 557056K
  class space    used 10998K, committed 11392K, reserved 425984K
}
Event: 27.745 GC heap after
{Heap after GC invocations=36 (full 0):
 garbage-first heap   total 153600K, used 76574K [0x0000000080000000, 0x0000000100000000)
  region size 1024K, 5 young (5120K), 5 survivors (5120K)
 Metaspace       used 77453K, committed 78272K, reserved 557056K
  class space    used 10998K, committed 11392K, reserved 425984K
}
Event: 34.724 GC heap before
{Heap before GC invocations=36 (full 0):
 garbage-first heap   total 153600K, used 127774K [0x0000000080000000, 0x0000000100000000)
  region size 1024K, 51 young (52224K), 5 survivors (5120K)
 Metaspace       used 82008K, committed 82944K, reserved 557056K
  class space    used 11415K, committed 11904K, reserved 425984K
}
Event: 34.730 GC heap after
{Heap after GC invocations=37 (full 0):
 garbage-first heap   total 153600K, used 85164K [0x0000000080000000, 0x0000000100000000)
  region size 1024K, 6 young (6144K), 6 survivors (6144K)
 Metaspace       used 82008K, committed 82944K, reserved 557056K
  class space    used 11415K, committed 11904K, reserved 425984K
}
Event: 35.319 GC heap before
{Heap before GC invocations=37 (full 0):
 garbage-first heap   total 153600K, used 125100K [0x0000000080000000, 0x0000000100000000)
  region size 1024K, 45 young (46080K), 6 survivors (6144K)
 Metaspace       used 83294K, committed 84288K, reserved 557056K
  class space    used 11580K, committed 12096K, reserved 425984K
}
Event: 35.325 GC heap after
{Heap after GC invocations=38 (full 0):
 garbage-first heap   total 153600K, used 90360K [0x0000000080000000, 0x0000000100000000)
  region size 1024K, 6 young (6144K), 6 survivors (6144K)
 Metaspace       used 83294K, committed 84288K, reserved 557056K
  class space    used 11580K, committed 12096K, reserved 425984K
}

Dll operation events (16 events):
Event: 0.015 Loaded shared library C:\Program Files\Microsoft\jdk-17.0.18.8-hotspot\bin\java.dll
Event: 0.080 Loaded shared library C:\Program Files\Microsoft\jdk-17.0.18.8-hotspot\bin\jsvml.dll
Event: 0.250 Loaded shared library C:\Program Files\Microsoft\jdk-17.0.18.8-hotspot\bin\zip.dll
Event: 0.254 Loaded shared library C:\Program Files\Microsoft\jdk-17.0.18.8-hotspot\bin\instrument.dll
Event: 0.259 Loaded shared library C:\Program Files\Microsoft\jdk-17.0.18.8-hotspot\bin\net.dll
Event: 0.261 Loaded shared library C:\Program Files\Microsoft\jdk-17.0.18.8-hotspot\bin\nio.dll
Event: 0.265 Loaded shared library C:\Program Files\Microsoft\jdk-17.0.18.8-hotspot\bin\zip.dll
Event: 0.684 Loaded shared library C:\Program Files\Microsoft\jdk-17.0.18.8-hotspot\bin\jimage.dll
Event: 0.901 Loaded shared library C:\Program Files\Microsoft\jdk-17.0.18.8-hotspot\bin\verify.dll
Event: 0.990 Loaded shared library C:\Users\Sudharani-ITS130\.gradle\native\1def1411415f61bf3af743bc5b6707747c0891f09f0c88961ee8f79bc544acac\windows-amd64\native-platform.dll
Event: 1.008 Loaded shared library C:\Users\Sudharani-ITS130\.gradle\native\0.2.7\x86_64-windows-gnu\gradle-fileevents.dll
Event: 2.708 Loaded shared library C:\Program Files\Microsoft\jdk-17.0.18.8-hotspot\bin\management.dll
Event: 2.709 Loaded shared library C:\Program Files\Microsoft\jdk-17.0.18.8-hotspot\bin\management_ext.dll
Event: 2.894 Loaded shared library C:\Program Files\Microsoft\jdk-17.0.18.8-hotspot\bin\extnet.dll
Event: 3.089 Loaded shared library C:\Program Files\Microsoft\jdk-17.0.18.8-hotspot\bin\sunmscapi.dll
Event: 17.700 Loaded shared library C:\Program Files\Microsoft\jdk-17.0.18.8-hotspot\bin\rmi.dll

Deoptimization events (20 events):
Event: 35.937 Thread 0x0000020f48d84e30 DEOPT PACKING pc=0x0000020f0e72d3ee sp=0x0000009b203fa2d0
Event: 35.937 Thread 0x0000020f48d84e30 DEOPT UNPACKING pc=0x0000020f1550ace3 sp=0x0000009b203f9808 mode 0
Event: 35.942 Thread 0x0000020f48d84e30 Uncommon trap: trap_request=0xffffffbe fr.pc=0x0000020f15f08280 relative=0x00000000000009c0
Event: 35.942 Thread 0x0000020f48d84e30 Uncommon trap: reason=profile_predicate action=maybe_recompile pc=0x0000020f15f08280 method=java.util.regex.Pattern$BnM.optimize(Ljava/util/regex/Pattern$Node;)Ljava/util/regex/Pattern$Node; @ 67 c2
Event: 35.942 Thread 0x0000020f48d84e30 DEOPT PACKING pc=0x0000020f15f08280 sp=0x0000009b203fa660
Event: 35.942 Thread 0x0000020f48d84e30 DEOPT UNPACKING pc=0x0000020f1550a1a3 sp=0x0000009b203fa5b0 mode 2
Event: 35.942 Thread 0x0000020f48d84e30 Uncommon trap: trap_request=0xffffffbe fr.pc=0x0000020f15f08280 relative=0x00000000000009c0
Event: 35.942 Thread 0x0000020f48d84e30 Uncommon trap: reason=profile_predicate action=maybe_recompile pc=0x0000020f15f08280 method=java.util.regex.Pattern$BnM.optimize(Ljava/util/regex/Pattern$Node;)Ljava/util/regex/Pattern$Node; @ 67 c2
Event: 35.942 Thread 0x0000020f48d84e30 DEOPT PACKING pc=0x0000020f15f08280 sp=0x0000009b203fa660
Event: 35.942 Thread 0x0000020f48d84e30 DEOPT UNPACKING pc=0x0000020f1550a1a3 sp=0x0000009b203fa5b0 mode 2
Event: 35.942 Thread 0x0000020f48d84e30 Uncommon trap: trap_request=0xffffffbe fr.pc=0x0000020f15f08280 relative=0x00000000000009c0
Event: 35.942 Thread 0x0000020f48d84e30 Uncommon trap: reason=profile_predicate action=maybe_recompile pc=0x0000020f15f08280 method=java.util.regex.Pattern$BnM.optimize(Ljava/util/regex/Pattern$Node;)Ljava/util/regex/Pattern$Node; @ 67 c2
Event: 35.942 Thread 0x0000020f48d84e30 DEOPT PACKING pc=0x0000020f15f08280 sp=0x0000009b203fa660
Event: 35.942 Thread 0x0000020f48d84e30 DEOPT UNPACKING pc=0x0000020f1550a1a3 sp=0x0000009b203fa5b0 mode 2
Event: 35.942 Thread 0x0000020f48d84e30 Uncommon trap: trap_request=0xffffffbe fr.pc=0x0000020f15f08280 relative=0x00000000000009c0
Event: 35.942 Thread 0x0000020f48d84e30 Uncommon trap: reason=profile_predicate action=maybe_recompile pc=0x0000020f15f08280 method=java.util.regex.Pattern$BnM.optimize(Ljava/util/regex/Pattern$Node;)Ljava/util/regex/Pattern$Node; @ 67 c2
Event: 35.942 Thread 0x0000020f48d84e30 DEOPT PACKING pc=0x0000020f15f08280 sp=0x0000009b203fa660
Event: 35.942 Thread 0x0000020f48d84e30 DEOPT UNPACKING pc=0x0000020f1550a1a3 sp=0x0000009b203fa5b0 mode 2
Event: 35.953 Thread 0x0000020f48d880d0 DEOPT PACKING pc=0x0000020f0e72d3ee sp=0x0000009b205fca60
Event: 35.953 Thread 0x0000020f48d880d0 DEOPT UNPACKING pc=0x0000020f1550ace3 sp=0x0000009b205fbf98 mode 0

Classes loaded (20 events):
Event: 34.993 Loading class jdk/internal/vm/annotation/ForceInline
Event: 34.993 Loading class jdk/internal/vm/annotation/ForceInline done
Event: 35.004 Loading class java/util/AbstractMap$2
Event: 35.005 Loading class java/util/AbstractMap$2 done
Event: 35.005 Loading class java/util/AbstractMap$2$1
Event: 35.005 Loading class java/util/AbstractMap$2$1 done
Event: 35.247 Loading class java/util/AbstractCollectionBeanInfo
Event: 35.247 Loading class java/util/AbstractCollectionBeanInfo done
Event: 35.247 Loading class java/util/AbstractCollectionBeanInfo
Event: 35.247 Loading class java/util/AbstractCollectionBeanInfo done
Event: 35.248 Loading class java/util/AbstractCollectionCustomizer
Event: 35.248 Loading class java/util/AbstractCollectionCustomizer done
Event: 35.248 Loading class java/util/AbstractCollectionCustomizer
Event: 35.248 Loading class java/util/AbstractCollectionCustomizer done
Event: 35.248 Loading class sun/reflect/generics/reflectiveObjects/GenericArrayTypeImpl
Event: 35.248 Loading class sun/reflect/generics/reflectiveObjects/GenericArrayTypeImpl done
Event: 35.546 Loading class java/util/Collections$ReverseComparator
Event: 35.546 Loading class java/util/Collections$ReverseComparator done
Event: 35.546 Loading class java/util/Collections$ReverseComparator2
Event: 35.546 Loading class java/util/Collections$ReverseComparator2 done

Classes unloaded (0 events):
No events

Classes redefined (0 events):
No events

Internal exceptions (20 events):
Event: 35.229 Thread 0x0000020f45b36e40 Exception <a 'java/lang/ClassNotFoundException'{0x00000000879c2bc0}: org/gradle/api/internal/initialization/DefaultScriptHandlerCustomizer> (0x00000000879c2bc0) 
thrown [s\src\hotspot\share\classfile\systemDictionary.cpp, line 256]
Event: 35.230 Thread 0x0000020f45b36e40 Exception <a 'java/lang/ClassNotFoundException'{0x00000000879e2590}: org/gradle/api/internal/initialization/DefaultScriptHandler_DecoratedCustomizer> (0x00000000879e2590) 
thrown [s\src\hotspot\share\classfile\systemDictionary.cpp, line 256]
Event: 35.245 Thread 0x0000020f45b36e40 Exception <a 'java/lang/ClassNotFoundException'{0x000000008742d4f8}: org/gradle/api/internal/artifacts/dsl/DefaultRepositoryHandler_DecoratedBeanInfo> (0x000000008742d4f8) 
thrown [s\src\hotspot\share\classfile\systemDictionary.cpp, line 256]
Event: 35.246 Thread 0x0000020f45b36e40 Exception <a 'java/lang/ClassNotFoundException'{0x0000000087444e68}: org/gradle/api/internal/artifacts/dsl/DefaultRepositoryHandlerBeanInfo> (0x0000000087444e68) 
thrown [s\src\hotspot\share\classfile\systemDictionary.cpp, line 256]
Event: 35.247 Thread 0x0000020f45b36e40 Exception <a 'java/lang/ClassNotFoundException'{0x000000008745dcb8}: org/gradle/api/internal/artifacts/DefaultArtifactRepositoryContainerBeanInfo> (0x000000008745dcb8) 
thrown [s\src\hotspot\share\classfile\systemDictionary.cpp, line 256]
Event: 35.247 Thread 0x0000020f45b36e40 Exception <a 'java/lang/ClassNotFoundException'{0x00000000874739f8}: org/gradle/api/internal/DefaultNamedDomainObjectListBeanInfo> (0x00000000874739f8) 
thrown [s\src\hotspot\share\classfile\systemDictionary.cpp, line 256]
Event: 35.247 Thread 0x0000020f45b36e40 Exception <a 'java/lang/ClassNotFoundException'{0x0000000087489be8}: org/gradle/api/internal/DefaultNamedDomainObjectCollectionBeanInfo> (0x0000000087489be8) 
thrown [s\src\hotspot\share\classfile\systemDictionary.cpp, line 256]
Event: 35.247 Thread 0x0000020f45b36e40 Exception <a 'java/lang/ClassNotFoundException'{0x000000008749fbc8}: org/gradle/api/internal/DefaultDomainObjectCollectionBeanInfo> (0x000000008749fbc8) 
thrown [s\src\hotspot\share\classfile\systemDictionary.cpp, line 256]
Event: 35.247 Thread 0x0000020f45b36e40 Exception <a 'java/lang/ClassNotFoundException'{0x00000000874a7c38}: java/util/AbstractCollectionBeanInfo> (0x00000000874a7c38) 
thrown [s\src\hotspot\share\classfile\systemDictionary.cpp, line 256]
Event: 35.248 Thread 0x0000020f45b36e40 Exception <a 'java/lang/ClassNotFoundException'{0x00000000874af9e8}: java/util/AbstractCollectionCustomizer> (0x00000000874af9e8) 
thrown [s\src\hotspot\share\classfile\systemDictionary.cpp, line 256]
Event: 35.249 Thread 0x0000020f45b36e40 Exception <a 'java/lang/ClassNotFoundException'{0x00000000874d8488}: org/gradle/api/internal/DefaultDomainObjectCollectionCustomizer> (0x00000000874d8488) 
thrown [s\src\hotspot\share\classfile\systemDictionary.cpp, line 256]
Event: 35.251 Thread 0x0000020f45b36e40 Exception <a 'java/lang/ClassNotFoundException'{0x0000000087329530}: org/gradle/api/internal/DefaultNamedDomainObjectCollectionCustomizer> (0x0000000087329530) 
thrown [s\src\hotspot\share\classfile\systemDictionary.cpp, line 256]
Event: 35.253 Thread 0x0000020f45b36e40 Exception <a 'java/lang/ClassNotFoundException'{0x0000000087383e60}: org/gradle/api/internal/DefaultNamedDomainObjectListCustomizer> (0x0000000087383e60) 
thrown [s\src\hotspot\share\classfile\systemDictionary.cpp, line 256]
Event: 35.256 Thread 0x0000020f45b36e40 Exception <a 'java/lang/ClassNotFoundException'{0x00000000872044d0}: org/gradle/api/internal/artifacts/DefaultArtifactRepositoryContainerCustomizer> (0x00000000872044d0) 
thrown [s\src\hotspot\share\classfile\systemDictionary.cpp, line 256]
Event: 35.260 Thread 0x0000020f45b36e40 Exception <a 'java/lang/ClassNotFoundException'{0x000000008728b198}: org/gradle/api/internal/artifacts/dsl/DefaultRepositoryHandlerCustomizer> (0x000000008728b198) 
thrown [s\src\hotspot\share\classfile\systemDictionary.cpp, line 256]
Event: 35.263 Thread 0x0000020f45b36e40 Exception <a 'java/lang/ClassNotFoundException'{0x00000000871375f0}: org/gradle/api/internal/artifacts/dsl/DefaultRepositoryHandler_DecoratedCustomizer> (0x00000000871375f0) 
thrown [s\src\hotspot\share\classfile\systemDictionary.cpp, line 256]
Event: 35.272 Thread 0x0000020f45b36e40 Exception <a 'java/lang/ClassNotFoundException'{0x00000000871e66a8}: org/gradle/api/internal/artifacts/dsl/dependencies/DefaultDependencyHandler_DecoratedBeanInfo> (0x00000000871e66a8) 
thrown [s\src\hotspot\share\classfile\systemDictionary.cpp, line 256]
Event: 35.272 Thread 0x0000020f45b36e40 Exception <a 'java/lang/ClassNotFoundException'{0x00000000871fe628}: org/gradle/api/internal/artifacts/dsl/dependencies/DefaultDependencyHandlerBeanInfo> (0x00000000871fe628) 
thrown [s\src\hotspot\share\classfile\systemDictionary.cpp, line 256]
Event: 35.272 Thread 0x0000020f45b36e40 Exception <a 'java/lang/ClassNotFoundException'{0x0000000087015a88}: org/gradle/api/internal/artifacts/dsl/dependencies/DefaultDependencyHandlerCustomizer> (0x0000000087015a88) 
thrown [s\src\hotspot\share\classfile\systemDictionary.cpp, line 256]
Event: 35.275 Thread 0x0000020f45b36e40 Exception <a 'java/lang/ClassNotFoundException'{0x000000008706ffa0}: org/gradle/api/internal/artifacts/dsl/dependencies/DefaultDependencyHandler_DecoratedCustomizer> (0x000000008706ffa0) 
thrown [s\src\hotspot\share\classfile\systemDictionary.cpp, line 256]

VM Operations (20 events):
Event: 34.419 Executing VM operation: ICBufferFull
Event: 34.419 Executing VM operation: ICBufferFull done
Event: 34.420 Executing VM operation: HandshakeAllThreads
Event: 34.420 Executing VM operation: HandshakeAllThreads done
Event: 34.439 Executing VM operation: HandshakeAllThreads
Event: 34.439 Executing VM operation: HandshakeAllThreads done
Event: 34.723 Executing VM operation: G1CollectForAllocation
Event: 34.730 Executing VM operation: G1CollectForAllocation done
Event: 35.248 Executing VM operation: ICBufferFull
Event: 35.249 Executing VM operation: ICBufferFull done
Event: 35.313 Executing VM operation: HandshakeAllThreads
Event: 35.313 Executing VM operation: HandshakeAllThreads done
Event: 35.319 Executing VM operation: G1CollectForAllocation
Event: 35.325 Executing VM operation: G1CollectForAllocation done
Event: 35.630 Executing VM operation: ICBufferFull
Event: 35.630 Executing VM operation: ICBufferFull done
Event: 35.747 Executing VM operation: ICBufferFull
Event: 35.748 Executing VM operation: ICBufferFull done
Event: 36.760 Executing VM operation: Cleanup
Event: 36.760 Executing VM operation: Cleanup done

Memory protections (0 events):
No events

Nmethod flushes (20 events):
Event: 34.449 Thread 0x0000020f249e8860 flushing  nmethod 0x0000020f0ef3ee90
Event: 34.449 Thread 0x0000020f249e8860 flushing  nmethod 0x0000020f0ef55310
Event: 34.450 Thread 0x0000020f249e8860 flushing  nmethod 0x0000020f0ef9d110
Event: 34.450 Thread 0x0000020f249e8860 flushing  nmethod 0x0000020f0efc2a90
Event: 34.450 Thread 0x0000020f249e8860 flushing  nmethod 0x0000020f0f04a490
Event: 34.450 Thread 0x0000020f249e8860 flushing  nmethod 0x0000020f0f058010
Event: 34.450 Thread 0x0000020f249e8860 flushing  nmethod 0x0000020f0f08ce10
Event: 34.450 Thread 0x0000020f249e8860 flushing  nmethod 0x0000020f0f08da10
Event: 34.450 Thread 0x0000020f249e8860 flushing  nmethod 0x0000020f0f0a6e10
Event: 34.450 Thread 0x0000020f249e8860 flushing  nmethod 0x0000020f0f0d2810
Event: 34.450 Thread 0x0000020f249e8860 flushing  nmethod 0x0000020f0f0f5290
Event: 34.450 Thread 0x0000020f249e8860 flushing  nmethod 0x0000020f0f116810
Event: 34.450 Thread 0x0000020f249e8860 flushing  nmethod 0x0000020f0f118310
Event: 34.450 Thread 0x0000020f249e8860 flushing  nmethod 0x0000020f0f12d190
Event: 34.450 Thread 0x0000020f249e8860 flushing  nmethod 0x0000020f0f184d10
Event: 34.450 Thread 0x0000020f249e8860 flushing  nmethod 0x0000020f0f185510
Event: 34.450 Thread 0x0000020f249e8860 flushing  nmethod 0x0000020f0f186b10
Event: 34.450 Thread 0x0000020f249e8860 flushing  nmethod 0x0000020f0f188090
Event: 34.450 Thread 0x0000020f249e8860 flushing  nmethod 0x0000020f0f189610
Event: 34.450 Thread 0x0000020f249e8860 flushing  nmethod 0x0000020f0f18be10

Events (20 events):
Event: 34.658 Thread 0x0000020f45b36e40 Thread added: 0x0000020f45b96700
Event: 34.659 Thread 0x0000020f45b36e40 Thread added: 0x0000020f45b94390
Event: 34.659 Thread 0x0000020f45b36e40 Thread added: 0x0000020f45b95ce0
Event: 34.660 Thread 0x0000020f45b36e40 Thread added: 0x0000020f45b97120
Event: 34.700 Thread 0x0000020f45b36e40 Thread added: 0x0000020f45b961f0
Event: 34.700 Thread 0x0000020f45b36e40 Thread added: 0x0000020f45b97630
Event: 34.701 Thread 0x0000020f45b36e40 Thread added: 0x0000020f45b97b40
Event: 34.701 Thread 0x0000020f45b36e40 Thread added: 0x0000020f45b98050
Event: 34.701 Thread 0x0000020f45b36e40 Thread added: 0x0000020f45b948a0
Event: 34.701 Thread 0x0000020f45b36e40 Thread added: 0x0000020f45b999a0
Event: 34.701 Thread 0x0000020f45b36e40 Thread added: 0x0000020f45b98560
Event: 34.733 Thread 0x0000020f48dd45c0 Thread exited: 0x0000020f48dd45c0
Event: 34.835 Thread 0x0000020f45b36e40 Thread added: 0x0000020f45b98a70
Event: 35.205 Thread 0x0000020f45b36e40 Thread added: 0x0000020f45b99490
Event: 35.819 Thread 0x0000020f48d84e30 Thread added: 0x0000020f48dd45c0
Event: 35.819 Thread 0x0000020f48d84e30 Thread added: 0x0000020f46a09c20
Event: 35.819 Thread 0x0000020f48d84e30 Thread added: 0x0000020f46a0ab50
Event: 35.945 Thread 0x0000020f48d84e30 Thread added: 0x0000020f46a087e0
Event: 35.955 Thread 0x0000020f48dd5a00 Thread added: 0x0000020f46a09710
Event: 35.977 Thread 0x0000020f48dd2250 Thread added: 0x0000020f46a078b0


Dynamic libraries:
0x00007ff75f3e0000 - 0x00007ff75f3ee000 	C:\Program Files\Microsoft\jdk-17.0.18.8-hotspot\bin\java.exe
0x00007ff9e5820000 - 0x00007ff9e5a86000 	C:\WINDOWS\SYSTEM32\ntdll.dll
0x00007ff9e4310000 - 0x00007ff9e43d9000 	C:\WINDOWS\System32\KERNEL32.DLL
0x00007ff9e2a30000 - 0x00007ff9e2e2f000 	C:\WINDOWS\System32\KERNELBASE.dll
0x00007ff9e3090000 - 0x00007ff9e31dc000 	C:\WINDOWS\System32\ucrtbase.dll
0x00007ff94c600000 - 0x00007ff94c61e000 	C:\Program Files\Microsoft\jdk-17.0.18.8-hotspot\bin\VCRUNTIME140.dll
0x00007ff94d100000 - 0x00007ff94d118000 	C:\Program Files\Microsoft\jdk-17.0.18.8-hotspot\bin\jli.dll
0x00007ff9e5280000 - 0x00007ff9e5446000 	C:\WINDOWS\System32\USER32.dll
0x00007ff9c4a20000 - 0x00007ff9c4cb1000 	C:\WINDOWS\WinSxS\amd64_microsoft.windows.common-controls_6595b64144ccf1df_6.0.26100.8972_none_3e0da176e32f9d4b\COMCTL32.dll
0x00007ff9e3520000 - 0x00007ff9e3547000 	C:\WINDOWS\System32\win32u.dll
0x00007ff9e44a0000 - 0x00007ff9e4549000 	C:\WINDOWS\System32\msvcrt.dll
0x00007ff9e4470000 - 0x00007ff9e449b000 	C:\WINDOWS\System32\GDI32.dll
0x00007ff9e3280000 - 0x00007ff9e33a9000 	C:\WINDOWS\System32\gdi32full.dll
0x00007ff9e33b0000 - 0x00007ff9e3453000 	C:\WINDOWS\System32\msvcp_win.dll
0x00007ff9e3850000 - 0x00007ff9e3882000 	C:\WINDOWS\System32\IMM32.DLL
0x00007ff9cd4e0000 - 0x00007ff9cd4ec000 	C:\Program Files\Microsoft\jdk-17.0.18.8-hotspot\bin\vcruntime140_1.dll
0x00007ff943380000 - 0x00007ff943409000 	C:\Program Files\Microsoft\jdk-17.0.18.8-hotspot\bin\msvcp140.dll
0x00007ff942700000 - 0x00007ff94337a000 	C:\Program Files\Microsoft\jdk-17.0.18.8-hotspot\bin\server\jvm.dll
0x00007ff9e5150000 - 0x00007ff9e520c000 	C:\WINDOWS\System32\ADVAPI32.dll
0x00007ff9e3890000 - 0x00007ff9e393a000 	C:\WINDOWS\System32\sechost.dll
0x00007ff9e4e00000 - 0x00007ff9e4f18000 	C:\WINDOWS\System32\RPCRT4.dll
0x00007ff9e5030000 - 0x00007ff9e50b2000 	C:\WINDOWS\System32\WS2_32.dll
0x00007ff9e2890000 - 0x00007ff9e28ee000 	C:\WINDOWS\SYSTEM32\POWRPROF.dll
0x00007ff9d7360000 - 0x00007ff9d7396000 	C:\WINDOWS\SYSTEM32\WINMM.dll
0x00007ff9d6900000 - 0x00007ff9d690b000 	C:\WINDOWS\SYSTEM32\VERSION.dll
0x00007ff9e2870000 - 0x00007ff9e2885000 	C:\WINDOWS\SYSTEM32\UMPDC.dll
0x00007ff9e1720000 - 0x00007ff9e173b000 	C:\WINDOWS\SYSTEM32\kernel.appcore.dll
0x00007ff9b5d30000 - 0x00007ff9b5d3a000 	C:\Program Files\Microsoft\jdk-17.0.18.8-hotspot\bin\jimage.dll
0x00007ff9e01a0000 - 0x00007ff9e03e2000 	C:\WINDOWS\SYSTEM32\DBGHELP.DLL
0x00007ff9e5450000 - 0x00007ff9e57d5000 	C:\WINDOWS\System32\combase.dll
0x00007ff9e3de0000 - 0x00007ff9e3eb9000 	C:\WINDOWS\System32\OLEAUT32.dll
0x00007ff9cf480000 - 0x00007ff9cf4bb000 	C:\WINDOWS\SYSTEM32\dbgcore.DLL
0x00007ff9e2fd0000 - 0x00007ff9e307c000 	C:\WINDOWS\System32\bcryptPrimitives.dll
0x00007ff978630000 - 0x00007ff97863f000 	C:\Program Files\Microsoft\jdk-17.0.18.8-hotspot\bin\instrument.dll
0x00007ff94c5d0000 - 0x00007ff94c5f6000 	C:\Program Files\Microsoft\jdk-17.0.18.8-hotspot\bin\java.dll
0x00007ff943510000 - 0x00007ff9435e6000 	C:\Program Files\Microsoft\jdk-17.0.18.8-hotspot\bin\jsvml.dll
0x00007ff9e4550000 - 0x00007ff9e4cd8000 	C:\WINDOWS\System32\SHELL32.dll
0x00007ff9e0500000 - 0x00007ff9e0d9b000 	C:\WINDOWS\SYSTEM32\windows.storage.dll
0x00007ff9e4f30000 - 0x00007ff9e5029000 	C:\WINDOWS\System32\SHCORE.dll
0x00007ff9e3570000 - 0x00007ff9e35d6000 	C:\WINDOWS\System32\shlwapi.dll
0x00007ff9e2950000 - 0x00007ff9e2979000 	C:\WINDOWS\SYSTEM32\profapi.dll
0x00007ff94b8a0000 - 0x00007ff94b8b8000 	C:\Program Files\Microsoft\jdk-17.0.18.8-hotspot\bin\zip.dll
0x00007ff94bfd0000 - 0x00007ff94bfeb000 	C:\Program Files\Microsoft\jdk-17.0.18.8-hotspot\bin\net.dll
0x00007ff9da220000 - 0x00007ff9da348000 	C:\WINDOWS\SYSTEM32\WINHTTP.dll
0x00007ff9e1cd0000 - 0x00007ff9e1d3c000 	C:\WINDOWS\system32\mswsock.dll
0x00007ff94b8c0000 - 0x00007ff94b8d6000 	C:\Program Files\Microsoft\jdk-17.0.18.8-hotspot\bin\nio.dll
0x00007ff9b6280000 - 0x00007ff9b6290000 	C:\Program Files\Microsoft\jdk-17.0.18.8-hotspot\bin\verify.dll
0x00007ff9b6250000 - 0x00007ff9b6277000 	C:\Users\Sudharani-ITS130\.gradle\native\1def1411415f61bf3af743bc5b6707747c0891f09f0c88961ee8f79bc544acac\windows-amd64\native-platform.dll
0x00007ff941750000 - 0x00007ff9417c8000 	C:\Users\Sudharani-ITS130\.gradle\native\0.2.7\x86_64-windows-gnu\gradle-fileevents.dll
0x00007ff9b6240000 - 0x00007ff9b624a000 	C:\Program Files\Microsoft\jdk-17.0.18.8-hotspot\bin\management.dll
0x00007ff9b3a20000 - 0x00007ff9b3a2c000 	C:\Program Files\Microsoft\jdk-17.0.18.8-hotspot\bin\management_ext.dll
0x00007ff9e4f20000 - 0x00007ff9e4f28000 	C:\WINDOWS\System32\PSAPI.DLL
0x00007ff9e1140000 - 0x00007ff9e1173000 	C:\WINDOWS\SYSTEM32\IPHLPAPI.DLL
0x00007ff9e3610000 - 0x00007ff9e361a000 	C:\WINDOWS\System32\NSI.dll
0x00007ff9da480000 - 0x00007ff9da49d000 	C:\WINDOWS\SYSTEM32\dhcpcsvc6.DLL
0x00007ff9da450000 - 0x00007ff9da475000 	C:\WINDOWS\SYSTEM32\dhcpcsvc.DLL
0x00007ff9e11e0000 - 0x00007ff9e1338000 	C:\WINDOWS\SYSTEM32\DNSAPI.dll
0x00007ff9e1ad0000 - 0x00007ff9e1add000 	C:\WINDOWS\SYSTEM32\DSPARSE.dll
0x00007ff9b1ed0000 - 0x00007ff9b1ed9000 	C:\Program Files\Microsoft\jdk-17.0.18.8-hotspot\bin\extnet.dll
0x00007ff9e1fc0000 - 0x00007ff9e1fdb000 	C:\WINDOWS\SYSTEM32\CRYPTSP.dll
0x00007ff9e1680000 - 0x00007ff9e16b9000 	C:\WINDOWS\system32\rsaenh.dll
0x00007ff9e1d80000 - 0x00007ff9e1db2000 	C:\WINDOWS\SYSTEM32\USERENV.dll
0x00007ff9e2920000 - 0x00007ff9e294a000 	C:\WINDOWS\SYSTEM32\bcrypt.dll
0x00007ff9e1fe0000 - 0x00007ff9e1fec000 	C:\WINDOWS\SYSTEM32\CRYPTBASE.dll
0x00007ff974710000 - 0x00007ff97471e000 	C:\Program Files\Microsoft\jdk-17.0.18.8-hotspot\bin\sunmscapi.dll
0x00007ff9e2e40000 - 0x00007ff9e2fbe000 	C:\WINDOWS\System32\CRYPT32.dll
0x00007ff9e2200000 - 0x00007ff9e2230000 	C:\WINDOWS\SYSTEM32\ncrypt.dll
0x00007ff9e21b0000 - 0x00007ff9e21ef000 	C:\WINDOWS\SYSTEM32\NTASN1.dll
0x00007ff9cd4b0000 - 0x00007ff9cd4b8000 	C:\WINDOWS\system32\wshunix.dll
0x00007ff9dca20000 - 0x00007ff9dca27000 	C:\Program Files\Microsoft\jdk-17.0.18.8-hotspot\bin\rmi.dll

dbghelp: loaded successfully - version: 4.0.5 - missing functions: none
symbol engine: initialized successfully - sym options: 0x614 - pdb path: .;C:\Program Files\Microsoft\jdk-17.0.18.8-hotspot\bin;C:\WINDOWS\SYSTEM32;C:\WINDOWS\WinSxS\amd64_microsoft.windows.common-controls_6595b64144ccf1df_6.0.26100.8972_none_3e0da176e32f9d4b;C:\Program Files\Microsoft\jdk-17.0.18.8-hotspot\bin\server;C:\Users\Sudharani-ITS130\.gradle\native\1def1411415f61bf3af743bc5b6707747c0891f09f0c88961ee8f79bc544acac\windows-amd64;C:\Users\Sudharani-ITS130\.gradle\native\0.2.7\x86_64-windows-gnu

VM Arguments:
jvm_args: --add-opens=java.base/java.lang=ALL-UNNAMED --add-opens=java.base/java.lang.invoke=ALL-UNNAMED --add-opens=java.base/java.util=ALL-UNNAMED --add-opens=java.prefs/java.util.prefs=ALL-UNNAMED --add-exports=jdk.compiler/com.sun.tools.javac.api=ALL-UNNAMED --add-exports=jdk.compiler/com.sun.tools.javac.util=ALL-UNNAMED --add-opens=java.base/java.util=ALL-UNNAMED --add-opens=java.prefs/java.util.prefs=ALL-UNNAMED --add-opens=java.base/java.nio.charset=ALL-UNNAMED --add-opens=java.base/java.net=ALL-UNNAMED --add-opens=java.base/java.util.concurrent.atomic=ALL-UNNAMED --add-opens=java.xml/javax.xml.namespace=ALL-UNNAMED -XX:MaxMetaspaceSize=512m -Xmx2048m -Dfile.encoding=windows-1252 -Duser.country=US -Duser.language=en -Duser.variant -javaagent:C:\Users\Sudharani-ITS130\.gradle\wrapper\dists\gradle-8.13-bin\5xuhj0ry160q40clulazy9h7d\gradle-8.13\lib\agents\gradle-instrumentation-agent-8.13.jar 
java_command: org.gradle.launcher.daemon.bootstrap.GradleDaemon 8.13
java_class_path (initial): C:\Users\Sudharani-ITS130\.gradle\wrapper\dists\gradle-8.13-bin\5xuhj0ry160q40clulazy9h7d\gradle-8.13\lib\gradle-daemon-main-8.13.jar
Launcher Type: SUN_STANDARD

[Global flags]
     intx CICompilerCount                          = 4                                         {product} {ergonomic}
   size_t CompressedClassSpaceSize                 = 436207616                                 {product} {ergonomic}
     uint ConcGCThreads                            = 2                                         {product} {ergonomic}
     uint G1ConcRefinementThreads                  = 8                                         {product} {ergonomic}
   size_t G1HeapRegionSize                         = 1048576                                   {product} {ergonomic}
    uintx GCDrainStackTargetSize                   = 64                                        {product} {ergonomic}
   size_t InitialHeapSize                          = 260046848                                 {product} {ergonomic}
   size_t MarkStackSize                            = 4194304                                   {product} {ergonomic}
   size_t MaxHeapSize                              = 2147483648                                {product} {command line}
   size_t MaxMetaspaceSize                         = 536870912                                 {product} {command line}
   size_t MaxNewSize                               = 1287651328                                {product} {ergonomic}
   size_t MinHeapDeltaBytes                        = 1048576                                   {product} {ergonomic}
   size_t MinHeapSize                              = 8388608                                   {product} {ergonomic}
    uintx NonNMethodCodeHeapSize                   = 5839372                                {pd product} {ergonomic}
    uintx NonProfiledCodeHeapSize                  = 122909434                              {pd product} {ergonomic}
    uintx ProfiledCodeHeapSize                     = 122909434                              {pd product} {ergonomic}
    uintx ReservedCodeCacheSize                    = 251658240                              {pd product} {ergonomic}
     bool SegmentedCodeCache                       = true                                      {product} {ergonomic}
   size_t SoftMaxHeapSize                          = 2147483648                             {manageable} {ergonomic}
     bool UseCompressedClassPointers               = true                           {product lp64_product} {ergonomic}
     bool UseCompressedOops                        = true                           {product lp64_product} {ergonomic}
     bool UseG1GC                                  = true                                      {product} {ergonomic}
     bool UseLargePagesIndividualAllocation        = false                                  {pd product} {ergonomic}

Logging:
Log output configuration:
 #0: stdout all=warning uptime,level,tags
 #1: stderr all=off uptime,level,tags

Environment Variables:
JAVA_HOME=C:\Program Files\Microsoft\jdk-17.0.18.8-hotspot\
PATH=D:\DelPart\delivery_partner_frontend\node_modules\.bin;D:\DelPart\delivery_partner_frontend\node_modules\.bin;D:\DelPart\node_modules\.bin;D:\node_modules\.bin;C:\Program Files\nodejs\node_modules\npm\node_modules\@npmcli\run-script\lib\node-gyp-bin;%PATH%;C:\Users\Sudharani-ITS130\AppData\Local\Android\Sdk\platform-tools;C:\Users\Sudharani-ITS130\AppData\Local\Android\Sdk\emulator;C:\Users\Sudharani-ITS130\AppData\Local\Android\Sdk\platform-tools;C:\Users\Sudharani-ITS130\AppData\Local\Android\Sdk\emulator;;C:\WINDOWS\system32;C:\WINDOWS;C:\WINDOWS\System32\Wbem;C:\WINDOWS\System32\WindowsPowerShell\v1.0\;C:\WINDOWS\System32\OpenSSH\;C:\Program Files\Microsoft\jdk-17.0.18.8-hotspot\bin;C:\Python314\Scripts\;C:\Python314\;C:\Windows\system32;C:\Windows;C:\Windows\System32\Wbem;C:\Windows\System32\WindowsPowerShell\v1.0\;C:\Windows\System32\OpenSSH\;C:\Program Files\nodejs\;C:\ProgramData\chocolatey\bin;C:\Program Files\Git\cmd;C:\Users\Sudharani-ITS130\AppData\Local\Microsoft\WindowsApps;C:\Users\Sudharani-ITS130\AppData\Roaming\npm;C:\Users\Sudharani-ITS130\AppData\Local\Programs\Microsoft VS Code\bin;C:\Users\Sudharani-ITS130\AppData\Local\Microsoft\WindowsApps
USERNAME=Sudharani-ITS130
LANG=en_US.UTF-8
OS=Windows_NT
PROCESSOR_IDENTIFIER=Intel64 Family 6 Model 140 Stepping 1, GenuineIntel
TMP=C:\Users\SUDHAR~1\AppData\Local\Temp
TEMP=C:\Users\SUDHAR~1\AppData\Local\Temp



Periodic native trim disabled


---------------  S Y S T E M  ---------------

OS:
 Windows 11 , 64 bit Build 26100 (10.0.26100.9168)
OS uptime: 0 days 1:26 hours

CPU: total 8 (initial active 8) (4 cores per cpu, 2 threads per core) family 6 model 140 stepping 1 microcode 0xbe, cx8, cmov, fxsr, ht, mmx, 3dnowpref, sse, sse2, sse3, ssse3, sse4.1, sse4.2, popcnt, lzcnt, tsc, tscinvbit, avx, avx2, aes, erms, clmul, bmi1, bmi2, adx, avx512f, avx512dq, avx512cd, avx512bw, avx512vl, sha, fma, vzeroupper, avx512_vpopcntdq, avx512_vpclmulqdq, avx512_vaes, avx512_vnni, clflush, clflushopt, clwb, avx512_vbmi2, avx512_vbmi
Processor Information for processor 0
  Max Mhz: 1382, Current Mhz: 1184, Mhz Limit: 1382
Processor Information for processor 1
  Max Mhz: 1382, Current Mhz: 1382, Mhz Limit: 1382
Processor Information for processor 2
  Max Mhz: 1382, Current Mhz: 1382, Mhz Limit: 1382
Processor Information for processor 3
  Max Mhz: 1382, Current Mhz: 1382, Mhz Limit: 1382
Processor Information for processor 4
  Max Mhz: 1382, Current Mhz: 1382, Mhz Limit: 1382
Processor Information for processor 5
  Max Mhz: 1382, Current Mhz: 1382, Mhz Limit: 1382
Processor Information for processor 6
  Max Mhz: 1382, Current Mhz: 1382, Mhz Limit: 1382
Processor Information for processor 7
  Max Mhz: 1382, Current Mhz: 1382, Mhz Limit: 1382

Memory: 4k page, system-wide physical 15781M (337M free)
TotalPageFile size 40646M (AvailPageFile size 8M)
current process WorkingSet (physical memory assigned to process): 387M, peak: 389M
current process commit charge ("private bytes"): 426M, peak: 427M

vm_info: OpenJDK 64-Bit Server VM (17.0.18+8-LTS) for windows-amd64 JRE (17.0.18+8-LTS), built on Jan 15 2026 18:50:45 by "MicrosoftCorporation" with MS VC++ 17.14 (VS2022)

END.
