#
# There is insufficient memory for the Java Runtime Environment to continue.
# Native memory allocation (malloc) failed to allocate 1048576 bytes. Error detail: AllocateHeap
# Possible reasons:
#   The system is out of physical RAM or swap space
#   This process is running with CompressedOops enabled, and the Java Heap may be blocking the growth of the native heap
# Possible solutions:
#   Reduce memory load on the system
#   Increase physical memory or swap space
#   Check if swap backing store is full
#   Decrease Java heap size (-Xmx/-Xms)
#   Decrease number of Java threads
#   Decrease Java thread stack sizes (-Xss)
#   Set larger code cache with -XX:ReservedCodeCacheSize=
#   JVM is running with Unscaled Compressed Oops mode in which the Java heap is
#     placed in the first 4GB address space. The Java Heap base address is the
#     maximum limit for the native heap growth. Please use -XX:HeapBaseMinAddress
#     to set the Java Heap base and to place the Java Heap above 4GB virtual address.
# This output file may be truncated or incomplete.
#
#  Out of Memory Error (allocation.cpp:44), pid=25144, tid=2804
#
# JRE version:  (17.0.18+8) (build )
# Java VM: OpenJDK 64-Bit Server VM (17.0.18+8-LTS, mixed mode, sharing, tiered, compressed oops, compressed class ptrs, g1 gc, windows-amd64)
# No core dump will be written. Minidumps are not enabled by default on client versions of Windows
#

---------------  S U M M A R Y ------------

Command Line: com.google.prefab.cli.AppKt --build-system cmake --platform android --abi armeabi-v7a --os-version 24 --stl c++_shared --ndk-version 27 --output C:\\Users\\SUDHAR~1\\AppData\\Local\\Temp\\agp-prefab-staging5142642501681399897\\staged-cli-output D:\\DelPart\\delivery_partner_frontend\\android\\app\\build\\intermediates\\cxx\\refs\\react-native-vision-camera\\81q1r4y5 D:\\DelPart\\delivery_partner_frontend\\android\\app\\build\\intermediates\\cxx\\refs\\react-native-worklets\\215t504n C:\\Users\\Sudharani-ITS130\\.gradle\\caches\\8.13\\transforms\\fac6add558499c819e05e7ff22763937\\transformed\\react-android-0.82.1-debug\\prefab D:\\DelPart\\delivery_partner_frontend\\android\\app\\build\\intermediates\\cxx\\refs\\react-native-reanimated\\4b296c6m C:\\Users\\Sudharani-ITS130\\.gradle\\caches\\8.13\\transforms\\cf04b25047d80213defd7e95f84ad8ab\\transformed\\hermes-android-0.82.1-debug\\prefab C:\\Users\\Sudharani-ITS130\\.gradle\\caches\\8.13\\transforms\\016da305a2456420da72e321f4a5996d\\transformed\\fbjni-0.7.0\\prefab

Host: 11th Gen Intel(R) Core(TM) i5-1135G7 @ 2.40GHz, 8 cores, 15G,  Windows 11 , 64 bit Build 26100 (10.0.26100.9168)
Time: Mon Aug 24 10:27:24 2026 India Standard Time elapsed time: 1.013259 seconds (0d 0h 0m 1s)

---------------  T H R E A D  ---------------

Current thread (0x000002037f7ffd40):  JavaThread "Unknown thread" [_thread_in_vm, id=2804, stack(0x0000001a16200000,0x0000001a16300000)]

Stack: [0x0000001a16200000,0x0000001a16300000]
Native frames: (J=compiled Java code, j=interpreted, Vv=VM code, C=native code)
V  [jvm.dll+0x68c879]  (no source info available)
V  [jvm.dll+0x845979]  (no source info available)
V  [jvm.dll+0x8476e8]  (no source info available)
V  [jvm.dll+0x847d73]  (no source info available)
V  [jvm.dll+0x24cf6f]  (no source info available)
V  [jvm.dll+0xa93f7]  (no source info available)
V  [jvm.dll+0x2e25e6]  (no source info available)
V  [jvm.dll+0x8186e2]  (no source info available)
V  [jvm.dll+0x377601]  (no source info available)
V  [jvm.dll+0x7f6d65]  (no source info available)
V  [jvm.dll+0x3fd47b]  (no source info available)
V  [jvm.dll+0x3ff0b1]  (no source info available)
C  [jli.dll+0x52f0]  (no source info available)
C  [ucrtbase.dll+0x2cd30]  (no source info available)
C  [KERNEL32.DLL+0x2ccb7]  (no source info available)
C  [ntdll.dll+0xaad6c]  (no source info available)


---------------  P R O C E S S  ---------------

Threads class SMR info:
_java_thread_list=0x00007ff97b276058, length=0, elements={
}

Java Threads: ( => current thread )

Other Threads:

=>0x000002037f7ffd40 (exited) JavaThread "Unknown thread" [_thread_in_vm, id=2804, stack(0x0000001a16200000,0x0000001a16300000)]

Threads with active compile tasks:

VM state: not at safepoint (not fully initialized)

VM Mutex/Monitor currently owned by a thread: None

Heap address: 0x0000000000000000, size: 0 MB, Compressed Oops mode: 32-bit

CDS archive(s) mapped at: [0x0000000000000000-0x0000000000000000-0x0000000000000000), size 0, SharedBaseAddress: 0x0000000800000000, ArchiveRelocationMode: 1.
Narrow klass base: 0x0000000000000000, Narrow klass shift: 0, Narrow klass range: 0x0

GC Precious Log:
<Empty>

GC Heap History (0 events):
No events

Dll operation events (1 events):
Event: 0.008 Loaded shared library C:\Program Files\Microsoft\jdk-17.0.18.8-hotspot\bin\java.dll

Deoptimization events (0 events):
No events

Classes loaded (0 events):
No events

Classes unloaded (0 events):
No events

Classes redefined (0 events):
No events

Internal exceptions (0 events):
No events

VM Operations (0 events):
No events

Memory protections (0 events):
No events

Nmethod flushes (0 events):
No events

Events (0 events):
No events


Dynamic libraries:
0x00007ff74f650000 - 0x00007ff74f65e000 	C:\Program Files\Microsoft\jdk-17.0.18.8-hotspot\bin\java.exe
0x00007ff9e5820000 - 0x00007ff9e5a86000 	C:\WINDOWS\SYSTEM32\ntdll.dll
0x00007ff9e4310000 - 0x00007ff9e43d9000 	C:\WINDOWS\System32\KERNEL32.DLL
0x00007ff9e2a30000 - 0x00007ff9e2e2f000 	C:\WINDOWS\System32\KERNELBASE.dll
0x00007ff9e3090000 - 0x00007ff9e31dc000 	C:\WINDOWS\System32\ucrtbase.dll
0x00007ff9adc10000 - 0x00007ff9adc28000 	C:\Program Files\Microsoft\jdk-17.0.18.8-hotspot\bin\jli.dll
0x00007ff9b6e60000 - 0x00007ff9b6e7e000 	C:\Program Files\Microsoft\jdk-17.0.18.8-hotspot\bin\VCRUNTIME140.dll
0x00007ff9e5280000 - 0x00007ff9e5446000 	C:\WINDOWS\System32\USER32.dll
0x00007ff9c4a20000 - 0x00007ff9c4cb1000 	C:\WINDOWS\WinSxS\amd64_microsoft.windows.common-controls_6595b64144ccf1df_6.0.26100.8972_none_3e0da176e32f9d4b\COMCTL32.dll
0x00007ff9e3520000 - 0x00007ff9e3547000 	C:\WINDOWS\System32\win32u.dll
0x00007ff9e4470000 - 0x00007ff9e449b000 	C:\WINDOWS\System32\GDI32.dll
0x00007ff9e44a0000 - 0x00007ff9e4549000 	C:\WINDOWS\System32\msvcrt.dll
0x00007ff9e3280000 - 0x00007ff9e33a9000 	C:\WINDOWS\System32\gdi32full.dll
0x00007ff9e33b0000 - 0x00007ff9e3453000 	C:\WINDOWS\System32\msvcp_win.dll
0x00007ff9e3850000 - 0x00007ff9e3882000 	C:\WINDOWS\System32\IMM32.DLL
0x00007ff9cc540000 - 0x00007ff9cc54c000 	C:\Program Files\Microsoft\jdk-17.0.18.8-hotspot\bin\vcruntime140_1.dll
0x00007ff97b3b0000 - 0x00007ff97b439000 	C:\Program Files\Microsoft\jdk-17.0.18.8-hotspot\bin\msvcp140.dll
0x00007ff97a730000 - 0x00007ff97b3aa000 	C:\Program Files\Microsoft\jdk-17.0.18.8-hotspot\bin\server\jvm.dll
0x00007ff9e5150000 - 0x00007ff9e520c000 	C:\WINDOWS\System32\ADVAPI32.dll
0x00007ff9e3890000 - 0x00007ff9e393a000 	C:\WINDOWS\System32\sechost.dll
0x00007ff9e4e00000 - 0x00007ff9e4f18000 	C:\WINDOWS\System32\RPCRT4.dll
0x00007ff9e5030000 - 0x00007ff9e50b2000 	C:\WINDOWS\System32\WS2_32.dll
0x00007ff9e2890000 - 0x00007ff9e28ee000 	C:\WINDOWS\SYSTEM32\POWRPROF.dll
0x00007ff9d6900000 - 0x00007ff9d690b000 	C:\WINDOWS\SYSTEM32\VERSION.dll
0x00007ff9d7360000 - 0x00007ff9d7396000 	C:\WINDOWS\SYSTEM32\WINMM.dll
0x00007ff9e2870000 - 0x00007ff9e2885000 	C:\WINDOWS\SYSTEM32\UMPDC.dll
0x00007ff9e1720000 - 0x00007ff9e173b000 	C:\WINDOWS\SYSTEM32\kernel.appcore.dll
0x00007ff9c64c0000 - 0x00007ff9c64ca000 	C:\Program Files\Microsoft\jdk-17.0.18.8-hotspot\bin\jimage.dll
0x00007ff9e01a0000 - 0x00007ff9e03e2000 	C:\WINDOWS\SYSTEM32\DBGHELP.DLL
0x00007ff9e5450000 - 0x00007ff9e57d5000 	C:\WINDOWS\System32\combase.dll
0x00007ff9e3de0000 - 0x00007ff9e3eb9000 	C:\WINDOWS\System32\OLEAUT32.dll
0x00007ff9d8fe0000 - 0x00007ff9d901b000 	C:\WINDOWS\SYSTEM32\dbgcore.DLL
0x00007ff9e2fd0000 - 0x00007ff9e307c000 	C:\WINDOWS\System32\bcryptPrimitives.dll
0x00007ff97a700000 - 0x00007ff97a726000 	C:\Program Files\Microsoft\jdk-17.0.18.8-hotspot\bin\java.dll

dbghelp: loaded successfully - version: 4.0.5 - missing functions: none
symbol engine: initialized successfully - sym options: 0x614 - pdb path: .;C:\Program Files\Microsoft\jdk-17.0.18.8-hotspot\bin;C:\WINDOWS\SYSTEM32;C:\WINDOWS\WinSxS\amd64_microsoft.windows.common-controls_6595b64144ccf1df_6.0.26100.8972_none_3e0da176e32f9d4b;C:\Program Files\Microsoft\jdk-17.0.18.8-hotspot\bin\server

VM Arguments:
java_command: com.google.prefab.cli.AppKt --build-system cmake --platform android --abi armeabi-v7a --os-version 24 --stl c++_shared --ndk-version 27 --output C:\\Users\\SUDHAR~1\\AppData\\Local\\Temp\\agp-prefab-staging5142642501681399897\\staged-cli-output D:\\DelPart\\delivery_partner_frontend\\android\\app\\build\\intermediates\\cxx\\refs\\react-native-vision-camera\\81q1r4y5 D:\\DelPart\\delivery_partner_frontend\\android\\app\\build\\intermediates\\cxx\\refs\\react-native-worklets\\215t504n C:\\Users\\Sudharani-ITS130\\.gradle\\caches\\8.13\\transforms\\fac6add558499c819e05e7ff22763937\\transformed\\react-android-0.82.1-debug\\prefab D:\\DelPart\\delivery_partner_frontend\\android\\app\\build\\intermediates\\cxx\\refs\\react-native-reanimated\\4b296c6m C:\\Users\\Sudharani-ITS130\\.gradle\\caches\\8.13\\transforms\\cf04b25047d80213defd7e95f84ad8ab\\transformed\\hermes-android-0.82.1-debug\\prefab C:\\Users\\Sudharani-ITS130\\.gradle\\caches\\8.13\\transforms\\016da305a2456420da72e321f4a5996d\\transformed\\fbjni-0.7.0\\prefab
java_class_path (initial): C:\\Users\\Sudharani-ITS130\\.gradle\\caches\\modules-2\\files-2.1\\com.google.prefab\\cli\\2.1.0\\aa32fec809c44fa531f01dcfb739b5b3304d3050\\cli-2.1.0-all.jar
Launcher Type: SUN_STANDARD

[Global flags]
     intx CICompilerCount                          = 4                                         {product} {ergonomic}
     uint ConcGCThreads                            = 2                                         {product} {ergonomic}
     uint G1ConcRefinementThreads                  = 8                                         {product} {ergonomic}
   size_t G1HeapRegionSize                         = 2097152                                   {product} {ergonomic}
    uintx GCDrainStackTargetSize                   = 64                                        {product} {ergonomic}
   size_t InitialHeapSize                          = 260046848                                 {product} {ergonomic}
   size_t MarkStackSize                            = 4194304                                   {product} {ergonomic}
   size_t MaxHeapSize                              = 4137680896                                {product} {ergonomic}
   size_t MinHeapDeltaBytes                        = 2097152                                   {product} {ergonomic}
   size_t MinHeapSize                              = 8388608                                   {product} {ergonomic}
    uintx NonNMethodCodeHeapSize                   = 5839372                                {pd product} {ergonomic}
    uintx NonProfiledCodeHeapSize                  = 122909434                              {pd product} {ergonomic}
    uintx ProfiledCodeHeapSize                     = 122909434                              {pd product} {ergonomic}
    uintx ReservedCodeCacheSize                    = 251658240                              {pd product} {ergonomic}
     bool SegmentedCodeCache                       = true                                      {product} {ergonomic}
   size_t SoftMaxHeapSize                          = 4137680896                             {manageable} {ergonomic}
     bool UseCompressedClassPointers               = true                           {product lp64_product} {ergonomic}
     bool UseCompressedOops                        = true                           {product lp64_product} {ergonomic}
     bool UseG1GC                                  = true                                      {product} {ergonomic}
     bool UseLargePagesIndividualAllocation        = false                                  {pd product} {ergonomic}

Logging:
Log output configuration:
 #0: stdout all=warning uptime,level,tags
 #1: stderr all=off uptime,level,tags

Environment Variables:
JAVA_HOME=C:\Program Files\Microsoft\jdk-17.0.18.8-hotspot\
PATH=D:\DelPart\delivery_partner_frontend\node_modules\.bin;D:\DelPart\delivery_partner_frontend\node_modules\.bin;D:\DelPart\node_modules\.bin;D:\node_modules\.bin;C:\Program Files\nodejs\node_modules\npm\node_modules\@npmcli\run-script\lib\node-gyp-bin;%PATH%;C:\Users\Sudharani-ITS130\AppData\Local\Android\Sdk\platform-tools;C:\Users\Sudharani-ITS130\AppData\Local\Android\Sdk\emulator;C:\Users\Sudharani-ITS130\AppData\Local\Android\Sdk\platform-tools;C:\Users\Sudharani-ITS130\AppData\Local\Android\Sdk\emulator;;C:\WINDOWS\system32;C:\WINDOWS;C:\WINDOWS\System32\Wbem;C:\WINDOWS\System32\WindowsPowerShell\v1.0\;C:\WINDOWS\System32\OpenSSH\;C:\Program Files\Microsoft\jdk-17.0.18.8-hotspot\bin;C:\Python314\Scripts\;C:\Python314\;C:\Windows\system32;C:\Windows;C:\Windows\System32\Wbem;C:\Windows\System32\WindowsPowerShell\v1.0\;C:\Windows\System32\OpenSSH\;C:\Program Files\nodejs\;C:\ProgramData\chocolatey\bin;C:\Program Files\Git\cmd;C:\Users\Sudharani-ITS130\AppData\Local\Microsoft\WindowsApps;C:\Users\Sudharani-ITS130\AppData\Roaming\npm;C:\Users\Sudharani-ITS130\AppData\Local\Programs\Microsoft VS Code\bin;C:\Users\Sudharani-ITS130\AppData\Local\Microsoft\WindowsApps
USERNAME=Sudharani-ITS130
LANG=en_US.UTF-8
OS=Windows_NT
PROCESSOR_IDENTIFIER=Intel64 Family 6 Model 140 Stepping 1, GenuineIntel
TMP=C:\Users\SUDHAR~1\AppData\Local\Temp
TEMP=C:\Users\SUDHAR~1\AppData\Local\Temp



Periodic native trim disabled


---------------  S Y S T E M  ---------------

OS:
 Windows 11 , 64 bit Build 26100 (10.0.26100.9168)
OS uptime: 3 days 18:04 hours

CPU: total 8 (initial active 8) (4 cores per cpu, 2 threads per core) family 6 model 140 stepping 1 microcode 0xbe, cx8, cmov, fxsr, ht, mmx, 3dnowpref, sse, sse2, sse3, ssse3, sse4.1, sse4.2, popcnt, lzcnt, tsc, tscinvbit, avx, avx2, aes, erms, clmul, bmi1, bmi2, adx, avx512f, avx512dq, avx512cd, avx512bw, avx512vl, sha, fma, vzeroupper, avx512_vpopcntdq, avx512_vpclmulqdq, avx512_vaes, avx512_vnni, clflush, clflushopt, clwb, avx512_vbmi2, avx512_vbmi
Processor Information for the first 8 processors :
  Max Mhz: 1382, Current Mhz: 1382, Mhz Limit: 1382

Memory: 4k page, system-wide physical 15781M (212M free)
TotalPageFile size 40646M (AvailPageFile size 22M)
current process WorkingSet (physical memory assigned to process): 12M, peak: 12M
current process commit charge ("private bytes"): 15M, peak: 16M

vm_info: OpenJDK 64-Bit Server VM (17.0.18+8-LTS) for windows-amd64 JRE (17.0.18+8-LTS), built on Jan 15 2026 18:50:45 by "MicrosoftCorporation" with MS VC++ 17.14 (VS2022)

END.
